Component: ARM Compiler 5.06 update 7 (build 960) Tool: armlink [4d3601]

==============================================================================

Section Cross References

    main.o(i.main) refers to gd32f10x_misc.o(i.nvic_vector_table_set) for nvic_vector_table_set
    main.o(i.main) refers to usart.o(i.Usart0_Init) for Usart0_Init
    main.o(i.main) refers to hw_usart1.o(i.USART1_Init) for USART1_Init
    main.o(i.main) refers to at24c02.o(i.AT24C02_Init) for AT24C02_Init
    main.o(i.main) refers to usart.o(i.u0_printf) for u0_printf
    main.o(i.main) refers to os_port.o(i.OSAL_xTaskCreate) for OSAL_xTaskCreate
    main.o(i.main) refers to os_port.o(i.OSAL_vTaskStartScheduler) for OSAL_vTaskStartScheduler
    main.o(i.main) refers to main.o(.data) for OneNETTask_Handler
    main.o(i.main) refers to onenet_app.o(i.OneNET_Task) for OneNET_Task
    main.o(i.main) refers to task_wdt.o(i.WDT_Task) for WDT_Task
    main.o(i.main) refers to main.o(.conststring) for .conststring
    onenet_app.o(i.MQTT_BuildConnectPacket) refers to memcpya.o(.text) for __aeabi_memcpy
    onenet_app.o(i.MQTT_BuildConnectPacket) refers to onenet_app.o(.conststring) for .conststring
    onenet_app.o(i.MQTT_Login) refers to onenet_app.o(i.MQTT_BuildConnectPacket) for MQTT_BuildConnectPacket
    onenet_app.o(i.MQTT_Login) refers to usart.o(i.u0_printf) for u0_printf
    onenet_app.o(i.MQTT_Login) refers to printfa.o(i.__0sprintf) for __2sprintf
    onenet_app.o(i.MQTT_Login) refers to esp8266_at.o(i.ESP8266_SendCmd) for ESP8266_SendCmd
    onenet_app.o(i.MQTT_Login) refers to hw_usart1.o(i.USART1_SendData) for USART1_SendData
    onenet_app.o(i.MQTT_Login) refers to os_port.o(i.OSAL_QueueReceive) for OSAL_QueueReceive
    onenet_app.o(i.MQTT_Login) refers to onenet_app.o(.bss) for pkt
    onenet_app.o(i.MQTT_Login) refers to hw_usart1.o(.data) for WIFI_MsgQueue
    onenet_app.o(i.OneNET_HTTP_OTA_Process) refers to _scanf_str.o(.text) for _scanf_string
    onenet_app.o(i.OneNET_HTTP_OTA_Process) refers to _scanf_int.o(.text) for _scanf_int
    onenet_app.o(i.OneNET_HTTP_OTA_Process) refers to usart.o(i.u0_printf) for u0_printf
    onenet_app.o(i.OneNET_HTTP_OTA_Process) refers to printfa.o(i.__0sprintf) for __2sprintf
    onenet_app.o(i.OneNET_HTTP_OTA_Process) refers to esp8266_at.o(i.ESP8266_SendCmd) for ESP8266_SendCmd
    onenet_app.o(i.OneNET_HTTP_OTA_Process) refers to os_port.o(i.OSAL_QueueReceive) for OSAL_QueueReceive
    onenet_app.o(i.OneNET_HTTP_OTA_Process) refers to strlen.o(.text) for strlen
    onenet_app.o(i.OneNET_HTTP_OTA_Process) refers to hw_usart1.o(i.USART1_SendString) for USART1_SendString
    onenet_app.o(i.OneNET_HTTP_OTA_Process) refers to strstr.o(.text) for strstr
    onenet_app.o(i.OneNET_HTTP_OTA_Process) refers to __0sscanf.o(.text) for __0sscanf
    onenet_app.o(i.OneNET_HTTP_OTA_Process) refers to os_port.o(i.OSAL_DelayMs) for OSAL_DelayMs
    onenet_app.o(i.OneNET_HTTP_OTA_Process) refers to ota_fsm.o(i.OTA_FSM_ProcessPacket) for OTA_FSM_ProcessPacket
    onenet_app.o(i.OneNET_HTTP_OTA_Process) refers to task_wdt.o(.data) for g_ota_running
    onenet_app.o(i.OneNET_HTTP_OTA_Process) refers to onenet_app.o(.bss) for cmd
    onenet_app.o(i.OneNET_HTTP_OTA_Process) refers to hw_usart1.o(.data) for WIFI_MsgQueue
    onenet_app.o(i.OneNET_HTTP_OTA_Process) refers to onenet_app.o(.data) for MCU_VERSION_NOW
    onenet_app.o(i.OneNET_HTTP_OTA_Process) refers to onenet_app.o(.conststring) for .conststring
    onenet_app.o(i.OneNET_HTTP_OTA_Process) refers to memcpya.o(.text) for __aeabi_memcpy
    onenet_app.o(i.OneNET_HTTP_OTA_Process) refers to task_wdt.o(i.WDT_Set_Alive) for WDT_Set_Alive
    onenet_app.o(i.OneNET_MQTT_Publish) refers to strlen.o(.text) for strlen
    onenet_app.o(i.OneNET_MQTT_Publish) refers to memcpya.o(.text) for __aeabi_memcpy
    onenet_app.o(i.OneNET_MQTT_Publish) refers to printfa.o(i.__0sprintf) for __2sprintf
    onenet_app.o(i.OneNET_MQTT_Publish) refers to esp8266_at.o(i.ESP8266_SendCmd) for ESP8266_SendCmd
    onenet_app.o(i.OneNET_MQTT_Publish) refers to hw_usart1.o(i.USART1_SendData) for USART1_SendData
    onenet_app.o(i.OneNET_MQTT_Publish) refers to usart.o(i.u0_printf) for u0_printf
    onenet_app.o(i.OneNET_MQTT_Publish) refers to onenet_app.o(.bss) for pkt
    onenet_app.o(i.OneNET_MQTT_Subscribe) refers to strlen.o(.text) for strlen
    onenet_app.o(i.OneNET_MQTT_Subscribe) refers to memcpya.o(.text) for __aeabi_memcpy
    onenet_app.o(i.OneNET_MQTT_Subscribe) refers to printfa.o(i.__0sprintf) for __2sprintf
    onenet_app.o(i.OneNET_MQTT_Subscribe) refers to esp8266_at.o(i.ESP8266_SendCmd) for ESP8266_SendCmd
    onenet_app.o(i.OneNET_MQTT_Subscribe) refers to hw_usart1.o(i.USART1_SendData) for USART1_SendData
    onenet_app.o(i.OneNET_MQTT_Subscribe) refers to usart.o(i.u0_printf) for u0_printf
    onenet_app.o(i.OneNET_MQTT_Subscribe) refers to os_port.o(i.OSAL_DelayMs) for OSAL_DelayMs
[...]
    i.HW_I2C_Wait_Ack                        0x080054e8   Section        0  hw_i2c.o(i.HW_I2C_Wait_Ack)
    i.HW_IWDG_Feed                           0x0800554c   Section        0  hw_wdt.o(i.HW_IWDG_Feed)
    i.HW_IWDG_Init                           0x08005554   Section        0  hw_wdt.o(i.HW_IWDG_Init)
    i.HW_SPI0_CS_HIGH                        0x08005584   Section        0  hw_spi.o(i.HW_SPI0_CS_HIGH)
    i.HW_SPI0_CS_LOW                         0x08005594   Section        0  hw_spi.o(i.HW_SPI0_CS_LOW)
    i.HW_SPI0_Lock                           0x080055a4   Section        0  hw_spi.o(i.HW_SPI0_Lock)
    i.HW_SPI0_ReadWriteByte                  0x080055c0   Section        0  hw_spi.o(i.HW_SPI0_ReadWriteByte)
    i.HW_SPI0_Unlock                         0x080055f8   Section        0  hw_spi.o(i.HW_SPI0_Unlock)
    i.HardFault_Handler                      0x08005610   Section        0  gd32f10x_it.o(i.HardFault_Handler)
    i.MQTT_BuildConnectPacket                0x0800563c   Section        0  onenet_app.o(i.MQTT_BuildConnectPacket)
    MQTT_BuildConnectPacket                  0x0800563d   Thumb Code   302  onenet_app.o(i.MQTT_BuildConnectPacket)
    i.MQTT_Login                             0x08005780   Section        0  onenet_app.o(i.MQTT_Login)
    MQTT_Login                               0x08005781   Thumb Code   174  onenet_app.o(i.MQTT_Login)
    i.MemManage_Handler                      0x080058f0   Section        0  gd32f10x_it.o(i.MemManage_Handler)
    i.NMI_Handler                            0x080058f4   Section        0  gd32f10x_it.o(i.NMI_Handler)
    i.OSAL_DelayMs                           0x080058f6   Section        0  os_port.o(i.OSAL_DelayMs)
    i.OSAL_EnterCritical                     0x08005910   Section        0  os_port.o(i.OSAL_EnterCritical)
    i.OSAL_ExitCritical                      0x08005918   Section        0  os_port.o(i.OSAL_ExitCritical)
    i.OSAL_MutexCreate                       0x08005920   Section        0  os_port.o(i.OSAL_MutexCreate)
    i.OSAL_MutexGive                         0x0800592a   Section        0  os_port.o(i.OSAL_MutexGive)
    i.OSAL_MutexTake                         0x0800593e   Section        0  os_port.o(i.OSAL_MutexTake)
    i.OSAL_QueueCreate                       0x0800596c   Section        0  os_port.o(i.OSAL_QueueCreate)
    i.OSAL_QueueReceive                      0x0800597e   Section        0  os_port.o(i.OSAL_QueueReceive)
    i.OSAL_QueueSend                         0x080059b8   Section        0  os_port.o(i.OSAL_QueueSend)
    i.OSAL_QueueSendFromISR                  0x080059f4   Section        0  os_port.o(i.OSAL_QueueSendFromISR)
    i.OSAL_vTaskStartScheduler               0x08005a34   Section        0  os_port.o(i.OSAL_vTaskStartScheduler)
    i.OSAL_xTaskCreate                       0x08005a3c   Section        0  os_port.o(i.OSAL_xTaskCreate)
    i.OTA_FSM_Init                           0x08005a60   Section        0  ota_fsm.o(i.OTA_FSM_Init)
    i.OTA_FSM_ProcessPacket                  0x08005ab8   Section        0  ota_fsm.o(i.OTA_FSM_ProcessPacket)
    i.OTA_FSM_Register                       0x08005b80   Section        0  ota_fsm.o(i.OTA_FSM_Register)
    i.OTA_Logic_Install                      0x08005bf8   Section        0  ota_logic.o(i.OTA_Logic_Install)
    i.OneNET_HTTP_OTA_Process                0x08005c18   Section        0  onenet_app.o(i.OneNET_HTTP_OTA_Process)
    OneNET_HTTP_OTA_Process                  0x08005c19   Thumb Code  1870  onenet_app.o(i.OneNET_HTTP_OTA_Process)
    i.OneNET_MQTT_Publish                    0x08006434   Section        0  onenet_app.o(i.OneNET_MQTT_Publish)
    OneNET_MQTT_Publish                      0x08006435   Thumb Code   200  onenet_app.o(i.OneNET_MQTT_Publish)
    i.OneNET_MQTT_Subscribe                  0x08006560   Section        0  onenet_app.o(i.OneNET_MQTT_Subscribe)
    OneNET_MQTT_Subscribe                    0x08006561   Thumb Code   208  onenet_app.o(i.OneNET_MQTT_Subscribe)
    i.OneNET_TCP_Connect                     0x08006670   Section        0  onenet_app.o(i.OneNET_TCP_Connect)
    OneNET_TCP_Connect                       0x08006671   Thumb Code    34  onenet_app.o(i.OneNET_TCP_Connect)
    i.OneNET_Task                            0x080066cc   Section        0  onenet_app.o(i.OneNET_Task)
    i.SysTick_Handler                        0x08006bf8   Section        0  port.o(i.SysTick_Handler)
    i.SystemInit                             0x08006c2c   Section        0  system_gd32f10x.o(i.SystemInit)
    i.USART0_IRQHandler                      0x08006d00   Section        0  usart.o(i.USART0_IRQHandler)
    i.USART1_IRQHandler                      0x08006d90   Section        0  hw_usart1.o(i.USART1_IRQHandler)
    i.USART1_Init                            0x08006e6c   Section        0  hw_usart1.o(i.USART1_Init)
    i.USART1_SendData                        0x08006f0c   Section        0  hw_usart1.o(i.USART1_SendData)
    i.USART1_SendString                      0x08006f3c   Section        0  hw_usart1.o(i.USART1_SendString)
    i.UsageFault_Handler                     0x08006f68   Section        0  gd32f10x_it.o(i.UsageFault_Handler)
    i.Usart0_Init                            0x08006f6c   Section        0  usart.o(i.Usart0_Init)
    i.W25Q64_Enable                          0x0800701c   Section        0  w25q64.o(i.W25Q64_Enable)
    i.W25Q64_Erase64K                        0x08007036   Section        0  w25q64.o(i.W25Q64_Erase64K)
    i.W25Q64_PageWrite                       0x0800707a   Section        0  w25q64.o(i.W25Q64_PageWrite)
    i.W25Q64_WaitBusy                        0x080070ce   Section        0  w25q64.o(i.W25Q64_WaitBusy)
    i.WDT_Set_Alive                          0x08007104   Section        0  task_wdt.o(i.WDT_Set_Alive)
    i.WDT_Task                               0x08007120   Section        0  task_wdt.o(i.WDT_Task)
    i.WiFi_Connect                           0x0800722c   Section        0  onenet_app.o(i.WiFi_Connect)
    WiFi_Connect                             0x0800722d   Thumb Code   202  onenet_app.o(i.WiFi_Connect)
    i.__0snprintf                            0x08007430   Section        0  printfa.o(i.__0snprintf)
    i.__0sprintf                             0x08007464   Section        0  printfa.o(i.__0sprintf)
    i.__0vsnprintf                           0x0800748c   Section        0  printfa.o(i.__0vsnprintf)
    i.__scatterload_copy                     0x080074c0   Section       14  handlers.o(i.__scatterload_copy)
    i.__scatterload_null                     0x080074ce   Section        2  handlers.o(i.__scatterload_null)
    i.__scatterload_zeroinit                 0x080074d0   Section       14  handlers.o(i.__scatterload_zeroinit)
    i._fp_digits                             0x080074e0   Section        0  printfa.o(i._fp_digits)
    _fp_digits                               0x080074e1   Thumb Code   366  printfa.o(i._fp_digits)
    i._printf_core                           0x08007664   Section        0  printfa.o(i._printf_core)
    _printf_core                             0x08007665   Thumb Code  1704  printfa.o(i._printf_core)
    i._printf_post_padding                   0x08007d18   Section        0  printfa.o(i._printf_post_padding)
    _printf_post_padding                     0x08007d19   Thumb Code    36  printfa.o(i._printf_post_padding)
    i._printf_pre_padding                    0x08007d3c   Section        0  printfa.o(i._printf_pre_padding)
    _printf_pre_padding                      0x08007d3d   Thumb Code    46  printfa.o(i._printf_pre_padding)
    i._snputc                                0x08007d6a   Section        0  printfa.o(i._snputc)
    _snputc                                  0x08007d6b   Thumb Code    22  printfa.o(i._snputc)
    i._sputc                                 0x08007d80   Section        0  printfa.o(i._sputc)
    _sputc                                   0x08007d81   Thumb Code    10  printfa.o(i._sputc)
    i.dma_channel_disable                    0x08007d8a   Section        0  gd32f10x_dma.o(i.dma_channel_disable)
    i.dma_channel_enable                     0x08007dbc   Section        0  gd32f10x_dma.o(i.dma_channel_enable)
    i.dma_circulation_disable                0x08007dee   Section        0  gd32f10x_dma.o(i.dma_circulation_disable)
    i.dma_deinit                             0x08007e20   Section        0  gd32f10x_dma.o(i.dma_deinit)
    i.dma_init                               0x08007e90   Section        0  gd32f10x_dma.o(i.dma_init)
    i.dma_memory_address_config              0x08007fbe   Section        0  gd32f10x_dma.o(i.dma_memory_address_config)
    i.dma_periph_and_channel_check           0x08007fe4   Section        0  gd32f10x_dma.o(i.dma_periph_and_channel_check)
    dma_periph_and_channel_check             0x08007fe5   Thumb Code    18  gd32f10x_dma.o(i.dma_periph_and_channel_check)
    i.dma_transfer_number_config             0x08007ffc   Section        0  gd32f10x_dma.o(i.dma_transfer_number_config)
    i.dma_transfer_number_get                0x08008022   Section        0  gd32f10x_dma.o(i.dma_transfer_number_get)
    i.fwdgt_config                           0x08008044   Section        0  gd32f10x_fwdgt.o(i.fwdgt_config)
    i.fwdgt_counter_reload                   0x080080ac   Section        0  gd32f10x_fwdgt.o(i.fwdgt_counter_reload)
    i.fwdgt_enable                           0x080080bc   Section        0  gd32f10x_fwdgt.o(i.fwdgt_enable)
    i.fwdgt_write_enable                     0x080080cc   Section        0  gd32f10x_fwdgt.o(i.fwdgt_write_enable)
    i.gpio_bit_reset                         0x080080dc   Section        0  gd32f10x_gpio.o(i.gpio_bit_reset)
    i.gpio_bit_set                           0x080080e0   Section        0  gd32f10x_gpio.o(i.gpio_bit_set)
    i.gpio_init                              0x080080e4   Section        0  gd32f10x_gpio.o(i.gpio_init)
    i.gpio_input_bit_get                     0x08008190   Section        0  gd32f10x_gpio.o(i.gpio_input_bit_get)
    i.main                                   0x080081a0   Section        0  main.o(i.main)
    i.nvic_irq_enable                        0x08008310   Section        0  gd32f10x_misc.o(i.nvic_irq_enable)
    i.nvic_priority_group_set                0x080083bc   Section        0  gd32f10x_misc.o(i.nvic_priority_group_set)
    i.nvic_vector_table_set                  0x080083d0   Section        0  gd32f10x_misc.o(i.nvic_vector_table_set)
    i.prvAddCurrentTaskToDelayedList         0x080083e8   Section        0  tasks.o(i.prvAddCurrentTaskToDelayedList)
    prvAddCurrentTaskToDelayedList           0x080083e9   Thumb Code   164  tasks.o(i.prvAddCurrentTaskToDelayedList)
    i.prvAddNewTaskToReadyList               0x080084a8   Section        0  tasks.o(i.prvAddNewTaskToReadyList)
    prvAddNewTaskToReadyList                 0x080084a9   Thumb Code   200  tasks.o(i.prvAddNewTaskToReadyList)
    i.prvCheckTasksWaitingTermination        0x0800858c   Section        0  tasks.o(i.prvCheckTasksWaitingTermination)
    prvCheckTasksWaitingTermination          0x0800858d   Thumb Code    60  tasks.o(i.prvCheckTasksWaitingTermination)
    i.prvCopyDataFromQueue                   0x080085d4   Section        0  queue.o(i.prvCopyDataFromQueue)
    prvCopyDataFromQueue                     0x080085d5   Thumb Code    42  queue.o(i.prvCopyDataFromQueue)
    i.prvCopyDataToQueue                     0x080085fe   Section        0  queue.o(i.prvCopyDataToQueue)
    prvCopyDataToQueue                       0x080085ff   Thumb Code   126  queue.o(i.prvCopyDataToQueue)
    i.prvDeleteTCB                           0x0800867c   Section        0  tasks.o(i.prvDeleteTCB)
    prvDeleteTCB                             0x0800867d   Thumb Code    18  tasks.o(i.prvDeleteTCB)
    i.prvGetDisinheritPriorityAfterTimeout   0x0800868e   Section        0  queue.o(i.prvGetDisinheritPriorityAfterTimeout)
    prvGetDisinheritPriorityAfterTimeout     0x0800868f   Thumb Code    20  queue.o(i.prvGetDisinheritPriorityAfterTimeout)
    i.prvHeapInit                            0x080086a4   Section        0  heap_4.o(i.prvHeapInit)
    prvHeapInit                              0x080086a5   Thumb Code    90  heap_4.o(i.prvHeapInit)
    i.prvIdleTask                            0x08008714   Section        0  tasks.o(i.prvIdleTask)
    prvIdleTask                              0x08008715   Thumb Code    32  tasks.o(i.prvIdleTask)
    i.prvInitialiseMutex                     0x0800873c   Section        0  queue.o(i.prvInitialiseMutex)
    prvInitialiseMutex                       0x0800873d   Thumb Code    30  queue.o(i.prvInitialiseMutex)
    i.prvInitialiseNewQueue                  0x0800875a   Section        0  queue.o(i.prvInitialiseNewQueue)
    prvInitialiseNewQueue                    0x0800875b   Thumb Code    38  queue.o(i.prvInitialiseNewQueue)
    i.prvInitialiseNewTask                   0x08008780   Section        0  tasks.o(i.prvInitialiseNewTask)
    prvInitialiseNewTask                     0x08008781   Thumb Code   134  tasks.o(i.prvInitialiseNewTask)
    i.prvInitialiseTaskLists                 0x08008808   Section        0  tasks.o(i.prvInitialiseTaskLists)
    prvInitialiseTaskLists                   0x08008809   Thumb Code    70  tasks.o(i.prvInitialiseTaskLists)
    i.prvInsertBlockIntoFreeList             0x08008870   Section        0  heap_4.o(i.prvInsertBlockIntoFreeList)
    prvInsertBlockIntoFreeList               0x08008871   Thumb Code    96  heap_4.o(i.prvInsertBlockIntoFreeList)
    i.prvIsQueueEmpty                        0x080088d8   Section        0  queue.o(i.prvIsQueueEmpty)
    prvIsQueueEmpty                          0x080088d9   Thumb Code    26  queue.o(i.prvIsQueueEmpty)
    i.prvIsQueueFull                         0x080088f2   Section        0  queue.o(i.prvIsQueueFull)
    prvIsQueueFull                           0x080088f3   Thumb Code    30  queue.o(i.prvIsQueueFull)
    i.prvResetNextTaskUnblockTime            0x08008910   Section        0  tasks.o(i.prvResetNextTaskUnblockTime)
    prvResetNextTaskUnblockTime              0x08008911   Thumb Code    40  tasks.o(i.prvResetNextTaskUnblockTime)
    i.prvTaskExitError                       0x08008940   Section        0  port.o(i.prvTaskExitError)
    prvTaskExitError                         0x08008941   Thumb Code    22  port.o(i.prvTaskExitError)
    i.prvUnlockQueue                         0x08008956   Section        0  queue.o(i.prvUnlockQueue)
    prvUnlockQueue                           0x08008957   Thumb Code   126  queue.o(i.prvUnlockQueue)
    i.pvPortMalloc                           0x080089d4   Section        0  heap_4.o(i.pvPortMalloc)
    i.pvTaskIncrementMutexHeldCount          0x08008ab8   Section        0  tasks.o(i.pvTaskIncrementMutexHeldCount)
    i.pxPortInitialiseStack                  0x08008ad8   Section        0  port.o(i.pxPortInitialiseStack)
    i.rcu_clock_freq_get                     0x08008afc   Section        0  gd32f10x_rcu.o(i.rcu_clock_freq_get)
    i.rcu_flag_get                           0x08008c20   Section        0  gd32f10x_rcu.o(i.rcu_flag_get)
    i.rcu_osci_on                            0x08008c44   Section        0  gd32f10x_rcu.o(i.rcu_osci_on)
    i.rcu_osci_stab_wait                     0x08008c64   Section        0  gd32f10x_rcu.o(i.rcu_osci_stab_wait)
    i.rcu_periph_clock_enable                0x08008d44   Section        0  gd32f10x_rcu.o(i.rcu_periph_clock_enable)
    i.rcu_periph_reset_disable               0x08008d64   Section        0  gd32f10x_rcu.o(i.rcu_periph_reset_disable)
    i.rcu_periph_reset_enable                0x08008d84   Section        0  gd32f10x_rcu.o(i.rcu_periph_reset_enable)
    i.spi_i2s_data_receive                   0x08008da4   Section        0  gd32f10x_spi.o(i.spi_i2s_data_receive)
    i.spi_i2s_data_transmit                  0x08008dac   Section        0  gd32f10x_spi.o(i.spi_i2s_data_transmit)
    i.spi_i2s_flag_get                       0x08008db0   Section        0  gd32f10x_spi.o(i.spi_i2s_flag_get)
    i.system_clock_108m_hxtal                0x08008dc0   Section        0  system_gd32f10x.o(i.system_clock_108m_hxtal)
    system_clock_108m_hxtal                  0x08008dc1   Thumb Code   182  system_gd32f10x.o(i.system_clock_108m_hxtal)
    i.system_clock_config                    0x08008e84   Section        0  system_gd32f10x.o(i.system_clock_config)
    system_clock_config                      0x08008e85   Thumb Code     8  system_gd32f10x.o(i.system_clock_config)
    i.u0_printf                              0x08008e8c   Section        0  usart.o(i.u0_printf)
    i.usart_baudrate_set                     0x08008f10   Section        0  gd32f10x_usart.o(i.usart_baudrate_set)
    i.usart_data_receive                     0x08008fa0   Section        0  gd32f10x_usart.o(i.usart_data_receive)
    i.usart_data_transmit                    0x08008faa   Section        0  gd32f10x_usart.o(i.usart_data_transmit)
    i.usart_deinit                           0x08008fb4   Section        0  gd32f10x_usart.o(i.usart_deinit)
    i.usart_dma_receive_config               0x08009044   Section        0  gd32f10x_usart.o(i.usart_dma_receive_config)
    i.usart_enable                           0x08009054   Section        0  gd32f10x_usart.o(i.usart_enable)
    i.usart_flag_get                         0x0800905e   Section        0  gd32f10x_usart.o(i.usart_flag_get)
    i.usart_interrupt_enable                 0x0800907c   Section        0  gd32f10x_usart.o(i.usart_interrupt_enable)
    i.usart_interrupt_flag_get               0x08009096   Section        0  gd32f10x_usart.o(i.usart_interrupt_flag_get)
    i.usart_parity_config                    0x080090ce   Section        0  gd32f10x_usart.o(i.usart_parity_config)
    i.usart_receive_config                   0x080090de   Section        0  gd32f10x_usart.o(i.usart_receive_config)
    i.usart_stop_bit_set                     0x080090ee   Section        0  gd32f10x_usart.o(i.usart_stop_bit_set)
    i.usart_transmit_config                  0x080090fe   Section        0  gd32f10x_usart.o(i.usart_transmit_config)
    i.usart_word_length_set                  0x0800910e   Section        0  gd32f10x_usart.o(i.usart_word_length_set)
    i.uxListRemove                           0x0800911e   Section        0  list.o(i.uxListRemove)
    i.uxTaskGetNumberOfTasks                 0x08009148   Section        0  tasks.o(i.uxTaskGetNumberOfTasks)
    i.vListInitialise                        0x08009154   Section        0  list.o(i.vListInitialise)
    i.vListInitialiseItem                    0x0800916e   Section        0  list.o(i.vListInitialiseItem)
    i.vListInsert                            0x08009174   Section        0  list.o(i.vListInsert)
    i.vPortEnterCritical                     0x080091a8   Section        0  port.o(i.vPortEnterCritical)
    i.vPortExitCritical                      0x080091cc   Section        0  port.o(i.vPortExitCritical)
    i.vPortFree                              0x080091ec   Section        0  heap_4.o(i.vPortFree)
    i.vPortSetupTimerInterrupt               0x08009238   Section        0  port.o(i.vPortSetupTimerInterrupt)
    i.vTaskDelay                             0x08009250   Section        0  tasks.o(i.vTaskDelay)
    i.vTaskInternalSetTimeOutState           0x08009284   Section        0  tasks.o(i.vTaskInternalSetTimeOutState)
    i.vTaskMissedYield                       0x0800929c   Section        0  tasks.o(i.vTaskMissedYield)
    i.vTaskPlaceOnEventList                  0x080092a8   Section        0  tasks.o(i.vTaskPlaceOnEventList)
    i.vTaskPriorityDisinheritAfterTimeout    0x080092c8   Section        0  tasks.o(i.vTaskPriorityDisinheritAfterTimeout)
    i.vTaskStartScheduler                    0x0800939c   Section        0  tasks.o(i.vTaskStartScheduler)
    i.vTaskSuspendAll                        0x08009408   Section        0  tasks.o(i.vTaskSuspendAll)
    i.vTaskSwitchContext                     0x08009418   Section        0  tasks.o(i.vTaskSwitchContext)
    i.xPortStartScheduler                    0x08009478   Section        0  port.o(i.xPortStartScheduler)
    i.xQueueCreateMutex                      0x080094ac   Section        0  queue.o(i.xQueueCreateMutex)
    i.xQueueGenericCreate                    0x080094ce   Section        0  queue.o(i.xQueueGenericCreate)
    i.xQueueGenericReset                     0x0800951c   Section        0  queue.o(i.xQueueGenericReset)
    i.xQueueGenericSend                      0x080095bc   Section        0  queue.o(i.xQueueGenericSend)
    i.xQueueGenericSendFromISR               0x080096d4   Section        0  queue.o(i.xQueueGenericSendFromISR)
    i.xQueueReceive                          0x0800976c   Section        0  queue.o(i.xQueueReceive)
    i.xQueueSemaphoreTake                    0x08009870   Section        0  queue.o(i.xQueueSemaphoreTake)
    i.xTaskCheckForTimeOut                   0x080099a0   Section        0  tasks.o(i.xTaskCheckForTimeOut)
    i.xTaskCreate                            0x08009a00   Section        0  tasks.o(i.xTaskCreate)
    i.xTaskIncrementTick                     0x08009a68   Section        0  tasks.o(i.xTaskIncrementTick)
    i.xTaskPriorityDisinherit                0x08009bf8   Section        0  tasks.o(i.xTaskPriorityDisinherit)
    i.xTaskPriorityInherit                   0x08009ca4   Section        0  tasks.o(i.xTaskPriorityInherit)
    i.xTaskRemoveFromEventList               0x08009d90   Section        0  tasks.o(i.xTaskRemoveFromEventList)
    i.xTaskResumeAll                         0x08009e98   Section        0  tasks.o(i.xTaskResumeAll)
    .constdata                               0x08009ff4   Section       64  ctype_c.o(.constdata)
    .conststring                             0x0800a034   Section       92  main.o(.conststring)
    .conststring                             0x0800a090   Section      717  onenet_app.o(.conststring)
    .data                                    0x20000000   Section        8  main.o(.data)
    .data                                    0x20000008   Section        4  onenet_app.o(.data)
    .data                                    0x2000000c   Section        5  task_wdt.o(.data)
    g_task_alive_flags                       0x2000000c   Data           4  task_wdt.o(.data)
    .data                                    0x20000014   Section        4  usart.o(.data)
    printf_mutex                             0x20000014   Data           4  usart.o(.data)
    .data                                    0x20000018   Section        4  hw_spi.o(.data)
    spi0_mutex                               0x20000018   Data           4  hw_spi.o(.data)
    .data                                    0x2000001c   Section        6  hw_usart1.o(.data)
    s_rx_idx                                 0x20000020   Data           2  hw_usart1.o(.data)
    .data                                    0x20000024   Section       64  tasks.o(.data)
    pxDelayedTaskList                        0x20000028   Data           4  tasks.o(.data)
    pxOverflowDelayedTaskList                0x2000002c   Data           4  tasks.o(.data)
    uxDeletedTasksWaitingCleanUp             0x20000030   Data           4  tasks.o(.data)
    uxCurrentNumberOfTasks                   0x20000034   Data           4  tasks.o(.data)
    xTickCount                               0x20000038   Data           4  tasks.o(.data)
    uxTopReadyPriority                       0x2000003c   Data           4  tasks.o(.data)
    xSchedulerRunning                        0x20000040   Data           4  tasks.o(.data)
    xPendedTicks                             0x20000044   Data           4  tasks.o(.data)
    xYieldPending                            0x20000048   Data           4  tasks.o(.data)
    xNumOfOverflows                          0x2000004c   Data           4  tasks.o(.data)
    uxTaskNumber                             0x20000050   Data           4  tasks.o(.data)
    xNextTaskUnblockTime                     0x20000054   Data           4  tasks.o(.data)
    xIdleTaskHandle                          0x20000058   Data           4  tasks.o(.data)
    uxSchedulerSuspended                     0x20000060   Data           4  tasks.o(.data)
    .data                                    0x20000064   Section       28  heap_4.o(.data)
    xStart                                   0x20000064   Data           8  heap_4.o(.data)
    pxEnd                                    0x2000006c   Data           4  heap_4.o(.data)
    xFreeBytesRemaining                      0x20000070   Data           4  heap_4.o(.data)
    xMinimumEverFreeBytesRemaining           0x20000074   Data           4  heap_4.o(.data)
    xNumberOfSuccessfulAllocations           0x20000078   Data           4  heap_4.o(.data)
    xNumberOfSuccessfulFrees                 0x2000007c   Data           4  heap_4.o(.data)
    .data                                    0x20000080   Section        4  port.o(.data)
    uxCriticalNesting                        0x20000080   Data           4  port.o(.data)
    .data                                    0x20000084   Section        1  ota_fsm.o(.data)
    m_fsm_count                              0x20000084   Data           1  ota_fsm.o(.data)
    .bss                                     0x20000088   Section     2338  onenet_app.o(.bss)
    rx_pkt                                   0x20000088   Data         514  onenet_app.o(.bss)
    pkt                                      0x2000028a   Data         512  onenet_app.o(.bss)
    cmd                                      0x2000048a   Data         512  onenet_app.o(.bss)
    ota_tid                                  0x2000068a   Data          32  onenet_app.o(.bss)
    pkt                                      0x200006aa   Data         256  onenet_app.o(.bss)
    pkt                                      0x200007aa   Data         512  onenet_app.o(.bss)
    .bss                                     0x200009aa   Section      768  usart.o(.bss)
    .bss                                     0x20000caa   Section      514  hw_usart1.o(.bss)
    s_rx_buf                                 0x20000caa   Data         514  hw_usart1.o(.bss)
    .bss                                     0x20000eac   Section      200  tasks.o(.bss)
    pxReadyTasksLists                        0x20000eac   Data         100  tasks.o(.bss)
    xDelayedTaskList1                        0x20000f10   Data          20  tasks.o(.bss)
    xDelayedTaskList2                        0x20000f24   Data          20  tasks.o(.bss)
    xPendingReadyList                        0x20000f38   Data          20  tasks.o(.bss)
    xTasksWaitingTermination                 0x20000f4c   Data          20  tasks.o(.bss)
    xSuspendedTaskList                       0x20000f60   Data          20  tasks.o(.bss)
    .bss                                     0x20000f74   Section    12288  heap_4.o(.bss)
    ucHeap                                   0x20000f74   Data       12288  heap_4.o(.bss)
    .bss                                     0x20003f74   Section      514  esp8266_at.o(.bss)
    local_rx                                 0x20003f74   Data         514  esp8266_at.o(.bss)
    .bss                                     0x20004178   Section      440  ota_fsm.o(.bss)
    m_fsm_list                               0x20004290   Data         160  ota_fsm.o(.bss)
    STACK                                    0x20004330   Section     1024  startup_gd32f10x_md.o(STACK)

    Global Symbols

    Symbol Name                              Value     Ov Type        Size  Object(Section)

    BuildAttributes$$THM_ISAv4$P$D$K$B$S$PE$A:L22UL41UL21$X:L11$S22US41US21$IEEE1$IW$USESV6$~STKCKD$USESV7$~SHL$OSPACE$ROPI$EBA8$MICROLIB$REQ8$PRES8$EABIv2 0x00000000   Number         0  anon$$obj.o ABSOLUTE
    __ARM_use_no_argv                        0x00000000   Number         0  main.o ABSOLUTE
    _printf_a                                0x00000000   Number         0  stubs.o ABSOLUTE
    _printf_c                                0x00000000   Number         0  stubs.o ABSOLUTE
    _printf_charcount                        0x00000000   Number         0  stubs.o ABSOLUTE
    _printf_d                                0x00000000   Number         0  stubs.o ABSOLUTE
    _printf_e                                0x00000000   Number         0  stubs.o ABSOLUTE
    _printf_f                                0x00000000   Number         0  stubs.o ABSOLUTE
    _printf_flags                            0x00000000   Number         0  stubs.o ABSOLUTE
    _printf_fp_dec                           0x00000000   Number         0  stubs.o ABSOLUTE
    _printf_fp_hex                           0x00000000   Number         0  stubs.o ABSOLUTE
    _printf_g                                0x00000000   Number         0  stubs.o ABSOLUTE
    _printf_i                                0x00000000   Number         0  stubs.o ABSOLUTE
    _printf_int_dec                          0x00000000   Number         0  stubs.o ABSOLUTE
    _printf_l                                0x00000000   Number         0  stubs.o ABSOLUTE
    _printf_lc                               0x00000000   Number         0  stubs.o ABSOLUTE
    _printf_ll                               0x00000000   Number         0  stubs.o ABSOLUTE
    _printf_lld                              0x00000000   Number         0  stubs.o ABSOLUTE
    _printf_lli                              0x00000000   Number         0  stubs.o ABSOLUTE
    _printf_llo                              0x00000000   Number         0  stubs.o ABSOLUTE
    _printf_llu                              0x00000000   Number         0  stubs.o ABSOLUTE
    _printf_llx                              0x00000000   Number         0  stubs.o ABSOLUTE
    _printf_longlong_dec                     0x00000000   Number         0  stubs.o ABSOLUTE
    _printf_longlong_hex                     0x00000000   Number         0  stubs.o ABSOLUTE
    _printf_longlong_oct                     0x00000000   Number         0  stubs.o ABSOLUTE
    _printf_ls                               0x00000000   Number         0  stubs.o ABSOLUTE
    _printf_mbtowc                           0x00000000   Number         0  stubs.o ABSOLUTE
    _printf_n                                0x00000000   Number         0  stubs.o ABSOLUTE
    _printf_o                                0x00000000   Number         0  stubs.o ABSOLUTE
    _printf_p                                0x00000000   Number         0  stubs.o ABSOLUTE
    _printf_percent                          0x00000000   Number         0  stubs.o ABSOLUTE
    _printf_pre_padding                      0x00000000   Number         0  stubs.o ABSOLUTE
    _printf_return_value                     0x00000000   Number         0  stubs.o ABSOLUTE
    _printf_s                                0x00000000   Number         0  stubs.o ABSOLUTE
    _printf_sizespec                         0x00000000   Number         0  stubs.o ABSOLUTE
    _printf_str                              0x00000000   Number         0  stubs.o ABSOLUTE
    _printf_truncate_signed                  0x00000000   Number         0  stubs.o ABSOLUTE
    _printf_truncate_unsigned                0x00000000   Number         0  stubs.o ABSOLUTE
    _printf_u                                0x00000000   Number         0  stubs.o ABSOLUTE
    _printf_wc                               0x00000000   Number         0  stubs.o ABSOLUTE
    _printf_wctomb                           0x00000000   Number         0  stubs.o ABSOLUTE
    _printf_widthprec                        0x00000000   Number         0  stubs.o ABSOLUTE
    _printf_x                                0x00000000   Number         0  stubs.o ABSOLUTE
    __arm_fini_                               - Undefined Weak Reference
    __cpp_initialize__aeabi_                  - Undefined Weak Reference
    __cxa_finalize                            - Undefined Weak Reference
    __decompress                              - Undefined Weak Reference
    _clock_init                               - Undefined Weak Reference
    _microlib_exit                            - Undefined Weak Reference
    _scanf_longlong                           - Undefined Weak Reference
    _scanf_real                               - Undefined Weak Reference
    __Vectors_Size                           0x00000104   Number         0  startup_gd32f10x_md.o ABSOLUTE
    __Vectors                                0x08004000   Data           4  startup_gd32f10x_md.o(RESET)
    __Vectors_End                            0x08004104   Data           0  startup_gd32f10x_md.o(RESET)
    __main                                   0x08004105   Thumb Code     0  entry.o(.ARM.Collect$$$$00000000)
    _main_stk                                0x08004105   Thumb Code     0  entry2.o(.ARM.Collect$$$$00000001)
    _main_scatterload                        0x08004109   Thumb Code     0  entry5.o(.ARM.Collect$$$$00000004)
    __main_after_scatterload                 0x0800410d   Thumb Code     0  entry5.o(.ARM.Collect$$$$00000004)
    _main_clock                              0x0800410d   Thumb Code     0  entry7b.o(.ARM.Collect$$$$00000008)
    _main_cpp_init                           0x0800410d   Thumb Code     0  entry8b.o(.ARM.Collect$$$$0000000A)
    _main_init                               0x0800410d   Thumb Code     0  entry9a.o(.ARM.Collect$$$$0000000B)
    __rt_lib_shutdown_fini                   0x08004115   Thumb Code     0  entry12b.o(.ARM.Collect$$$$0000000E)
    __rt_final_cpp                           0x08004119   Thumb Code     0  entry10a.o(.ARM.Collect$$$$0000000F)
    __rt_final_exit                          0x08004119   Thumb Code     0  entry11a.o(.ARM.Collect$$$$00000011)
    SVC_Handler                              0x0800411d   Thumb Code    32  port.o(.emb_text)
    __asm___6_port_c_39a90d8d__prvStartFirstTask 0x08004141   Thumb Code    28  port.o(.emb_text)
    PendSV_Handler                           0x08004161   Thumb Code    72  port.o(.emb_text)
    vPortGetIPSR                             0x080041ad   Thumb Code     6  port.o(.emb_text)
    Reset_Handler                            0x080041b5   Thumb Code     8  startup_gd32f10x_md.o(.text)
    ADC0_1_IRQHandler                        0x080041cf   Thumb Code     0  startup_gd32f10x_md.o(.text)
    CAN0_EWMC_IRQHandler                     0x080041cf   Thumb Code     0  startup_gd32f10x_md.o(.text)
    CAN0_RX1_IRQHandler                      0x080041cf   Thumb Code     0  startup_gd32f10x_md.o(.text)
    DMA0_Channel0_IRQHandler                 0x080041cf   Thumb Code     0  startup_gd32f10x_md.o(.text)
    DMA0_Channel1_IRQHandler                 0x080041cf   Thumb Code     0  startup_gd32f10x_md.o(.text)
    DMA0_Channel2_IRQHandler                 0x080041cf   Thumb Code     0  startup_gd32f10x_md.o(.text)
    DMA0_Channel3_IRQHandler                 0x080041cf   Thumb Code     0  startup_gd32f10x_md.o(.text)
    DMA0_Channel4_IRQHandler                 0x080041cf   Thumb Code     0  startup_gd32f10x_md.o(.text)
    DMA0_Channel5_IRQHandler                 0x080041cf   Thumb Code     0  startup_gd32f10x_md.o(.text)
    DMA0_Channel6_IRQHandler                 0x080041cf   Thumb Code     0  startup_gd32f10x_md.o(.text)
    EXMC_IRQHandler                          0x080041cf   Thumb Code     0  startup_gd32f10x_md.o(.text)
    EXTI0_IRQHandler                         0x080041cf   Thumb Code     0  startup_gd32f10x_md.o(.text)
    EXTI10_15_IRQHandler                     0x080041cf   Thumb Code     0  startup_gd32f10x_md.o(.text)
    EXTI1_IRQHandler                         0x080041cf   Thumb Code     0  startup_gd32f10x_md.o(.text)
    EXTI2_IRQHandler                         0x080041cf   Thumb Code     0  startup_gd32f10x_md.o(.text)
    EXTI3_IRQHandler                         0x080041cf   Thumb Code     0  startup_gd32f10x_md.o(.text)
    EXTI4_IRQHandler                         0x080041cf   Thumb Code     0  startup_gd32f10x_md.o(.text)
    EXTI5_9_IRQHandler                       0x080041cf   Thumb Code     0  startup_gd32f10x_md.o(.text)
    FMC_IRQHandler                           0x080041cf   Thumb Code     0  startup_gd32f10x_md.o(.text)
    I2C0_ER_IRQHandler                       0x080041cf   Thumb Code     0  startup_gd32f10x_md.o(.text)
    I2C0_EV_IRQHandler                       0x080041cf   Thumb Code     0  startup_gd32f10x_md.o(.text)
    I2C1_ER_IRQHandler                       0x080041cf   Thumb Code     0  startup_gd32f10x_md.o(.text)
    I2C1_EV_IRQHandler                       0x080041cf   Thumb Code     0  startup_gd32f10x_md.o(.text)
    LVD_IRQHandler                           0x080041cf   Thumb Code     0  startup_gd32f10x_md.o(.text)
    RCU_IRQHandler                           0x080041cf   Thumb Code     0  startup_gd32f10x_md.o(.text)
    RTC_Alarm_IRQHandler                     0x080041cf   Thumb Code     0  startup_gd32f10x_md.o(.text)
    RTC_IRQHandler                           0x080041cf   Thumb Code     0  startup_gd32f10x_md.o(.text)
    SPI0_IRQHandler                          0x080041cf   Thumb Code     0  startup_gd32f10x_md.o(.text)
    SPI1_IRQHandler                          0x080041cf   Thumb Code     0  startup_gd32f10x_md.o(.text)
    TAMPER_IRQHandler                        0x080041cf   Thumb Code     0  startup_gd32f10x_md.o(.text)
    TIMER0_BRK_IRQHandler                    0x080041cf   Thumb Code     0  startup_gd32f10x_md.o(.text)
    TIMER0_Channel_IRQHandler                0x080041cf   Thumb Code     0  startup_gd32f10x_md.o(.text)
    TIMER0_TRG_CMT_IRQHandler                0x080041cf   Thumb Code     0  startup_gd32f10x_md.o(.text)
    TIMER0_UP_IRQHandler                     0x080041cf   Thumb Code     0  startup_gd32f10x_md.o(.text)
    TIMER1_IRQHandler                        0x080041cf   Thumb Code     0  startup_gd32f10x_md.o(.text)
    TIMER2_IRQHandler                        0x080041cf   Thumb Code     0  startup_gd32f10x_md.o(.text)
    TIMER3_IRQHandler                        0x080041cf   Thumb Code     0  startup_gd32f10x_md.o(.text)
    USART2_IRQHandler                        0x080041cf   Thumb Code     0  startup_gd32f10x_md.o(.text)
    USBD_HP_CAN0_TX_IRQHandler               0x080041cf   Thumb Code     0  startup_gd32f10x_md.o(.text)
    USBD_LP_CAN0_RX0_IRQHandler              0x080041cf   Thumb Code     0  startup_gd32f10x_md.o(.text)
    USBD_WKUP_IRQHandler                     0x080041cf   Thumb Code     0  startup_gd32f10x_md.o(.text)
    WWDGT_IRQHandler                         0x080041cf   Thumb Code     0  startup_gd32f10x_md.o(.text)
    __aeabi_memcpy                           0x080041d9   Thumb Code    36  memcpya.o(.text)
    __aeabi_memcpy4                          0x080041d9   Thumb Code     0  memcpya.o(.text)
    __aeabi_memcpy8                          0x080041d9   Thumb Code     0  memcpya.o(.text)
    __aeabi_memset                           0x080041fd   Thumb Code    14  memseta.o(.text)
    __aeabi_memset4                          0x080041fd   Thumb Code     0  memseta.o(.text)
    __aeabi_memset8                          0x080041fd   Thumb Code     0  memseta.o(.text)
    __aeabi_memclr                           0x0800420b   Thumb Code     4  memseta.o(.text)
    __aeabi_memclr4                          0x0800420b   Thumb Code     0  memseta.o(.text)
    __aeabi_memclr8                          0x0800420b   Thumb Code     0  memseta.o(.text)
    _memset$wrapper                          0x0800420f   Thumb Code    18  memseta.o(.text)
    strstr                                   0x08004221   Thumb Code    36  strstr.o(.text)
    strlen                                   0x08004245   Thumb Code    14  strlen.o(.text)
    __0sscanf                                0x08004255   Thumb Code    48  __0sscanf.o(.text)
    _scanf_int                               0x0800428d   Thumb Code   332  _scanf_int.o(.text)
    _scanf_string                            0x080043d9   Thumb Code   224  _scanf_str.o(.text)
    __aeabi_uidiv                            0x080044b9   Thumb Code     0  uidiv.o(.text)
    __aeabi_uidivmod                         0x080044b9   Thumb Code    44  uidiv.o(.text)
    __aeabi_uldivmod                         0x080044e5   Thumb Code    98  uldiv.o(.text)
    _chval                                   0x08004547   Thumb Code    28  _chval.o(.text)
    __vfscanf_char                           0x08004571   Thumb Code    20  scanf_char.o(.text)
    _sgetc                                   0x0800458d   Thumb Code    30  _sgetc.o(.text)
    _sbackspace                              0x080045ab   Thumb Code    34  _sgetc.o(.text)
    __I$use$fp                               0x080045cd   Thumb Code     0  iusefp.o(.text)
    __aeabi_dadd                             0x080045cd   Thumb Code   322  dadd.o(.text)
    __aeabi_dsub                             0x0800470f   Thumb Code     6  dadd.o(.text)
    __aeabi_drsub                            0x08004715   Thumb Code     6  dadd.o(.text)
    __aeabi_dmul                             0x0800471b   Thumb Code   228  dmul.o(.text)
    __aeabi_ddiv                             0x080047ff   Thumb Code   222  ddiv.o(.text)
    __aeabi_d2ulz                            0x080048dd   Thumb Code    48  dfixul.o(.text)
    __aeabi_cdrcmple                         0x0800490d   Thumb Code    48  cdrcmple.o(.text)
    __scatterload                            0x0800493d   Thumb Code    28  init.o(.text)
    __scatterload_rt2                        0x0800493d   Thumb Code     0  init.o(.text)
    __aeabi_llsl                             0x08004961   Thumb Code    30  llshl.o(.text)
    _ll_shift_l                              0x08004961   Thumb Code     0  llshl.o(.text)
    __aeabi_llsr                             0x0800497f   Thumb Code    32  llushr.o(.text)
    _ll_ushift_r                             0x0800497f   Thumb Code     0  llushr.o(.text)
    __aeabi_lasr                             0x0800499f   Thumb Code    36  llsshr.o(.text)
    _ll_sshift_r                             0x0800499f   Thumb Code     0  llsshr.o(.text)
    isspace                                  0x080049c3   Thumb Code    10  isspace_c.o(.text)
    __vfscanf                                0x080049cd   Thumb Code   810  _scanf.o(.text)
    _double_round                            0x08004cfd   Thumb Code    30  depilogue.o(.text)
    _double_epilogue                         0x08004d1b   Thumb Code   156  depilogue.o(.text)
    __ctype_lookup                           0x08004db9   Thumb Code    34  ctype_c.o(.text)
    AT24C02_Init                             0x08004de1   Thumb Code    10  at24c02.o(i.AT24C02_Init)
    AT24C02_ReadData                         0x08004deb   Thumb Code   108  at24c02.o(i.AT24C02_ReadData)
    AT24C02_WriteBuffer                      0x08004e57   Thumb Code    44  at24c02.o(i.AT24C02_WriteBuffer)
    AT24C02_WriteByte                        0x08004e83   Thumb Code    72  at24c02.o(i.AT24C02_WriteByte)
    BusFault_Handler                         0x080050bd   Thumb Code     4  gd32f10x_it.o(i.BusFault_Handler)
    DMA_Init                                 0x080050c1   Thumb Code    94  usart.o(i.DMA_Init)
    DebugMon_Handler                         0x0800512d   Thumb Code     2  gd32f10x_it.o(i.DebugMon_Handler)
    Delay_Us                                 0x0800512f   Thumb Code    20  delay.o(i.Delay_Us)
    ESP8266_SendCmd                          0x08005145   Thumb Code   174  esp8266_at.o(i.ESP8266_SendCmd)
    HW_CPU_Reset                             0x080052c9   Thumb Code    34  hw_cpu.o(i.HW_CPU_Reset)
    HW_I2C_Init                              0x080052f5   Thumb Code    86  hw_i2c.o(i.HW_I2C_Init)
    HW_I2C_Read_Byte                         0x08005351   Thumb Code   184  hw_i2c.o(i.HW_I2C_Read_Byte)
    HW_I2C_Send_Byte                         0x0800540d   Thumb Code    96  hw_i2c.o(i.HW_I2C_Send_Byte)
    HW_I2C_Start                             0x08005471   Thumb Code    56  hw_i2c.o(i.HW_I2C_Start)
    HW_I2C_Stop                              0x080054ad   Thumb Code    56  hw_i2c.o(i.HW_I2C_Stop)
    HW_I2C_Wait_Ack                          0x080054e9   Thumb Code    94  hw_i2c.o(i.HW_I2C_Wait_Ack)
    HW_IWDG_Feed                             0x0800554d   Thumb Code     8  hw_wdt.o(i.HW_IWDG_Feed)
    HW_IWDG_Init                             0x08005555   Thumb Code    48  hw_wdt.o(i.HW_IWDG_Init)
    HW_SPI0_CS_HIGH                          0x08005585   Thumb Code    12  hw_spi.o(i.HW_SPI0_CS_HIGH)
    HW_SPI0_CS_LOW                           0x08005595   Thumb Code    12  hw_spi.o(i.HW_SPI0_CS_LOW)
    HW_SPI0_Lock                             0x080055a5   Thumb Code    22  hw_spi.o(i.HW_SPI0_Lock)
    HW_SPI0_ReadWriteByte                    0x080055c1   Thumb Code    50  hw_spi.o(i.HW_SPI0_ReadWriteByte)
    HW_SPI0_Unlock                           0x080055f9   Thumb Code    18  hw_spi.o(i.HW_SPI0_Unlock)
    HardFault_Handler                        0x08005611   Thumb Code    34  gd32f10x_it.o(i.HardFault_Handler)
    MemManage_Handler                        0x080058f1   Thumb Code     4  gd32f10x_it.o(i.MemManage_Handler)
    NMI_Handler                              0x080058f5   Thumb Code     2  gd32f10x_it.o(i.NMI_Handler)
    OSAL_DelayMs                             0x080058f7   Thumb Code    26  os_port.o(i.OSAL_DelayMs)
    OSAL_EnterCritical                       0x08005911   Thumb Code     8  os_port.o(i.OSAL_EnterCritical)
    OSAL_ExitCritical                        0x08005919   Thumb Code     8  os_port.o(i.OSAL_ExitCritical)
    OSAL_MutexCreate                         0x08005921   Thumb Code    10  os_port.o(i.OSAL_MutexCreate)
    OSAL_MutexGive                           0x0800592b   Thumb Code    20  os_port.o(i.OSAL_MutexGive)
    OSAL_MutexTake                           0x0800593f   Thumb Code    46  os_port.o(i.OSAL_MutexTake)
    OSAL_QueueCreate                         0x0800596d   Thumb Code    18  os_port.o(i.OSAL_QueueCreate)
    OSAL_QueueReceive                        0x0800597f   Thumb Code    58  os_port.o(i.OSAL_QueueReceive)
    OSAL_QueueSend                           0x080059b9   Thumb Code    60  os_port.o(i.OSAL_QueueSend)
    OSAL_QueueSendFromISR                    0x080059f5   Thumb Code    60  os_port.o(i.OSAL_QueueSendFromISR)
    OSAL_vTaskStartScheduler                 0x08005a35   Thumb Code     8  os_port.o(i.OSAL_vTaskStartScheduler)
    OSAL_xTaskCreate                         0x08005a3d   Thumb Code    36  os_port.o(i.OSAL_xTaskCreate)
    OTA_FSM_Init                             0x08005a61   Thumb Code    32  ota_fsm.o(i.OTA_FSM_Init)
    OTA_FSM_ProcessPacket                    0x08005ab9   Thumb Code   110  ota_fsm.o(i.OTA_FSM_ProcessPacket)
    OTA_FSM_Register                         0x08005b81   Thumb Code    78  ota_fsm.o(i.OTA_FSM_Register)
    OTA_Logic_Install                        0x08005bf9   Thumb Code    24  ota_logic.o(i.OTA_Logic_Install)
    OneNET_Task                              0x080066cd   Thumb Code   624  onenet_app.o(i.OneNET_Task)
    SysTick_Handler                          0x08006bf9   Thumb Code    46  port.o(i.SysTick_Handler)
    SystemInit                               0x08006c2d   Thumb Code   196  system_gd32f10x.o(i.SystemInit)
    USART0_IRQHandler                        0x08006d01   Thumb Code   122  usart.o(i.USART0_IRQHandler)
    USART1_IRQHandler                        0x08006d91   Thumb Code   190  hw_usart1.o(i.USART1_IRQHandler)
    USART1_Init                              0x08006e6d   Thumb Code   148  hw_usart1.o(i.USART1_Init)
    USART1_SendData                          0x08006f0d   Thumb Code    42  hw_usart1.o(i.USART1_SendData)
    USART1_SendString                        0x08006f3d   Thumb Code    38  hw_usart1.o(i.USART1_SendString)
    UsageFault_Handler                       0x08006f69   Thumb Code     4  gd32f10x_it.o(i.UsageFault_Handler)
    Usart0_Init                              0x08006f6d   Thumb Code   164  usart.o(i.Usart0_Init)
    W25Q64_Enable                            0x0800701d   Thumb Code    26  w25q64.o(i.W25Q64_Enable)
    W25Q64_Erase64K                          0x08007037   Thumb Code    68  w25q64.o(i.W25Q64_Erase64K)
    W25Q64_PageWrite                         0x0800707b   Thumb Code    84  w25q64.o(i.W25Q64_PageWrite)
    W25Q64_WaitBusy                          0x080070cf   Thumb Code    54  w25q64.o(i.W25Q64_WaitBusy)
    WDT_Set_Alive                            0x08007105   Thumb Code    24  task_wdt.o(i.WDT_Set_Alive)
    WDT_Task                                 0x08007121   Thumb Code    96  task_wdt.o(i.WDT_Task)
    __0snprintf                              0x08007431   Thumb Code    48  printfa.o(i.__0snprintf)
    __1snprintf                              0x08007431   Thumb Code     0  printfa.o(i.__0snprintf)
    __2snprintf                              0x08007431   Thumb Code     0  printfa.o(i.__0snprintf)
    __c89snprintf                            0x08007431   Thumb Code     0  printfa.o(i.__0snprintf)
    snprintf                                 0x08007431   Thumb Code     0  printfa.o(i.__0snprintf)
    __0sprintf                               0x08007465   Thumb Code    34  printfa.o(i.__0sprintf)
    __1sprintf                               0x08007465   Thumb Code     0  printfa.o(i.__0sprintf)
    __2sprintf                               0x08007465   Thumb Code     0  printfa.o(i.__0sprintf)
    __c89sprintf                             0x08007465   Thumb Code     0  printfa.o(i.__0sprintf)
    sprintf                                  0x08007465   Thumb Code     0  printfa.o(i.__0sprintf)
    __0vsnprintf                             0x0800748d   Thumb Code    46  printfa.o(i.__0vsnprintf)
    __1vsnprintf                             0x0800748d   Thumb Code     0  printfa.o(i.__0vsnprintf)
    __2vsnprintf                             0x0800748d   Thumb Code     0  printfa.o(i.__0vsnprintf)
    __c89vsnprintf                           0x0800748d   Thumb Code     0  printfa.o(i.__0vsnprintf)
    vsnprintf                                0x0800748d   Thumb Code     0  printfa.o(i.__0vsnprintf)
    __scatterload_copy                       0x080074c1   Thumb Code    14  handlers.o(i.__scatterload_copy)
    __scatterload_null                       0x080074cf   Thumb Code     2  handlers.o(i.__scatterload_null)
    __scatterload_zeroinit                   0x080074d1   Thumb Code    14  handlers.o(i.__scatterload_zeroinit)
    dma_channel_disable                      0x08007d8b   Thumb Code    50  gd32f10x_dma.o(i.dma_channel_disable)
    dma_channel_enable                       0x08007dbd   Thumb Code    50  gd32f10x_dma.o(i.dma_channel_enable)
    dma_circulation_disable                  0x08007def   Thumb Code    50  gd32f10x_dma.o(i.dma_circulation_disable)
    dma_deinit                               0x08007e21   Thumb Code   112  gd32f10x_dma.o(i.dma_deinit)
    dma_init                                 0x08007e91   Thumb Code   302  gd32f10x_dma.o(i.dma_init)
    dma_memory_address_config                0x08007fbf   Thumb Code    36  gd32f10x_dma.o(i.dma_memory_address_config)
    dma_transfer_number_config               0x08007ffd   Thumb Code    38  gd32f10x_dma.o(i.dma_transfer_number_config)
    dma_transfer_number_get                  0x08008023   Thumb Code    34  gd32f10x_dma.o(i.dma_transfer_number_get)
    fwdgt_config                             0x08008045   Thumb Code    94  gd32f10x_fwdgt.o(i.fwdgt_config)
    fwdgt_counter_reload                     0x080080ad   Thumb Code    10  gd32f10x_fwdgt.o(i.fwdgt_counter_reload)
    fwdgt_enable                             0x080080bd   Thumb Code    10  gd32f10x_fwdgt.o(i.fwdgt_enable)
    fwdgt_write_enable                       0x080080cd   Thumb Code    10  gd32f10x_fwdgt.o(i.fwdgt_write_enable)
    gpio_bit_reset                           0x080080dd   Thumb Code     4  gd32f10x_gpio.o(i.gpio_bit_reset)
    gpio_bit_set                             0x080080e1   Thumb Code     4  gd32f10x_gpio.o(i.gpio_bit_set)
    gpio_init                                0x080080e5   Thumb Code   172  gd32f10x_gpio.o(i.gpio_init)
    gpio_input_bit_get                       0x08008191   Thumb Code    16  gd32f10x_gpio.o(i.gpio_input_bit_get)
    main                                     0x080081a1   Thumb Code   136  main.o(i.main)
    nvic_irq_enable                          0x08008311   Thumb Code   162  gd32f10x_misc.o(i.nvic_irq_enable)
    nvic_priority_group_set                  0x080083bd   Thumb Code    10  gd32f10x_misc.o(i.nvic_priority_group_set)
    nvic_vector_table_set                    0x080083d1   Thumb Code    16  gd32f10x_misc.o(i.nvic_vector_table_set)
    pvPortMalloc                             0x080089d5   Thumb Code   208  heap_4.o(i.pvPortMalloc)
    pvTaskIncrementMutexHeldCount            0x08008ab9   Thumb Code    26  tasks.o(i.pvTaskIncrementMutexHeldCount)
    pxPortInitialiseStack                    0x08008ad9   Thumb Code    30  port.o(i.pxPortInitialiseStack)
    rcu_clock_freq_get                       0x08008afd   Thumb Code   264  gd32f10x_rcu.o(i.rcu_clock_freq_get)
    rcu_flag_get                             0x08008c21   Thumb Code    30  gd32f10x_rcu.o(i.rcu_flag_get)
    rcu_osci_on                              0x08008c45   Thumb Code    28  gd32f10x_rcu.o(i.rcu_osci_on)
    rcu_osci_stab_wait                       0x08008c65   Thumb Code   218  gd32f10x_rcu.o(i.rcu_osci_stab_wait)
    rcu_periph_clock_enable                  0x08008d45   Thumb Code    28  gd32f10x_rcu.o(i.rcu_periph_clock_enable)
    rcu_periph_reset_disable                 0x08008d65   Thumb Code    28  gd32f10x_rcu.o(i.rcu_periph_reset_disable)
    rcu_periph_reset_enable                  0x08008d85   Thumb Code    28  gd32f10x_rcu.o(i.rcu_periph_reset_enable)
    spi_i2s_data_receive                     0x08008da5   Thumb Code     8  gd32f10x_spi.o(i.spi_i2s_data_receive)
    spi_i2s_data_transmit                    0x08008dad   Thumb Code     4  gd32f10x_spi.o(i.spi_i2s_data_transmit)
    spi_i2s_flag_get                         0x08008db1   Thumb Code    16  gd32f10x_spi.o(i.spi_i2s_flag_get)
    u0_printf                                0x08008e8d   Thumb Code   120  usart.o(i.u0_printf)
    usart_baudrate_set                       0x08008f11   Thumb Code   136  gd32f10x_usart.o(i.usart_baudrate_set)
    usart_data_receive                       0x08008fa1   Thumb Code    10  gd32f10x_usart.o(i.usart_data_receive)
    usart_data_transmit                      0x08008fab   Thumb Code     8  gd32f10x_usart.o(i.usart_data_transmit)
    usart_deinit                             0x08008fb5   Thumb Code   136  gd32f10x_usart.o(i.usart_deinit)
    usart_dma_receive_config                 0x08009045   Thumb Code    16  gd32f10x_usart.o(i.usart_dma_receive_config)
    usart_enable                             0x08009055   Thumb Code    10  gd32f10x_usart.o(i.usart_enable)
    usart_flag_get                           0x0800905f   Thumb Code    30  gd32f10x_usart.o(i.usart_flag_get)
    usart_interrupt_enable                   0x0800907d   Thumb Code    26  gd32f10x_usart.o(i.usart_interrupt_enable)
    usart_interrupt_flag_get                 0x08009097   Thumb Code    56  gd32f10x_usart.o(i.usart_interrupt_flag_get)
    usart_parity_config                      0x080090cf   Thumb Code    16  gd32f10x_usart.o(i.usart_parity_config)
    usart_receive_config                     0x080090df   Thumb Code    16  gd32f10x_usart.o(i.usart_receive_config)
    usart_stop_bit_set                       0x080090ef   Thumb Code    16  gd32f10x_usart.o(i.usart_stop_bit_set)
    usart_transmit_config                    0x080090ff   Thumb Code    16  gd32f10x_usart.o(i.usart_transmit_config)
    usart_word_length_set                    0x0800910f   Thumb Code    16  gd32f10x_usart.o(i.usart_word_length_set)
    uxListRemove                             0x0800911f   Thumb Code    40  list.o(i.uxListRemove)
    uxTaskGetNumberOfTasks                   0x08009149   Thumb Code     6  tasks.o(i.uxTaskGetNumberOfTasks)
    vListInitialise                          0x08009155   Thumb Code    26  list.o(i.vListInitialise)
    vListInitialiseItem                      0x0800916f   Thumb Code     6  list.o(i.vListInitialiseItem)
    vListInsert                              0x08009175   Thumb Code    52  list.o(i.vListInsert)
    vPortEnterCritical                       0x080091a9   Thumb Code    30  port.o(i.vPortEnterCritical)
    vPortExitCritical                        0x080091cd   Thumb Code    28  port.o(i.vPortExitCritical)
    vPortFree                                0x080091ed   Thumb Code    68  heap_4.o(i.vPortFree)
    vPortSetupTimerInterrupt                 0x08009239   Thumb Code    20  port.o(i.vPortSetupTimerInterrupt)
    vTaskDelay                               0x08009251   Thumb Code    46  tasks.o(i.vTaskDelay)
    vTaskInternalSetTimeOutState             0x08009285   Thumb Code    14  tasks.o(i.vTaskInternalSetTimeOutState)
    vTaskMissedYield                         0x0800929d   Thumb Code     8  tasks.o(i.vTaskMissedYield)
    vTaskPlaceOnEventList                    0x080092a9   Thumb Code    28  tasks.o(i.vTaskPlaceOnEventList)
    vTaskPriorityDisinheritAfterTimeout      0x080092c9   Thumb Code   204  tasks.o(i.vTaskPriorityDisinheritAfterTimeout)
    vTaskStartScheduler                      0x0800939d   Thumb Code    76  tasks.o(i.vTaskStartScheduler)
    vTaskSuspendAll                          0x08009409   Thumb Code    12  tasks.o(i.vTaskSuspendAll)
    vTaskSwitchContext                       0x08009419   Thumb Code    76  tasks.o(i.vTaskSwitchContext)
    xPortStartScheduler                      0x08009479   Thumb Code    42  port.o(i.xPortStartScheduler)
    xQueueCreateMutex                        0x080094ad   Thumb Code    34  queue.o(i.xQueueCreateMutex)
    xQueueGenericCreate                      0x080094cf   Thumb Code    76  queue.o(i.xQueueGenericCreate)
    xQueueGenericReset                       0x0800951d   Thumb Code   156  queue.o(i.xQueueGenericReset)
    xQueueGenericSend                        0x080095bd   Thumb Code   276  queue.o(i.xQueueGenericSend)
    xQueueGenericSendFromISR                 0x080096d5   Thumb Code   152  queue.o(i.xQueueGenericSendFromISR)
    xQueueReceive                            0x0800976d   Thumb Code   256  queue.o(i.xQueueReceive)
    xQueueSemaphoreTake                      0x08009871   Thumb Code   300  queue.o(i.xQueueSemaphoreTake)
    xTaskCheckForTimeOut                     0x080099a1   Thumb Code    88  tasks.o(i.xTaskCheckForTimeOut)
    xTaskCreate                              0x08009a01   Thumb Code   104  tasks.o(i.xTaskCreate)
    xTaskIncrementTick                       0x08009a69   Thumb Code   356  tasks.o(i.xTaskIncrementTick)
    xTaskPriorityDisinherit                  0x08009bf9   Thumb Code   162  tasks.o(i.xTaskPriorityDisinherit)
    xTaskPriorityInherit                     0x08009ca5   Thumb Code   224  tasks.o(i.xTaskPriorityInherit)
    xTaskRemoveFromEventList                 0x08009d91   Thumb Code   240  tasks.o(i.xTaskRemoveFromEventList)
    xTaskResumeAll                           0x08009e99   Thumb Code   310  tasks.o(i.xTaskResumeAll)
    __ctype_categories                       0x08009ff4   Data          64  ctype_c.o(.constdata)
    Region$$Table$$Base                      0x0800a360   Number         0  anon$$obj.o(Region$$Table)
    Region$$Table$$Limit                     0x0800a380   Number         0  anon$$obj.o(Region$$Table)
    OTA_MsgQueue                             0x20000000   Data           4  main.o(.data)
    OneNETTask_Handler                       0x20000004   Data           4  main.o(.data)
    MCU_VERSION_NOW                          0x20000008   Data           4  onenet_app.o(.data)
    g_ota_running                            0x20000010   Data           1  task_wdt.o(.data)
    WIFI_MsgQueue                            0x2000001c   Data           4  hw_usart1.o(.data)
    pxCurrentTCB                             0x20000024   Data           4  tasks.o(.data)
    uxTopUsedPriority                        0x2000005c   Data           4  tasks.o(.data)
    U0_RxBuff                                0x200009aa   Data         256  usart.o(.bss)
    U0_TxBuff                                0x20000aaa   Data         512  usart.o(.bss)
    ota_ctx                                  0x20004178   Data         280  ota_fsm.o(.bss)
    __initial_sp                             0x20004730   Data           0  startup_gd32f10x_md.o(STACK)



==============================================================================

Memory Map of the image

  Image Entry point : 0x08004105

  Load Region LR_IROM1 (Base: 0x08004000, Size: 0x00006408, Max: 0x0000c000, ABSOLUTE)

    Execution Region ER_IROM1 (Exec base: 0x08004000, Load base: 0x08004000, Size: 0x00006380, Max: 0x0000c000, ABSOLUTE)

    Exec Addr    Load Addr    Size         Type   Attr      Idx    E Section Name        Object

    0x08004000   0x08004000   0x00000104   Data   RO          305    RESET               startup_gd32f10x_md.o
    0x08004104   0x08004104   0x00000000   Code   RO         3273  * .ARM.Collect$$$$00000000  mc_w.l(entry.o)
    0x08004104   0x08004104   0x00000004   Code   RO         3553    .ARM.Collect$$$$00000001  mc_w.l(entry2.o)
    0x08004108   0x08004108   0x00000004   Code   RO         3556    .ARM.Collect$$$$00000004  mc_w.l(entry5.o)
    0x0800410c   0x0800410c   0x00000000   Code   RO         3558    .ARM.Collect$$$$00000008  mc_w.l(entry7b.o)
    0x0800410c   0x0800410c   0x00000000   Code   RO         3560    .ARM.Collect$$$$0000000A  mc_w.l(entry8b.o)
    0x0800410c   0x0800410c   0x00000008   Code   RO         3561    .ARM.Collect$$$$0000000B  mc_w.l(entry9a.o)
    0x08004114   0x08004114   0x00000004   Code   RO         3568    .ARM.Collect$$$$0000000E  mc_w.l(entry12b.o)
    0x08004118   0x08004118   0x00000000   Code   RO         3563    .ARM.Collect$$$$0000000F  mc_w.l(entry10a.o)
    0x08004118   0x08004118   0x00000000   Code   RO         3565    .ARM.Collect$$$$00000011  mc_w.l(entry11a.o)
    0x08004118   0x08004118   0x00000004   Code   RO         3554    .ARM.Collect$$$$00002712  mc_w.l(entry2.o)
    0x0800411c   0x0800411c   0x00000096   Code   RO         2931    .emb_text           port.o
    0x080041b2   0x080041b2   0x00000002   PAD
    0x080041b4   0x080041b4   0x00000024   Code   RO          306    .text               startup_gd32f10x_md.o
    0x080041d8   0x080041d8   0x00000024   Code   RO         3276    .text               mc_w.l(memcpya.o)
    0x080041fc   0x080041fc   0x00000024   Code   RO         3278    .text               mc_w.l(memseta.o)
    0x08004220   0x08004220   0x00000024   Code   RO         3280    .text               mc_w.l(strstr.o)
    0x08004244   0x08004244   0x0000000e   Code   RO         3282    .text               mc_w.l(strlen.o)
    0x08004252   0x08004252   0x00000002   PAD
    0x08004254   0x08004254   0x00000038   Code   RO         3547    .text               mc_w.l(__0sscanf.o)
    0x0800428c   0x0800428c   0x0000014c   Code   RO         3549    .text               mc_w.l(_scanf_int.o)
    0x080043d8   0x080043d8   0x000000e0   Code   RO         3551    .text               mc_w.l(_scanf_str.o)
    0x080044b8   0x080044b8   0x0000002c   Code   RO         3572    .text               mc_w.l(uidiv.o)
    0x080044e4   0x080044e4   0x00000062   Code   RO         3574    .text               mc_w.l(uldiv.o)
    0x08004546   0x08004546   0x0000001c   Code   RO         3576    .text               mc_w.l(_chval.o)
    0x08004562   0x08004562   0x00000002   PAD
    0x08004564   0x08004564   0x00000028   Code   RO         3578    .text               mc_w.l(scanf_char.o)
    0x0800458c   0x0800458c   0x00000040   Code   RO         3580    .text               mc_w.l(_sgetc.o)
    0x080045cc   0x080045cc   0x00000000   Code   RO         3582    .text               mc_w.l(iusefp.o)
    0x080045cc   0x080045cc   0x0000014e   Code   RO         3583    .text               mf_w.l(dadd.o)
    0x0800471a   0x0800471a   0x000000e4   Code   RO         3585    .text               mf_w.l(dmul.o)
    0x080047fe   0x080047fe   0x000000de   Code   RO         3587    .text               mf_w.l(ddiv.o)
    0x080048dc   0x080048dc   0x00000030   Code   RO         3589    .text               mf_w.l(dfixul.o)
    0x0800490c   0x0800490c   0x00000030   Code   RO         3591    .text               mf_w.l(cdrcmple.o)
    0x0800493c   0x0800493c   0x00000024   Code   RO         3593    .text               mc_w.l(init.o)
    0x08004960   0x08004960   0x0000001e   Code   RO         3596    .text               mc_w.l(llshl.o)
    0x0800497e   0x0800497e   0x00000020   Code   RO         3598    .text               mc_w.l(llushr.o)
    0x0800499e   0x0800499e   0x00000024   Code   RO         3600    .text               mc_w.l(llsshr.o)
    0x080049c2   0x080049c2   0x0000000a   Code   RO         3602    .text               mc_w.l(isspace_c.o)
    0x080049cc   0x080049cc   0x00000330   Code   RO         3604    .text               mc_w.l(_scanf.o)
    0x08004cfc   0x08004cfc   0x000000ba   Code   RO         3607    .text               mf_w.l(depilogue.o)
    0x08004db6   0x08004db6   0x00000002   PAD
    0x08004db8   0x08004db8   0x00000028   Code   RO         3609    .text               mc_w.l(ctype_c.o)
    0x08004de0   0x08004de0   0x0000000a   Code   RO         3139    i.AT24C02_Init      at24c02.o
    0x08004dea   0x08004dea   0x0000006c   Code   RO         3140    i.AT24C02_ReadData  at24c02.o
    0x08004e56   0x08004e56   0x0000002c   Code   RO         3141    i.AT24C02_WriteBuffer  at24c02.o
    0x08004e82   0x08004e82   0x00000048   Code   RO         3142    i.AT24C02_WriteByte  at24c02.o
    0x08004eca   0x08004eca   0x00000002   PAD
    0x08004ecc   0x08004ecc   0x0000017c   Code   RO         3251    i.Action_HandleData  ota_logic.o
    0x08005048   0x08005048   0x00000074   Code   RO         3252    i.Action_HandleStart  ota_logic.o
    0x080050bc   0x080050bc   0x00000004   Code   RO          312    i.BusFault_Handler  gd32f10x_it.o
    0x080050c0   0x080050c0   0x0000006c   Code   RO          372    i.DMA_Init          usart.o
    0x0800512c   0x0800512c   0x00000002   Code   RO          313    i.DebugMon_Handler  gd32f10x_it.o
    0x0800512e   0x0800512e   0x00000014   Code   RO          485    i.Delay_Us          delay.o
    0x08005142   0x08005142   0x00000002   PAD
    0x08005144   0x08005144   0x00000184   Code   RO         3083    i.ESP8266_SendCmd   esp8266_at.o
    0x080052c8   0x080052c8   0x0000002c   Code   RO          608    i.HW_CPU_Reset      hw_cpu.o
    0x080052f4   0x080052f4   0x0000005c   Code   RO          427    i.HW_I2C_Init       hw_i2c.o
    0x08005350   0x08005350   0x000000bc   Code   RO          428    i.HW_I2C_Read_Byte  hw_i2c.o
    0x0800540c   0x0800540c   0x00000064   Code   RO          429    i.HW_I2C_Send_Byte  hw_i2c.o
    0x08005470   0x08005470   0x0000003c   Code   RO          430    i.HW_I2C_Start      hw_i2c.o
    0x080054ac   0x080054ac   0x0000003c   Code   RO          431    i.HW_I2C_Stop       hw_i2c.o
    0x080054e8   0x080054e8   0x00000064   Code   RO          432    i.HW_I2C_Wait_Ack   hw_i2c.o
    0x0800554c   0x0800554c   0x00000008   Code   RO          681    i.HW_IWDG_Feed      hw_wdt.o
    0x08005554   0x08005554   0x00000030   Code   RO          682    i.HW_IWDG_Init      hw_wdt.o
    0x08005584   0x08005584   0x00000010   Code   RO          515    i.HW_SPI0_CS_HIGH   hw_spi.o
    0x08005594   0x08005594   0x00000010   Code   RO          516    i.HW_SPI0_CS_LOW    hw_spi.o
    0x080055a4   0x080055a4   0x0000001c   Code   RO          518    i.HW_SPI0_Lock      hw_spi.o
    0x080055c0   0x080055c0   0x00000038   Code   RO          519    i.HW_SPI0_ReadWriteByte  hw_spi.o
    0x080055f8   0x080055f8   0x00000018   Code   RO          520    i.HW_SPI0_Unlock    hw_spi.o
    0x08005610   0x08005610   0x0000002c   Code   RO          314    i.HardFault_Handler  gd32f10x_it.o
    0x0800563c   0x0800563c   0x00000144   Code   RO          141    i.MQTT_BuildConnectPacket  onenet_app.o
    0x08005780   0x08005780   0x00000170   Code   RO          142    i.MQTT_Login        onenet_app.o
    0x080058f0   0x080058f0   0x00000004   Code   RO          315    i.MemManage_Handler  gd32f10x_it.o
    0x080058f4   0x080058f4   0x00000002   Code   RO          316    i.NMI_Handler       gd32f10x_it.o
    0x080058f6   0x080058f6   0x0000001a   Code   RO         3002    i.OSAL_DelayMs      os_port.o
    0x08005910   0x08005910   0x00000008   Code   RO         3003    i.OSAL_EnterCritical  os_port.o
    0x08005918   0x08005918   0x00000008   Code   RO         3004    i.OSAL_ExitCritical  os_port.o
    0x08005920   0x08005920   0x0000000a   Code   RO         3005    i.OSAL_MutexCreate  os_port.o
    0x0800592a   0x0800592a   0x00000014   Code   RO         3006    i.OSAL_MutexGive    os_port.o
    0x0800593e   0x0800593e   0x0000002e   Code   RO         3007    i.OSAL_MutexTake    os_port.o
    0x0800596c   0x0800596c   0x00000012   Code   RO         3008    i.OSAL_QueueCreate  os_port.o
    0x0800597e   0x0800597e   0x0000003a   Code   RO         3009    i.OSAL_QueueReceive  os_port.o
    0x080059b8   0x080059b8   0x0000003c   Code   RO         3010    i.OSAL_QueueSend    os_port.o
    0x080059f4   0x080059f4   0x00000040   Code   RO         3011    i.OSAL_QueueSendFromISR  os_port.o
    0x08005a34   0x08005a34   0x00000008   Code   RO         3012    i.OSAL_vTaskStartScheduler  os_port.o
    0x08005a3c   0x08005a3c   0x00000024   Code   RO         3013    i.OSAL_xTaskCreate  os_port.o
    0x08005a60   0x08005a60   0x00000058   Code   RO         3220    i.OTA_FSM_Init      ota_fsm.o
    0x08005ab8   0x08005ab8   0x000000c8   Code   RO         3221    i.OTA_FSM_ProcessPacket  ota_fsm.o
    0x08005b80   0x08005b80   0x00000078   Code   RO         3222    i.OTA_FSM_Register  ota_fsm.o
    0x08005bf8   0x08005bf8   0x00000020   Code   RO         3253    i.OTA_Logic_Install  ota_logic.o
    0x08005c18   0x08005c18   0x0000081c   Code   RO          143    i.OneNET_HTTP_OTA_Process  onenet_app.o
    0x08006434   0x08006434   0x0000012c   Code   RO          144    i.OneNET_MQTT_Publish  onenet_app.o
    0x08006560   0x08006560   0x00000110   Code   RO          145    i.OneNET_MQTT_Subscribe  onenet_app.o
    0x08006670   0x08006670   0x0000005c   Code   RO          146    i.OneNET_TCP_Connect  onenet_app.o
    0x080066cc   0x080066cc   0x0000052c   Code   RO          147    i.OneNET_Task       onenet_app.o
    0x08006bf8   0x08006bf8   0x00000034   Code   RO         2932    i.SysTick_Handler   port.o
    0x08006c2c   0x08006c2c   0x000000d4   Code   RO          272    i.SystemInit        system_gd32f10x.o
    0x08006d00   0x08006d00   0x00000090   Code   RO          373    i.USART0_IRQHandler  usart.o
    0x08006d90   0x08006d90   0x000000dc   Code   RO          639    i.USART1_IRQHandler  hw_usart1.o
    0x08006e6c   0x08006e6c   0x000000a0   Code   RO          640    i.USART1_Init       hw_usart1.o
    0x08006f0c   0x08006f0c   0x00000030   Code   RO          641    i.USART1_SendData   hw_usart1.o
    0x08006f3c   0x08006f3c   0x0000002c   Code   RO          642    i.USART1_SendString  hw_usart1.o
    0x08006f68   0x08006f68   0x00000004   Code   RO          317    i.UsageFault_Handler  gd32f10x_it.o
    0x08006f6c   0x08006f6c   0x000000b0   Code   RO          374    i.Usart0_Init       usart.o
    0x0800701c   0x0800701c   0x0000001a   Code   RO         3175    i.W25Q64_Enable     w25q64.o
    0x08007036   0x08007036   0x00000044   Code   RO         3176    i.W25Q64_Erase64K   w25q64.o
    0x0800707a   0x0800707a   0x00000054   Code   RO         3178    i.W25Q64_PageWrite  w25q64.o
    0x080070ce   0x080070ce   0x00000036   Code   RO         3180    i.W25Q64_WaitBusy   w25q64.o
    0x08007104   0x08007104   0x0000001c   Code   RO          243    i.WDT_Set_Alive     task_wdt.o
    0x08007120   0x08007120   0x0000010c   Code   RO          244    i.WDT_Task          task_wdt.o
    0x0800722c   0x0800722c   0x00000204   Code   RO          148    i.WiFi_Connect      onenet_app.o
    0x08007430   0x08007430   0x00000034   Code   RO         3520    i.__0snprintf       mc_w.l(printfa.o)
    0x08007464   0x08007464   0x00000028   Code   RO         3521    i.__0sprintf        mc_w.l(printfa.o)
    0x0800748c   0x0800748c   0x00000034   Code   RO         3524    i.__0vsnprintf      mc_w.l(printfa.o)
    0x080074c0   0x080074c0   0x0000000e   Code   RO         3614    i.__scatterload_copy  mc_w.l(handlers.o)
    0x080074ce   0x080074ce   0x00000002   Code   RO         3615    i.__scatterload_null  mc_w.l(handlers.o)
    0x080074d0   0x080074d0   0x0000000e   Code   RO         3616    i.__scatterload_zeroinit  mc_w.l(handlers.o)
    0x080074de   0x080074de   0x00000002   PAD
    0x080074e0   0x080074e0   0x00000184   Code   RO         3526    i._fp_digits        mc_w.l(printfa.o)
    0x08007664   0x08007664   0x000006b4   Code   RO         3527    i._printf_core      mc_w.l(printfa.o)
    0x08007d18   0x08007d18   0x00000024   Code   RO         3528    i._printf_post_padding  mc_w.l(printfa.o)
    0x08007d3c   0x08007d3c   0x0000002e   Code   RO         3529    i._printf_pre_padding  mc_w.l(printfa.o)
    0x08007d6a   0x08007d6a   0x00000016   Code   RO         3530    i._snputc           mc_w.l(printfa.o)
    0x08007d80   0x08007d80   0x0000000a   Code   RO         3531    i._sputc            mc_w.l(printfa.o)
    0x08007d8a   0x08007d8a   0x00000032   Code   RO         1381    i.dma_channel_disable  gd32f10x_dma.o
    0x08007dbc   0x08007dbc   0x00000032   Code   RO         1382    i.dma_channel_enable  gd32f10x_dma.o
    0x08007dee   0x08007dee   0x00000032   Code   RO         1383    i.dma_circulation_disable  gd32f10x_dma.o
    0x08007e20   0x08007e20   0x00000070   Code   RO         1385    i.dma_deinit        gd32f10x_dma.o
    0x08007e90   0x08007e90   0x0000012e   Code   RO         1388    i.dma_init          gd32f10x_dma.o
    0x08007fbe   0x08007fbe   0x00000024   Code   RO         1393    i.dma_memory_address_config  gd32f10x_dma.o
    0x08007fe2   0x08007fe2   0x00000002   PAD
    0x08007fe4   0x08007fe4   0x00000018   Code   RO         1400    i.dma_periph_and_channel_check  gd32f10x_dma.o
    0x08007ffc   0x08007ffc   0x00000026   Code   RO         1407    i.dma_transfer_number_config  gd32f10x_dma.o
    0x08008022   0x08008022   0x00000022   Code   RO         1408    i.dma_transfer_number_get  gd32f10x_dma.o
    0x08008044   0x08008044   0x00000068   Code   RO         2033    i.fwdgt_config      gd32f10x_fwdgt.o
    0x080080ac   0x080080ac   0x00000010   Code   RO         2034    i.fwdgt_counter_reload  gd32f10x_fwdgt.o
    0x080080bc   0x080080bc   0x00000010   Code   RO         2035    i.fwdgt_enable      gd32f10x_fwdgt.o
    0x080080cc   0x080080cc   0x00000010   Code   RO         2040    i.fwdgt_write_enable  gd32f10x_fwdgt.o
    0x080080dc   0x080080dc   0x00000004   Code   RO          994    i.gpio_bit_reset    gd32f10x_gpio.o
    0x080080e0   0x080080e0   0x00000004   Code   RO          995    i.gpio_bit_set      gd32f10x_gpio.o
    0x080080e4   0x080080e4   0x000000ac   Code   RO         1002    i.gpio_init         gd32f10x_gpio.o
    0x08008190   0x08008190   0x00000010   Code   RO         1003    i.gpio_input_bit_get  gd32f10x_gpio.o
    0x080081a0   0x080081a0   0x00000170   Code   RO            3    i.main              main.o
    0x08008310   0x08008310   0x000000ac   Code   RO          708    i.nvic_irq_enable   gd32f10x_misc.o
    0x080083bc   0x080083bc   0x00000014   Code   RO          709    i.nvic_priority_group_set  gd32f10x_misc.o
    0x080083d0   0x080083d0   0x00000018   Code   RO          710    i.nvic_vector_table_set  gd32f10x_misc.o
    0x080083e8   0x080083e8   0x000000c0   Code   RO         2529    i.prvAddCurrentTaskToDelayedList  tasks.o
    0x080084a8   0x080084a8   0x000000e4   Code   RO         2530    i.prvAddNewTaskToReadyList  tasks.o
    0x0800858c   0x0800858c   0x00000048   Code   RO         2531    i.prvCheckTasksWaitingTermination  tasks.o
    0x080085d4   0x080085d4   0x0000002a   Code   RO         2233    i.prvCopyDataFromQueue  queue.o
    0x080085fe   0x080085fe   0x0000007e   Code   RO         2234    i.prvCopyDataToQueue  queue.o
    0x0800867c   0x0800867c   0x00000012   Code   RO         2532    i.prvDeleteTCB      tasks.o
    0x0800868e   0x0800868e   0x00000014   Code   RO         2235    i.prvGetDisinheritPriorityAfterTimeout  queue.o
    0x080086a2   0x080086a2   0x00000002   PAD
    0x080086a4   0x080086a4   0x00000070   Code   RO         2870    i.prvHeapInit       heap_4.o
    0x08008714   0x08008714   0x00000028   Code   RO         2533    i.prvIdleTask       tasks.o
    0x0800873c   0x0800873c   0x0000001e   Code   RO         2236    i.prvInitialiseMutex  queue.o
    0x0800875a   0x0800875a   0x00000026   Code   RO         2237    i.prvInitialiseNewQueue  queue.o
    0x08008780   0x08008780   0x00000086   Code   RO         2534    i.prvInitialiseNewTask  tasks.o
    0x08008806   0x08008806   0x00000002   PAD
    0x08008808   0x08008808   0x00000068   Code   RO         2535    i.prvInitialiseTaskLists  tasks.o
    0x08008870   0x08008870   0x00000068   Code   RO         2871    i.prvInsertBlockIntoFreeList  heap_4.o
    0x080088d8   0x080088d8   0x0000001a   Code   RO         2238    i.prvIsQueueEmpty   queue.o
    0x080088f2   0x080088f2   0x0000001e   Code   RO         2239    i.prvIsQueueFull    queue.o
    0x08008910   0x08008910   0x00000030   Code   RO         2536    i.prvResetNextTaskUnblockTime  tasks.o
    0x08008940   0x08008940   0x00000016   Code   RO         2933    i.prvTaskExitError  port.o
    0x08008956   0x08008956   0x0000007e   Code   RO         2240    i.prvUnlockQueue    queue.o
    0x080089d4   0x080089d4   0x000000e4   Code   RO         2873    i.pvPortMalloc      heap_4.o
    0x08008ab8   0x08008ab8   0x00000020   Code   RO         2539    i.pvTaskIncrementMutexHeldCount  tasks.o
    0x08008ad8   0x08008ad8   0x00000024   Code   RO         2934    i.pxPortInitialiseStack  port.o
    0x08008afc   0x08008afc   0x00000124   Code   RO          771    i.rcu_clock_freq_get  gd32f10x_rcu.o
    0x08008c20   0x08008c20   0x00000024   Code   RO          774    i.rcu_flag_get      gd32f10x_rcu.o
    0x08008c44   0x08008c44   0x00000020   Code   RO          785    i.rcu_osci_on       gd32f10x_rcu.o
    0x08008c64   0x08008c64   0x000000e0   Code   RO          786    i.rcu_osci_stab_wait  gd32f10x_rcu.o
    0x08008d44   0x08008d44   0x00000020   Code   RO          788    i.rcu_periph_clock_enable  gd32f10x_rcu.o
    0x08008d64   0x08008d64   0x00000020   Code   RO          791    i.rcu_periph_reset_disable  gd32f10x_rcu.o
    0x08008d84   0x08008d84   0x00000020   Code   RO          792    i.rcu_periph_reset_enable  gd32f10x_rcu.o
    0x08008da4   0x08008da4   0x00000008   Code   RO         1579    i.spi_i2s_data_receive  gd32f10x_spi.o
    0x08008dac   0x08008dac   0x00000004   Code   RO         1580    i.spi_i2s_data_transmit  gd32f10x_spi.o
    0x08008db0   0x08008db0   0x00000010   Code   RO         1582    i.spi_i2s_flag_get  gd32f10x_spi.o
    0x08008dc0   0x08008dc0   0x000000c4   Code   RO          273    i.system_clock_108m_hxtal  system_gd32f10x.o
    0x08008e84   0x08008e84   0x00000008   Code   RO          274    i.system_clock_config  system_gd32f10x.o
    0x08008e8c   0x08008e8c   0x00000084   Code   RO          375    i.u0_printf         usart.o
    0x08008f10   0x08008f10   0x00000090   Code   RO         1110    i.usart_baudrate_set  gd32f10x_usart.o
    0x08008fa0   0x08008fa0   0x0000000a   Code   RO         1111    i.usart_data_receive  gd32f10x_usart.o
    0x08008faa   0x08008faa   0x00000008   Code   RO         1112    i.usart_data_transmit  gd32f10x_usart.o
    0x08008fb2   0x08008fb2   0x00000002   PAD
    0x08008fb4   0x08008fb4   0x00000090   Code   RO         1113    i.usart_deinit      gd32f10x_usart.o
    0x08009044   0x08009044   0x00000010   Code   RO         1115    i.usart_dma_receive_config  gd32f10x_usart.o
    0x08009054   0x08009054   0x0000000a   Code   RO         1117    i.usart_enable      gd32f10x_usart.o
    0x0800905e   0x0800905e   0x0000001e   Code   RO         1119    i.usart_flag_get    gd32f10x_usart.o
    0x0800907c   0x0800907c   0x0000001a   Code   RO         1126    i.usart_interrupt_enable  gd32f10x_usart.o
    0x08009096   0x08009096   0x00000038   Code   RO         1128    i.usart_interrupt_flag_get  gd32f10x_usart.o
    0x080090ce   0x080090ce   0x00000010   Code   RO         1138    i.usart_parity_config  gd32f10x_usart.o
    0x080090de   0x080090de   0x00000010   Code   RO         1140    i.usart_receive_config  gd32f10x_usart.o
    0x080090ee   0x080090ee   0x00000010   Code   RO         1146    i.usart_stop_bit_set  gd32f10x_usart.o
    0x080090fe   0x080090fe   0x00000010   Code   RO         1150    i.usart_transmit_config  gd32f10x_usart.o
    0x0800910e   0x0800910e   0x00000010   Code   RO         1151    i.usart_word_length_set  gd32f10x_usart.o
    0x0800911e   0x0800911e   0x00000028   Code   RO         2194    i.uxListRemove      list.o
    0x08009146   0x08009146   0x00000002   PAD
    0x08009148   0x08009148   0x0000000c   Code   RO         2542    i.uxTaskGetNumberOfTasks  tasks.o
    0x08009154   0x08009154   0x0000001a   Code   RO         2195    i.vListInitialise   list.o
    0x0800916e   0x0800916e   0x00000006   Code   RO         2196    i.vListInitialiseItem  list.o
    0x08009174   0x08009174   0x00000034   Code   RO         2197    i.vListInsert       list.o
    0x080091a8   0x080091a8   0x00000024   Code   RO         2936    i.vPortEnterCritical  port.o
    0x080091cc   0x080091cc   0x00000020   Code   RO         2937    i.vPortExitCritical  port.o
    0x080091ec   0x080091ec   0x0000004c   Code   RO         2874    i.vPortFree         heap_4.o
    0x08009238   0x08009238   0x00000018   Code   RO         2938    i.vPortSetupTimerInterrupt  port.o
    0x08009250   0x08009250   0x00000034   Code   RO         2547    i.vTaskDelay        tasks.o
    0x08009284   0x08009284   0x00000018   Code   RO         2551    i.vTaskInternalSetTimeOutState  tasks.o
    0x0800929c   0x0800929c   0x0000000c   Code   RO         2552    i.vTaskMissedYield  tasks.o
    0x080092a8   0x080092a8   0x00000020   Code   RO         2553    i.vTaskPlaceOnEventList  tasks.o
    0x080092c8   0x080092c8   0x000000d4   Code   RO         2555    i.vTaskPriorityDisinheritAfterTimeout  tasks.o
    0x0800939c   0x0800939c   0x0000006c   Code   RO         2560    i.vTaskStartScheduler  tasks.o
    0x08009408   0x08009408   0x00000010   Code   RO         2562    i.vTaskSuspendAll   tasks.o
    0x08009418   0x08009418   0x00000060   Code   RO         2563    i.vTaskSwitchContext  tasks.o
    0x08009478   0x08009478   0x00000034   Code   RO         2939    i.xPortStartScheduler  port.o
    0x080094ac   0x080094ac   0x00000022   Code   RO         2245    i.xQueueCreateMutex  queue.o
    0x080094ce   0x080094ce   0x0000004c   Code   RO         2246    i.xQueueGenericCreate  queue.o
    0x0800951a   0x0800951a   0x00000002   PAD
    0x0800951c   0x0800951c   0x000000a0   Code   RO         2247    i.xQueueGenericReset  queue.o
    0x080095bc   0x080095bc   0x00000118   Code   RO         2248    i.xQueueGenericSend  queue.o
    0x080096d4   0x080096d4   0x00000098   Code   RO         2249    i.xQueueGenericSendFromISR  queue.o
    0x0800976c   0x0800976c   0x00000104   Code   RO         2255    i.xQueueReceive     queue.o
    0x08009870   0x08009870   0x00000130   Code   RO         2257    i.xQueueSemaphoreTake  queue.o
    0x080099a0   0x080099a0   0x00000060   Code   RO         2565    i.xTaskCheckForTimeOut  tasks.o
    0x08009a00   0x08009a00   0x00000068   Code   RO         2566    i.xTaskCreate       tasks.o
    0x08009a68   0x08009a68   0x00000190   Code   RO         2575    i.xTaskIncrementTick  tasks.o
    0x08009bf8   0x08009bf8   0x000000ac   Code   RO         2576    i.xTaskPriorityDisinherit  tasks.o
    0x08009ca4   0x08009ca4   0x000000ec   Code   RO         2577    i.xTaskPriorityInherit  tasks.o
    0x08009d90   0x08009d90   0x00000108   Code   RO         2578    i.xTaskRemoveFromEventList  tasks.o
    0x08009e98   0x08009e98   0x0000015c   Code   RO         2579    i.xTaskResumeAll    tasks.o
    0x08009ff4   0x08009ff4   0x00000040   Data   RO         3610    .constdata          mc_w.l(ctype_c.o)
    0x0800a034   0x0800a034   0x0000005c   Data   RO            4    .conststring        main.o
    0x0800a090   0x0800a090   0x000002cd   Data   RO          150    .conststring        onenet_app.o
    0x0800a35d   0x0800a35d   0x00000003   PAD
    0x0800a360   0x0800a360   0x00000020   Data   RO         3612    Region$$Table       anon$$obj.o


    Execution Region RW_IRAM1 (Exec base: 0x20000000, Load base: 0x0800a380, Size: 0x00004730, Max: 0x00005000, ABSOLUTE)

    Exec Addr    Load Addr    Size         Type   Attr      Idx    E Section Name        Object

    0x20000000   0x0800a380   0x00000008   Data   RW            5    .data               main.o
    0x20000008   0x0800a388   0x00000004   Data   RW          151    .data               onenet_app.o
    0x2000000c   0x0800a38c   0x00000005   Data   RW          245    .data               task_wdt.o
    0x20000011   0x0800a391   0x00000003   PAD
    0x20000014   0x0800a394   0x00000004   Data   RW          377    .data               usart.o
    0x20000018   0x0800a398   0x00000004   Data   RW          521    .data               hw_spi.o
    0x2000001c   0x0800a39c   0x00000006   Data   RW          644    .data               hw_usart1.o
    0x20000022   0x0800a3a2   0x00000002   PAD
    0x20000024   0x0800a3a4   0x00000040   Data   RW         2582    .data               tasks.o
    0x20000064   0x0800a3e4   0x0000001c   Data   RW         2880    .data               heap_4.o
    0x20000080   0x0800a400   0x00000004   Data   RW         2940    .data               port.o
    0x20000084   0x0800a404   0x00000001   Data   RW         3224    .data               ota_fsm.o
    0x20000085   0x0800a405   0x00000003   PAD
    0x20000088        -       0x00000922   Zero   RW          149    .bss                onenet_app.o
    0x200009aa        -       0x00000300   Zero   RW          376    .bss                usart.o
    0x20000caa        -       0x00000202   Zero   RW          643    .bss                hw_usart1.o
    0x20000eac        -       0x000000c8   Zero   RW         2581    .bss                tasks.o
    0x20000f74        -       0x00003000   Zero   RW         2879    .bss                heap_4.o
    0x20003f74        -       0x00000202   Zero   RW         3084    .bss                esp8266_at.o
    0x20004176   0x0800a405   0x00000002   PAD
    0x20004178        -       0x000001b8   Zero   RW         3223    .bss                ota_fsm.o
    0x20004330        -       0x00000400   Zero   RW          303    STACK               startup_gd32f10x_md.o


==============================================================================

Image component sizes


      Code (inc. data)   RO Data    RW Data    ZI Data      Debug   Object Name

       234          0          0          0          0       3012   at24c02.o
        20          0          0          0          0        471   delay.o
       388        214          0          0        514        830   esp8266_at.o
         0          0          0          0          0      14612   event_groups.o
       696          6          0          0          0       6040   gd32f10x_dma.o
       152         28          0          0          0       2130   gd32f10x_fwdgt.o
       196          0          0          0          0       2425   gd32f10x_gpio.o
        60         10          0          0          0       2689   gd32f10x_it.o
       216         28          0          0          0       1824   gd32f10x_misc.o
       680         56          0          0          0       4426   gd32f10x_rcu.o
        28          0          0          0          0       1650   gd32f10x_spi.o
       524         16          0          0          0       8080   gd32f10x_usart.o
       520         58          0         28      12288       4795   heap_4.o
        44         10          0          0          0        491   hw_cpu.o
       600         28          0          0          0       3359   hw_i2c.o
       140         26          0          4          0       2551   hw_spi.o
       472         54          0          6        514       3188   hw_usart1.o
        56          0          0          0          0        906   hw_wdt.o
       124          0          0          0          0       2881   list.o
       368        232         92          8          0      45185   main.o
      5272       2468        717          4       2338      46732   onenet_app.o
       362          4          0          0          0       7683   os_port.o
       408        188          0          1        440       3372   ota_fsm.o
       528        172          0          0          0       2276   ota_logic.o
       404         48          0          4          0       9120   port.o
      1704         16          0          0          0      16672   queue.o
        36          8        260          0       1024        800   startup_gd32f10x_md.o
       416         30          0          0          0       2421   system_gd32f10x.o
       296        176          0          5          0       1831   task_wdt.o
      3052        354          0         64        200      33423   tasks.o
       560         60          0          4        768       3202   usart.o
       232          0          0          0          0       2579   w25q64.o

    ----------------------------------------------------------------------
     18806       4290       1104        136      18088     241656   Object Totals
         0          0         32          0          0          0   (incl. Generated)
        18          0          3          8          2          0   (incl. Padding)

    ----------------------------------------------------------------------

      Code (inc. data)   RO Data    RW Data    ZI Data      Debug   Library Member Name

        56          8          0          0          0         84   __0sscanf.o
        28          0          0          0          0         68   _chval.o
       816          6          0          0          0        112   _scanf.o
       332          0          0          0          0         96   _scanf_int.o
       224          0          0          0          0         96   _scanf_str.o
        64          0          0          0          0         84   _sgetc.o
        40          6         64          0          0         68   ctype_c.o
         0          0          0          0          0          0   entry.o
         0          0          0          0          0          0   entry10a.o
         0          0          0          0          0          0   entry11a.o
         4          0          0          0          0          0   entry12b.o
         8          4          0          0          0          0   entry2.o
         4          0          0          0          0          0   entry5.o
         0          0          0          0          0          0   entry7b.o
         0          0          0          0          0          0   entry8b.o
         8          4          0          0          0          0   entry9a.o
        30          0          0          0          0          0   handlers.o
        36          8          0          0          0         68   init.o
        10          0          0          0          0         68   isspace_c.o
         0          0          0          0          0          0   iusefp.o
        30          0          0          0          0         68   llshl.o
        36          0          0          0          0         68   llsshr.o
        32          0          0          0          0         68   llushr.o
        36          0          0          0          0         68   memcpya.o
        36          0          0          0          0        108   memseta.o
      2362         96          0          0          0        768   printfa.o
        40          8          0          0          0         84   scanf_char.o
        14          0          0          0          0         68   strlen.o
        36          0          0          0          0         80   strstr.o
        44          0          0          0          0         80   uidiv.o
        98          0          0          0          0         92   uldiv.o
        48          0          0          0          0         68   cdrcmple.o
       334          0          0          0          0        148   dadd.o
       222          0          0          0          0        100   ddiv.o
       186          0          0          0          0        176   depilogue.o
        48          0          0          0          0         68   dfixul.o
       228          0          0          0          0         96   dmul.o

    ----------------------------------------------------------------------
      5498        140         64          0          0       2952   Library Totals
         8          0          0          0          0          0   (incl. Padding)

    ----------------------------------------------------------------------

      Code (inc. data)   RO Data    RW Data    ZI Data      Debug   Library Name

      4424        140         64          0          0       2296   mc_w.l
      1066          0          0          0          0        656   mf_w.l

    ----------------------------------------------------------------------
      5498        140         64          0          0       2952   Library Totals

    ----------------------------------------------------------------------

==============================================================================


      Code (inc. data)   RO Data    RW Data    ZI Data      Debug   

     24304       4430       1168        136      18088     234516   Grand Totals
     24304       4430       1168        136      18088     234516   ELF Image Totals
     24304       4430       1168        136          0          0   ROM Totals

==============================================================================

    Total RO  Size (Code + RO Data)                25472 (  24.88kB)
    Total RW  Size (RW Data + ZI Data)             18224 (  17.80kB)
    Total ROM Size (Code + RO Data + RW Data)      25608 (  25.01kB)

==============================================================================

