<html>
<body>
<pre>
<h1>礦ision Build Log</h1>
<h2>Tool Versions:</h2>
IDE-Version: μVision V5.37.0.0
Copyright (C) 2022 ARM Ltd and ARM Germany GmbH. All rights reserved.
License Information: 123 123, 123, LIC=UJWP0-BWKFJ-GK7BG-VYW9F-24WUC-NASJL
 
Tool Versions:
Toolchain:       MDK-ARM Plus  Version: 5.37.0.0
Toolchain Path:  E:\Stm32CubeMax\My_Keil5\core\ARM\ARMCC\Bin
C Compiler:      Armcc.exe V5.06 update 7 (build 960)
Assembler:       Armasm.exe V5.06 update 7 (build 960)
Linker/Locator:  ArmLink.exe V5.06 update 7 (build 960)
Library Manager: ArmAr.exe V5.06 update 7 (build 960)
Hex Converter:   FromElf.exe V5.06 update 7 (build 960)
CPU DLL:         SARMCM3.DLL V5.37.0.0
Dialog DLL:      DCM.DLL V1.17.5.0
Target DLL:      STLink\ST-LINKIII-KEIL_SWO.dll V3.0.9.0
Dialog DLL:      TCM.DLL V1.56.1.0
 
<h2>Project:</h2>
C:\Users\lijunkun\Desktop\OTA（2） - 副本\A区程序\USER\ota.uvprojx
Project File Date:  04/20/2026

<h2>Output:</h2>
*** Using Compiler 'V5.06 update 7 (build 960)', folder: 'E:\Stm32CubeMax\My_Keil5\core\ARM\ARMCC\Bin'
Rebuild target 'ota'
assembling startup_gd32f10x_md.s...
compiling task_wdt.c...
task_wdt.h(16): warning:  #1-D: last line of file ends without a newline
  #endif
task_wdt.c(57): warning:  #1-D: last line of file ends without a newline
  }
task_wdt.c: 2 warnings, 0 errors
compiling gd32f10x_it.c...
compiling system_gd32f10x.c...
compiling main.c...
task_wdt.h(16): warning:  #1-D: last line of file ends without a newline
  #endif
main.c: 1 warning, 0 errors
compiling usart.c...
compiling onenet_app.c...
task_wdt.h(16): warning:  #1-D: last line of file ends without a newline
  #endif
onenet_app.c: 1 warning, 0 errors
compiling delay.c...
compiling hw_i2c.c...
compiling hw_cpu.c...
compiling hw_spi.c...
compiling hw_flash.c...
compiling hw_usart1.c...
compiling hw_wdt.c...
compiling gd32f10x_misc.c...
compiling gd32f10x_rcu.c...
compiling gd32f10x_gpio.c...
compiling gd32f10x_usart.c...
compiling gd32f10x_dma.c...
compiling gd32f10x_spi.c...
compiling gd32f10x_fmc.c...
compiling croutine.c...
compiling gd32f10x_wwdgt.c...
compiling event_groups.c...
compiling gd32f10x_fwdgt.c...
compiling list.c...
compiling queue.c...
compiling stream_buffer.c...
compiling timers.c...
compiling heap_4.c...
compiling tasks.c...
compiling os_port.c...
compiling esp8266_at.c...
compiling port.c...
compiling sys_param.c...
compiling w25q64.c...
compiling ota_fsm.c...
compiling ota_logic.c...
compiling at24c02.c...
linking...
Program Size: Code=24304 RO-data=1168 RW-data=136 ZI-data=18088  
FromELF: creating hex file...
After Build - User command #1: fromelf --bin --output ./out.bin ..\OBJ\工程文件.axf
"..\OBJ\工程文件.axf" - 0 Error(s), 4 Warning(s).

<h2>Software Packages used:</h2>

Package Vendor: GigaDevice
                https://gd32mcu.com/data/documents/pack/GigaDevice.GD32F10x_DFP.2.3.0.pack
                GigaDevice.GD32F10x_DFP.2.3.0
                GigaDevice GD32F10x Series Device Support and Examples

<h2>Collection of Component include folders:</h2>
  E:/Stm32CubeMax/My_Keil5/pack/GigaDevice/GD32F10x_DFP/2.3.0/Device/Include

<h2>Collection of Component Files used:</h2>
Build Time Elapsed:  00:00:04
</pre>
</body>
</html>
