<html>
<body>
<pre>
<h1>礦ision Build Log</h1>
<h2>Tool Versions:</h2>
IDE-Version: μVision V5.37.0.0
Copyright (C) 2022 ARM Ltd and ARM Germany GmbH. All rights reserved.
License Information: 123 123, 123, LIC=UJWP0-BWKFJ-GK7BG-VYW9F-24WUC-NASJL
 
Tool Versions:
Toolchain:       MDK-ARM Plus  Version: 5.37.0.0
Toolchain Path:  E:\Stm32CubeMax\My_Keil5\core\ARM\ARMCC\Bin
C Compiler:      Armcc.exe V5.06 update 7 (build 960)
Assembler:       Armasm.exe V5.06 update 7 (build 960)
Linker/Locator:  ArmLink.exe V5.06 update 7 (build 960)
Library Manager: ArmAr.exe V5.06 update 7 (build 960)
Hex Converter:   FromElf.exe V5.06 update 7 (build 960)
CPU DLL:         SARMCM3.DLL V5.37.0.0
Dialog DLL:      DCM.DLL V1.17.5.0
Target DLL:      STLink\ST-LINKIII-KEIL_SWO.dll V3.0.9.0
Dialog DLL:      TCM.DLL V1.56.1.0
 
<h2>Project:</h2>
C:\Users\lijunkun\Desktop\新版Bootloader\GD32内部Flash擦写\USER\工程文件.uvprojx
Project File Date:  04/04/2026

<h2>Output:</h2>
*** Using Compiler 'V5.06 update 7 (build 960)', folder: 'E:\Stm32CubeMax\My_Keil5\core\ARM\ARMCC\Bin'
Rebuild target '工程'
assembling startup_gd32f10x_md.s...
compiling gd32f10x_it.c...
compiling spi.c...
compiling main.c...
..\HW\Include\usart.h(13): warning:  #1-D: last line of file ends without a newline
  #endif /* USART_H */
main.c(115): warning:  #1-D: last line of file ends without a newline
  }
main.c: 2 warnings, 0 errors
compiling delay.c...
compiling iic.c...
compiling system_gd32f10x.c...
compiling usart.c...
compiling m24c02.c...
compiling w25q64.c...
compiling fmc.c...
..\HW\Source\fmc.c(95): warning:  #1-D: last line of file ends without a newline
  }
..\HW\Source\fmc.c: 1 warning, 0 errors
compiling hw_cpu.c...
compiling gd32f10x_misc.c...
compiling gd32f10x_gpio.c...
compiling gd32f10x_usart.c...
compiling gd32f10x_rcu.c...
compiling gd32f10x_dma.c...
compiling gd32f10x_spi.c...
compiling gd32f10x_fmc.c...
linking...
Program Size: Code=12360 RO-data=828 RW-data=0 ZI-data=1888  
FromELF: creating hex file...
"..\OBJ\工程文件.axf" - 0 Error(s), 3 Warning(s).

<h2>Software Packages used:</h2>

Package Vendor: GigaDevice
                https://gd32mcu.com/data/documents/pack/GigaDevice.GD32F10x_DFP.2.3.0.pack
                GigaDevice.GD32F10x_DFP.2.3.0
                GigaDevice GD32F10x Series Device Support and Examples

<h2>Collection of Component include folders:</h2>
  E:/Stm32CubeMax/My_Keil5/pack/GigaDevice/GD32F10x_DFP/2.3.0/Device/Include

<h2>Collection of Component Files used:</h2>
Build Time Elapsed:  00:00:02
</pre>
</body>
</html>
