Component: ARM Compiler 5.06 update 7 (build 960) Tool: armlink [4d3601]

==============================================================================

Section Cross References

    main.o(i.main) refers to delay.o(i.Delay_Init) for Delay_Init
    main.o(i.main) refers to usart.o(i.Usart0_Init) for Usart0_Init
    main.o(i.main) refers to iic.o(i.IIC_Init) for IIC_Init
    main.o(i.main) refers to w25q64.o(i.W25Q64_Init) for W25Q64_Init
    main.o(i.main) refers to usart.o(i.u0_printf) for u0_printf
    main.o(i.main) refers to m24c02.o(i.M24C02_ReadData) for M24C02_ReadData
    main.o(i.main) refers to fmc.o(i.GD32_EraseFlash) for GD32_EraseFlash
    main.o(i.main) refers to aeabi_memset.o(.text) for __aeabi_memset
    main.o(i.main) refers to w25q64.o(i.W25Q64_Read) for W25Q64_Read
    main.o(i.main) refers to fmc.o(i.GD32_WriteFlash) for GD32_WriteFlash
    main.o(i.main) refers to m24c02.o(i.M24C02_WriteByte) for M24C02_WriteByte
    main.o(i.main) refers to delay.o(i.Delay_Ms) for Delay_Ms
    main.o(i.main) refers to hw_cpu.o(i.HW_CPU_JumpToAddress) for HW_CPU_JumpToAddress
    system_gd32f10x.o(i.SystemInit) refers to system_gd32f10x.o(i.system_clock_config) for system_clock_config
    system_gd32f10x.o(i.SystemInit) refers to gd32f10x_misc.o(i.nvic_vector_table_set) for nvic_vector_table_set
    system_gd32f10x.o(i.system_clock_config) refers to system_gd32f10x.o(i.system_clock_108m_hxtal) for system_clock_108m_hxtal
    startup_gd32f10x_md.o(STACK) refers (Special) to heapauxi.o(.text) for __use_two_region_memory
    startup_gd32f10x_md.o(HEAP) refers (Special) to heapauxi.o(.text) for __use_two_region_memory
    startup_gd32f10x_md.o(RESET) refers (Special) to heapauxi.o(.text) for __use_two_region_memory
    startup_gd32f10x_md.o(RESET) refers to startup_gd32f10x_md.o(STACK) for __initial_sp
    startup_gd32f10x_md.o(RESET) refers to startup_gd32f10x_md.o(.text) for Reset_Handler
    startup_gd32f10x_md.o(RESET) refers to gd32f10x_it.o(i.NMI_Handler) for NMI_Handler
    startup_gd32f10x_md.o(RESET) refers to gd32f10x_it.o(i.HardFault_Handler) for HardFault_Handler
    startup_gd32f10x_md.o(RESET) refers to gd32f10x_it.o(i.MemManage_Handler) for MemManage_Handler
    startup_gd32f10x_md.o(RESET) refers to gd32f10x_it.o(i.BusFault_Handler) for BusFault_Handler
    startup_gd32f10x_md.o(RESET) refers to gd32f10x_it.o(i.UsageFault_Handler) for UsageFault_Handler
    startup_gd32f10x_md.o(RESET) refers to gd32f10x_it.o(i.SVC_Handler) for SVC_Handler
    startup_gd32f10x_md.o(RESET) refers to gd32f10x_it.o(i.DebugMon_Handler) for DebugMon_Handler
    startup_gd32f10x_md.o(RESET) refers to gd32f10x_it.o(i.PendSV_Handler) for PendSV_Handler
    startup_gd32f10x_md.o(RESET) refers to gd32f10x_it.o(i.SysTick_Handler) for SysTick_Handler
    startup_gd32f10x_md.o(.text) refers (Special) to heapauxi.o(.text) for __use_two_region_memory
    startup_gd32f10x_md.o(.text) refers to system_gd32f10x.o(i.SystemInit) for SystemInit
    startup_gd32f10x_md.o(.text) refers to __main.o(!!!main) for __main
    startup_gd32f10x_md.o(.text) refers to startup_gd32f10x_md.o(HEAP) for Heap_Mem
    startup_gd32f10x_md.o(.text) refers to startup_gd32f10x_md.o(STACK) for Stack_Mem
    usart.o(i.Usart0_Init) refers to gd32f10x_rcu.o(i.rcu_periph_clock_enable) for rcu_periph_clock_enable
    usart.o(i.Usart0_Init) refers to gd32f10x_gpio.o(i.gpio_init) for gpio_init
    usart.o(i.Usart0_Init) refers to gd32f10x_usart.o(i.usart_deinit) for usart_deinit
    usart.o(i.Usart0_Init) refers to gd32f10x_usart.o(i.usart_baudrate_set) for usart_baudrate_set
    usart.o(i.Usart0_Init) refers to gd32f10x_usart.o(i.usart_parity_config) for usart_parity_config
    usart.o(i.Usart0_Init) refers to gd32f10x_usart.o(i.usart_word_length_set) for usart_word_length_set
    usart.o(i.Usart0_Init) refers to gd32f10x_usart.o(i.usart_stop_bit_set) for usart_stop_bit_set
    usart.o(i.Usart0_Init) refers to gd32f10x_usart.o(i.usart_transmit_config) for usart_transmit_config
    usart.o(i.Usart0_Init) refers to gd32f10x_usart.o(i.usart_enable) for usart_enable
    usart.o(i.u0_printf) refers to vsnprintf.o(.text) for vsnprintf
    usart.o(i.u0_printf) refers to gd32f10x_usart.o(i.usart_flag_get) for usart_flag_get
    usart.o(i.u0_printf) refers to gd32f10x_usart.o(i.usart_data_transmit) for usart_data_transmit
    usart.o(i.u0_printf) refers to strlen.o(.text) for strlen
    usart.o(i.u0_printf) refers to usart.o(.bss) for U0_TxBuff
    delay.o(i.Delay_Init) refers to gd32f10x_misc.o(i.systick_clksource_set) for systick_clksource_set
    delay.o(i.Delay_Ms) refers to delay.o(i.Delay_Us) for Delay_Us
    iic.o(i.IIC_Init) refers to gd32f10x_rcu.o(i.rcu_periph_clock_enable) for rcu_periph_clock_enable
    iic.o(i.IIC_Init) refers to gd32f10x_gpio.o(i.gpio_init) for gpio_init
    iic.o(i.IIC_Init) refers to gd32f10x_gpio.o(i.gpio_bit_set) for gpio_bit_set
    iic.o(i.IIC_Read_Byte) refers to gd32f10x_gpio.o(i.gpio_bit_reset) for gpio_bit_reset
[...]
    ..\\LIB\\Source\\gd32f10x_fmc.c          0x00000000   Number         0  gd32f10x_fmc.o ABSOLUTE
    ..\\LIB\\Source\\gd32f10x_gpio.c         0x00000000   Number         0  gd32f10x_gpio.o ABSOLUTE
    ..\\LIB\\Source\\gd32f10x_misc.c         0x00000000   Number         0  gd32f10x_misc.o ABSOLUTE
    ..\\LIB\\Source\\gd32f10x_rcu.c          0x00000000   Number         0  gd32f10x_rcu.o ABSOLUTE
    ..\\LIB\\Source\\gd32f10x_spi.c          0x00000000   Number         0  gd32f10x_spi.o ABSOLUTE
    ..\\LIB\\Source\\gd32f10x_usart.c        0x00000000   Number         0  gd32f10x_usart.o ABSOLUTE
    dc.s                                     0x00000000   Number         0  dc.o ABSOLUTE
    main.c                                   0x00000000   Number         0  main.o ABSOLUTE
    main.c                                   0x00000000   Number         0  main.o ABSOLUTE
    RESET                                    0x08000000   Section      260  startup_gd32f10x_md.o(RESET)
    !!!main                                  0x08000104   Section        8  __main.o(!!!main)
    !!!scatter                               0x0800010c   Section       52  __scatter.o(!!!scatter)
    !!handler_zi                             0x08000140   Section       28  __scatter_zi.o(!!handler_zi)
    .ARM.Collect$$_printf_percent$$00000000  0x0800015c   Section        0  _printf_percent.o(.ARM.Collect$$_printf_percent$$00000000)
    .ARM.Collect$$_printf_percent$$00000001  0x0800015c   Section        6  _printf_n.o(.ARM.Collect$$_printf_percent$$00000001)
    .ARM.Collect$$_printf_percent$$00000002  0x08000162   Section        6  _printf_p.o(.ARM.Collect$$_printf_percent$$00000002)
    .ARM.Collect$$_printf_percent$$00000003  0x08000168   Section        6  _printf_f.o(.ARM.Collect$$_printf_percent$$00000003)
    .ARM.Collect$$_printf_percent$$00000004  0x0800016e   Section        6  _printf_e.o(.ARM.Collect$$_printf_percent$$00000004)
    .ARM.Collect$$_printf_percent$$00000005  0x08000174   Section        6  _printf_g.o(.ARM.Collect$$_printf_percent$$00000005)
    .ARM.Collect$$_printf_percent$$00000006  0x0800017a   Section        6  _printf_a.o(.ARM.Collect$$_printf_percent$$00000006)
    .ARM.Collect$$_printf_percent$$00000007  0x08000180   Section       10  _printf_ll.o(.ARM.Collect$$_printf_percent$$00000007)
    .ARM.Collect$$_printf_percent$$00000008  0x0800018a   Section        6  _printf_i.o(.ARM.Collect$$_printf_percent$$00000008)
    .ARM.Collect$$_printf_percent$$00000009  0x08000190   Section        6  _printf_d.o(.ARM.Collect$$_printf_percent$$00000009)
    .ARM.Collect$$_printf_percent$$0000000A  0x08000196   Section        6  _printf_u.o(.ARM.Collect$$_printf_percent$$0000000A)
    .ARM.Collect$$_printf_percent$$0000000B  0x0800019c   Section        6  _printf_o.o(.ARM.Collect$$_printf_percent$$0000000B)
    .ARM.Collect$$_printf_percent$$0000000C  0x080001a2   Section        6  _printf_x.o(.ARM.Collect$$_printf_percent$$0000000C)
    .ARM.Collect$$_printf_percent$$0000000D  0x080001a8   Section        6  _printf_lli.o(.ARM.Collect$$_printf_percent$$0000000D)
    .ARM.Collect$$_printf_percent$$0000000E  0x080001ae   Section        6  _printf_lld.o(.ARM.Collect$$_printf_percent$$0000000E)
    .ARM.Collect$$_printf_percent$$0000000F  0x080001b4   Section        6  _printf_llu.o(.ARM.Collect$$_printf_percent$$0000000F)
    .ARM.Collect$$_printf_percent$$00000010  0x080001ba   Section        6  _printf_llo.o(.ARM.Collect$$_printf_percent$$00000010)
    .ARM.Collect$$_printf_percent$$00000011  0x080001c0   Section        6  _printf_llx.o(.ARM.Collect$$_printf_percent$$00000011)
    .ARM.Collect$$_printf_percent$$00000012  0x080001c6   Section       10  _printf_l.o(.ARM.Collect$$_printf_percent$$00000012)
    .ARM.Collect$$_printf_percent$$00000013  0x080001d0   Section        6  _printf_c.o(.ARM.Collect$$_printf_percent$$00000013)
    .ARM.Collect$$_printf_percent$$00000014  0x080001d6   Section        6  _printf_s.o(.ARM.Collect$$_printf_percent$$00000014)
    .ARM.Collect$$_printf_percent$$00000015  0x080001dc   Section        6  _printf_lc.o(.ARM.Collect$$_printf_percent$$00000015)
    .ARM.Collect$$_printf_percent$$00000016  0x080001e2   Section        6  _printf_ls.o(.ARM.Collect$$_printf_percent$$00000016)
    .ARM.Collect$$_printf_percent$$00000017  0x080001e8   Section        4  _printf_percent_end.o(.ARM.Collect$$_printf_percent$$00000017)
    .ARM.Collect$$libinit$$00000000          0x080001ec   Section        2  libinit.o(.ARM.Collect$$libinit$$00000000)
    .ARM.Collect$$libinit$$00000002          0x080001ee   Section        0  libinit2.o(.ARM.Collect$$libinit$$00000002)
    .ARM.Collect$$libinit$$00000004          0x080001ee   Section        0  libinit2.o(.ARM.Collect$$libinit$$00000004)
    .ARM.Collect$$libinit$$0000000A          0x080001ee   Section        0  libinit2.o(.ARM.Collect$$libinit$$0000000A)
    .ARM.Collect$$libinit$$0000000C          0x080001ee   Section        0  libinit2.o(.ARM.Collect$$libinit$$0000000C)
    .ARM.Collect$$libinit$$0000000E          0x080001ee   Section        0  libinit2.o(.ARM.Collect$$libinit$$0000000E)
    .ARM.Collect$$libinit$$0000000F          0x080001ee   Section        6  libinit2.o(.ARM.Collect$$libinit$$0000000F)
    .ARM.Collect$$libinit$$00000011          0x080001f4   Section        0  libinit2.o(.ARM.Collect$$libinit$$00000011)
    .ARM.Collect$$libinit$$00000012          0x080001f4   Section       12  libinit2.o(.ARM.Collect$$libinit$$00000012)
    .ARM.Collect$$libinit$$00000013          0x08000200   Section        0  libinit2.o(.ARM.Collect$$libinit$$00000013)
    .ARM.Collect$$libinit$$00000015          0x08000200   Section        0  libinit2.o(.ARM.Collect$$libinit$$00000015)
    .ARM.Collect$$libinit$$00000016          0x08000200   Section       10  libinit2.o(.ARM.Collect$$libinit$$00000016)
    .ARM.Collect$$libinit$$00000017          0x0800020a   Section        0  libinit2.o(.ARM.Collect$$libinit$$00000017)
    .ARM.Collect$$libinit$$00000019          0x0800020a   Section        0  libinit2.o(.ARM.Collect$$libinit$$00000019)
    .ARM.Collect$$libinit$$0000001B          0x0800020a   Section        0  libinit2.o(.ARM.Collect$$libinit$$0000001B)
    .ARM.Collect$$libinit$$0000001D          0x0800020a   Section        0  libinit2.o(.ARM.Collect$$libinit$$0000001D)
    .ARM.Collect$$libinit$$0000001F          0x0800020a   Section        0  libinit2.o(.ARM.Collect$$libinit$$0000001F)
    .ARM.Collect$$libinit$$00000021          0x0800020a   Section        0  libinit2.o(.ARM.Collect$$libinit$$00000021)
    .ARM.Collect$$libinit$$00000023          0x0800020a   Section        0  libinit2.o(.ARM.Collect$$libinit$$00000023)
    .ARM.Collect$$libinit$$00000025          0x0800020a   Section        0  libinit2.o(.ARM.Collect$$libinit$$00000025)
    .ARM.Collect$$libinit$$0000002C          0x0800020a   Section        0  libinit2.o(.ARM.Collect$$libinit$$0000002C)
    .ARM.Collect$$libinit$$0000002E          0x0800020a   Section        0  libinit2.o(.ARM.Collect$$libinit$$0000002E)
    .ARM.Collect$$libinit$$00000030          0x0800020a   Section        0  libinit2.o(.ARM.Collect$$libinit$$00000030)
    .ARM.Collect$$libinit$$00000032          0x0800020a   Section        0  libinit2.o(.ARM.Collect$$libinit$$00000032)
    .ARM.Collect$$libinit$$00000033          0x0800020a   Section        2  libinit2.o(.ARM.Collect$$libinit$$00000033)
    .ARM.Collect$$libshutdown$$00000000      0x0800020c   Section        2  libshutdown.o(.ARM.Collect$$libshutdown$$00000000)
    .ARM.Collect$$libshutdown$$00000002      0x0800020e   Section        0  libshutdown2.o(.ARM.Collect$$libshutdown$$00000002)
    .ARM.Collect$$libshutdown$$00000004      0x0800020e   Section        0  libshutdown2.o(.ARM.Collect$$libshutdown$$00000004)
    .ARM.Collect$$libshutdown$$00000006      0x0800020e   Section        0  libshutdown2.o(.ARM.Collect$$libshutdown$$00000006)
    .ARM.Collect$$libshutdown$$00000009      0x0800020e   Section        0  libshutdown2.o(.ARM.Collect$$libshutdown$$00000009)
    .ARM.Collect$$libshutdown$$0000000C      0x0800020e   Section        0  libshutdown2.o(.ARM.Collect$$libshutdown$$0000000C)
    .ARM.Collect$$libshutdown$$0000000E      0x0800020e   Section        0  libshutdown2.o(.ARM.Collect$$libshutdown$$0000000E)
    .ARM.Collect$$libshutdown$$00000011      0x0800020e   Section        0  libshutdown2.o(.ARM.Collect$$libshutdown$$00000011)
    .ARM.Collect$$libshutdown$$00000012      0x0800020e   Section        2  libshutdown2.o(.ARM.Collect$$libshutdown$$00000012)
    .ARM.Collect$$rtentry$$00000000          0x08000210   Section        0  __rtentry.o(.ARM.Collect$$rtentry$$00000000)
    .ARM.Collect$$rtentry$$00000002          0x08000210   Section        0  __rtentry2.o(.ARM.Collect$$rtentry$$00000002)
    .ARM.Collect$$rtentry$$00000004          0x08000210   Section        6  __rtentry4.o(.ARM.Collect$$rtentry$$00000004)
    .ARM.Collect$$rtentry$$00000009          0x08000216   Section        0  __rtentry2.o(.ARM.Collect$$rtentry$$00000009)
    .ARM.Collect$$rtentry$$0000000A          0x08000216   Section        4  __rtentry2.o(.ARM.Collect$$rtentry$$0000000A)
    .ARM.Collect$$rtentry$$0000000C          0x0800021a   Section        0  __rtentry2.o(.ARM.Collect$$rtentry$$0000000C)
    .ARM.Collect$$rtentry$$0000000D          0x0800021a   Section        8  __rtentry2.o(.ARM.Collect$$rtentry$$0000000D)
    .ARM.Collect$$rtexit$$00000000           0x08000222   Section        2  rtexit.o(.ARM.Collect$$rtexit$$00000000)
    .ARM.Collect$$rtexit$$00000002           0x08000224   Section        0  rtexit2.o(.ARM.Collect$$rtexit$$00000002)
    .ARM.Collect$$rtexit$$00000003           0x08000224   Section        4  rtexit2.o(.ARM.Collect$$rtexit$$00000003)
    .ARM.Collect$$rtexit$$00000004           0x08000228   Section        6  rtexit2.o(.ARM.Collect$$rtexit$$00000004)
    .text                                    0x08000230   Section       64  startup_gd32f10x_md.o(.text)
    .text                                    0x08000270   Section        0  vsnprintf.o(.text)
    .text                                    0x080002a4   Section        0  strlen.o(.text)
    .text                                    0x080002e2   Section       16  aeabi_memset.o(.text)
    .text                                    0x080002f2   Section        0  heapauxi.o(.text)
    .text                                    0x080002f8   Section        0  _printf_pad.o(.text)
    .text                                    0x08000346   Section        0  _printf_truncate.o(.text)
    .text                                    0x0800036a   Section        0  _printf_str.o(.text)
    .text                                    0x080003bc   Section        0  _printf_dec.o(.text)
    .text                                    0x08000434   Section        0  _printf_charcount.o(.text)
    .text                                    0x0800045c   Section        0  _printf_char_common.o(.text)
    _printf_input_char                       0x0800045d   Thumb Code    10  _printf_char_common.o(.text)
    .text                                    0x0800048c   Section        0  _sputc.o(.text)
    .text                                    0x08000496   Section        0  _snputc.o(.text)
    .text                                    0x080004a8   Section        0  _printf_wctomb.o(.text)
    .text                                    0x08000564   Section        0  _printf_longlong_dec.o(.text)
    .text                                    0x080005e0   Section        0  _printf_oct_int_ll.o(.text)
    _printf_longlong_oct_internal            0x080005e1   Thumb Code     0  _printf_oct_int_ll.o(.text)
    .text                                    0x08000650   Section        0  _printf_hex_int_ll_ptr.o(.text)
    _printf_hex_common                       0x08000651   Thumb Code     0  _printf_hex_int_ll_ptr.o(.text)
    .text                                    0x080006e4   Section        0  __printf_flags_ss_wp.o(.text)
    .text                                    0x0800086c   Section       68  rt_memclr.o(.text)
    .text                                    0x080008b0   Section      138  lludiv10.o(.text)
    .text                                    0x0800093a   Section        0  _printf_intcommon.o(.text)
    .text                                    0x080009ec   Section        0  _printf_fp_dec.o(.text)
    _fp_digits                               0x080009ef   Thumb Code   432  _printf_fp_dec.o(.text)
    .text                                    0x08000e0c   Section        0  _printf_fp_hex.o(.text)
    .text                                    0x08001108   Section        0  _printf_char.o(.text)
    .text                                    0x08001134   Section        0  _printf_wchar.o(.text)
    .text                                    0x08001160   Section        0  _wcrtomb.o(.text)
    .text                                    0x080011a0   Section       78  rt_memclr_w.o(.text)
    .text                                    0x080011ee   Section       74  sys_stackheap_outer.o(.text)
    .text                                    0x08001238   Section       16  rt_ctype_table.o(.text)
    .text                                    0x08001248   Section        8  rt_locale_intlibspace.o(.text)
    .text                                    0x08001250   Section        0  _printf_fp_infnan.o(.text)
    .text                                    0x080012d0   Section        0  bigflt0.o(.text)
    .text                                    0x080013b4   Section        0  exit.o(.text)
    .text                                    0x080013c8   Section        8  libspace.o(.text)
    .text                                    0x080013d0   Section      128  strcmpv7m.o(.text)
    .text                                    0x08001450   Section        0  sys_exit.o(.text)
    .text                                    0x0800145c   Section        2  use_no_semi.o(.text)
    .text                                    0x0800145e   Section        0  indicate_semi.o(.text)
    CL$$btod_d2e                             0x0800145e   Section       62  btod.o(CL$$btod_d2e)
    CL$$btod_d2e_denorm_low                  0x0800149c   Section       70  btod.o(CL$$btod_d2e_denorm_low)
    CL$$btod_d2e_norm_op1                    0x080014e2   Section       96  btod.o(CL$$btod_d2e_norm_op1)
    CL$$btod_div_common                      0x08001542   Section      824  btod.o(CL$$btod_div_common)
    CL$$btod_e2e                             0x0800187a   Section      220  btod.o(CL$$btod_e2e)
    CL$$btod_ediv                            0x08001956   Section       42  btod.o(CL$$btod_ediv)
    CL$$btod_emul                            0x08001980   Section       42  btod.o(CL$$btod_emul)
    CL$$btod_mult_common                     0x080019aa   Section      580  btod.o(CL$$btod_mult_common)
    i.BusFault_Handler                       0x08001bee   Section        0  gd32f10x_it.o(i.BusFault_Handler)
    i.DebugMon_Handler                       0x08001bf2   Section        0  gd32f10x_it.o(i.DebugMon_Handler)
    i.Delay_Init                             0x08001bf4   Section        0  delay.o(i.Delay_Init)
    i.Delay_Ms                               0x08001bfe   Section        0  delay.o(i.Delay_Ms)
    i.Delay_Us                               0x08001c18   Section        0  delay.o(i.Delay_Us)
    i.GD32_EraseFlash                        0x08001c52   Section        0  fmc.o(i.GD32_EraseFlash)
    i.GD32_WriteFlash                        0x08001c8a   Section        0  fmc.o(i.GD32_WriteFlash)
    i.HW_CPU_JumpToAddress                   0x08001ccc   Section        0  hw_cpu.o(i.HW_CPU_JumpToAddress)
    i.HardFault_Handler                      0x08001d24   Section        0  gd32f10x_it.o(i.HardFault_Handler)
    i.IIC_Init                               0x08001d28   Section        0  iic.o(i.IIC_Init)
    i.IIC_Read_Byte                          0x08001d60   Section        0  iic.o(i.IIC_Read_Byte)
    i.IIC_Send_Byte                          0x08001e0c   Section        0  iic.o(i.IIC_Send_Byte)
    i.IIC_Start                              0x08001e68   Section        0  iic.o(i.IIC_Start)
    i.IIC_Stop                               0x08001e9c   Section        0  iic.o(i.IIC_Stop)
    i.IIC_Wait_Ack                           0x08001ec4   Section        0  iic.o(i.IIC_Wait_Ack)
    i.M24C02_ReadData                        0x08001f1c   Section        0  m24c02.o(i.M24C02_ReadData)
    i.M24C02_WriteByte                       0x08001f8e   Section        0  m24c02.o(i.M24C02_WriteByte)
    i.MemManage_Handler                      0x08001fd6   Section        0  gd32f10x_it.o(i.MemManage_Handler)
    i.NMI_Handler                            0x08001fda   Section        0  gd32f10x_it.o(i.NMI_Handler)
    i.PendSV_Handler                         0x08001fdc   Section        0  gd32f10x_it.o(i.PendSV_Handler)
    i.SPI0_Init                              0x08001fe0   Section        0  spi.o(i.SPI0_Init)
    i.SPI0_Read                              0x08002048   Section        0  spi.o(i.SPI0_Read)
    i.SPI0_ReadWriteByte                     0x08002064   Section        0  spi.o(i.SPI0_ReadWriteByte)
    i.SPI0_Write                             0x0800209c   Section        0  spi.o(i.SPI0_Write)
    i.SVC_Handler                            0x080020b6   Section        0  gd32f10x_it.o(i.SVC_Handler)
    i.SysTick_Handler                        0x080020b8   Section        0  gd32f10x_it.o(i.SysTick_Handler)
    i.SystemInit                             0x080020bc   Section        0  system_gd32f10x.o(i.SystemInit)
    i.UsageFault_Handler                     0x08002190   Section        0  gd32f10x_it.o(i.UsageFault_Handler)
    i.Usart0_Init                            0x08002194   Section        0  usart.o(i.Usart0_Init)
    i.W25Q64_Init                            0x080021f4   Section        0  w25q64.o(i.W25Q64_Init)
    i.W25Q64_Read                            0x0800221c   Section        0  w25q64.o(i.W25Q64_Read)
    i.W25Q64_WaitBusy                        0x08002268   Section        0  w25q64.o(i.W25Q64_WaitBusy)
    i.__ARM_fpclassify                       0x08002298   Section        0  fpclassify.o(i.__ARM_fpclassify)
    i._is_digit                              0x080022c0   Section        0  __printf_wp.o(i._is_digit)
    i.fmc_bank0_ready_wait                   0x080022ce   Section        0  gd32f10x_fmc.o(i.fmc_bank0_ready_wait)
    i.fmc_bank0_state_get                    0x080022f0   Section        0  gd32f10x_fmc.o(i.fmc_bank0_state_get)
    i.fmc_bank1_ready_wait                   0x08002320   Section        0  gd32f10x_fmc.o(i.fmc_bank1_ready_wait)
    i.fmc_bank1_state_get                    0x08002344   Section        0  gd32f10x_fmc.o(i.fmc_bank1_state_get)
    i.fmc_flag_clear                         0x08002374   Section        0  gd32f10x_fmc.o(i.fmc_flag_clear)
    i.fmc_lock                               0x08002394   Section        0  gd32f10x_fmc.o(i.fmc_lock)
    i.fmc_page_erase                         0x080023c0   Section        0  gd32f10x_fmc.o(i.fmc_page_erase)
    i.fmc_unlock                             0x080024ac   Section        0  gd32f10x_fmc.o(i.fmc_unlock)
    i.fmc_word_program                       0x080024f0   Section        0  gd32f10x_fmc.o(i.fmc_word_program)
    i.gpio_bit_reset                         0x080025b0   Section        0  gd32f10x_gpio.o(i.gpio_bit_reset)
    i.gpio_bit_set                           0x080025b4   Section        0  gd32f10x_gpio.o(i.gpio_bit_set)
    i.gpio_init                              0x080025b8   Section        0  gd32f10x_gpio.o(i.gpio_init)
    i.gpio_input_bit_get                     0x08002664   Section        0  gd32f10x_gpio.o(i.gpio_input_bit_get)
    i.main                                   0x08002674   Section        0  main.o(i.main)
    i.nvic_vector_table_set                  0x08002a5c   Section        0  gd32f10x_misc.o(i.nvic_vector_table_set)
    i.rcu_clock_freq_get                     0x08002a74   Section        0  gd32f10x_rcu.o(i.rcu_clock_freq_get)
    i.rcu_deinit                             0x08002b98   Section        0  gd32f10x_rcu.o(i.rcu_deinit)
    i.rcu_flag_get                           0x08002bf0   Section        0  gd32f10x_rcu.o(i.rcu_flag_get)
    i.rcu_osci_stab_wait                     0x08002c14   Section        0  gd32f10x_rcu.o(i.rcu_osci_stab_wait)
    i.rcu_periph_clock_enable                0x08002cf4   Section        0  gd32f10x_rcu.o(i.rcu_periph_clock_enable)
    i.rcu_periph_reset_disable               0x08002d14   Section        0  gd32f10x_rcu.o(i.rcu_periph_reset_disable)
    i.rcu_periph_reset_enable                0x08002d34   Section        0  gd32f10x_rcu.o(i.rcu_periph_reset_enable)
    i.spi_enable                             0x08002d54   Section        0  gd32f10x_spi.o(i.spi_enable)
    i.spi_i2s_data_receive                   0x08002d5e   Section        0  gd32f10x_spi.o(i.spi_i2s_data_receive)
    i.spi_i2s_data_transmit                  0x08002d66   Section        0  gd32f10x_spi.o(i.spi_i2s_data_transmit)
    i.spi_i2s_deinit                         0x08002d6c   Section        0  gd32f10x_spi.o(i.spi_i2s_deinit)
    i.spi_i2s_flag_get                       0x08002dc4   Section        0  gd32f10x_spi.o(i.spi_i2s_flag_get)
    i.spi_init                               0x08002dd4   Section        0  gd32f10x_spi.o(i.spi_init)
    i.system_clock_108m_hxtal                0x08002e08   Section        0  system_gd32f10x.o(i.system_clock_108m_hxtal)
    system_clock_108m_hxtal                  0x08002e09   Thumb Code   182  system_gd32f10x.o(i.system_clock_108m_hxtal)
    i.system_clock_config                    0x08002ecc   Section        0  system_gd32f10x.o(i.system_clock_config)
    system_clock_config                      0x08002ecd   Thumb Code     8  system_gd32f10x.o(i.system_clock_config)
    i.systick_clksource_set                  0x08002ed4   Section        0  gd32f10x_misc.o(i.systick_clksource_set)
    i.u0_printf                              0x08002efc   Section        0  usart.o(i.u0_printf)
    i.usart_baudrate_set                     0x08002f5c   Section        0  gd32f10x_usart.o(i.usart_baudrate_set)
    i.usart_data_transmit                    0x08002fec   Section        0  gd32f10x_usart.o(i.usart_data_transmit)
    i.usart_deinit                           0x08002ff4   Section        0  gd32f10x_usart.o(i.usart_deinit)
    i.usart_enable                           0x08003084   Section        0  gd32f10x_usart.o(i.usart_enable)
    i.usart_flag_get                         0x0800308e   Section        0  gd32f10x_usart.o(i.usart_flag_get)
    i.usart_parity_config                    0x080030ac   Section        0  gd32f10x_usart.o(i.usart_parity_config)
    i.usart_stop_bit_set                     0x080030bc   Section        0  gd32f10x_usart.o(i.usart_stop_bit_set)
    i.usart_transmit_config                  0x080030cc   Section        0  gd32f10x_usart.o(i.usart_transmit_config)
    i.usart_word_length_set                  0x080030dc   Section        0  gd32f10x_usart.o(i.usart_word_length_set)
    locale$$code                             0x080030ec   Section       44  lc_numeric_c.o(locale$$code)
    locale$$code                             0x08003118   Section       44  lc_ctype_c.o(locale$$code)
    x$fpl$printf1                            0x08003144   Section        4  printf1.o(x$fpl$printf1)
    x$fpl$printf2                            0x08003148   Section        4  printf2.o(x$fpl$printf2)
    .constdata                               0x0800314c   Section        8  _printf_wctomb.o(.constdata)
    x$fpl$usenofp                            0x0800314c   Section        0  usenofp.o(x$fpl$usenofp)
    initial_mbstate                          0x0800314c   Data           8  _printf_wctomb.o(.constdata)
    .constdata                               0x08003154   Section       40  _printf_hex_int_ll_ptr.o(.constdata)
    uc_hextab                                0x08003154   Data          20  _printf_hex_int_ll_ptr.o(.constdata)
    lc_hextab                                0x08003168   Data          20  _printf_hex_int_ll_ptr.o(.constdata)
    .constdata                               0x0800317c   Section       17  __printf_flags_ss_wp.o(.constdata)
    maptable                                 0x0800317c   Data          17  __printf_flags_ss_wp.o(.constdata)
    .constdata                               0x0800318d   Section       38  _printf_fp_hex.o(.constdata)
    lc_hextab                                0x0800318d   Data          19  _printf_fp_hex.o(.constdata)
    uc_hextab                                0x080031a0   Data          19  _printf_fp_hex.o(.constdata)
    .constdata                               0x080031b4   Section      148  bigflt0.o(.constdata)
    tenpwrs_x                                0x080031b4   Data          60  bigflt0.o(.constdata)
    tenpwrs_i                                0x080031f0   Data          64  bigflt0.o(.constdata)
    locale$$data                             0x08003258   Section       28  lc_numeric_c.o(locale$$data)
    __lcnum_c_name                           0x0800325c   Data           2  lc_numeric_c.o(locale$$data)
    __lcnum_c_start                          0x08003264   Data           0  lc_numeric_c.o(locale$$data)
    __lcnum_c_point                          0x08003270   Data           0  lc_numeric_c.o(locale$$data)
    __lcnum_c_thousands                      0x08003272   Data           0  lc_numeric_c.o(locale$$data)
    __lcnum_c_grouping                       0x08003273   Data           0  lc_numeric_c.o(locale$$data)
    locale$$data                             0x08003274   Section      272  lc_ctype_c.o(locale$$data)
    __lcnum_c_end                            0x08003274   Data           0  lc_numeric_c.o(locale$$data)
    __lcctype_c_name                         0x08003278   Data           2  lc_ctype_c.o(locale$$data)
    __lcctype_c_start                        0x08003280   Data           0  lc_ctype_c.o(locale$$data)
    __lcctype_c_end                          0x08003384   Data           0  lc_ctype_c.o(locale$$data)
    .bss                                     0x20000000   Section      256  usart.o(.bss)
    .bss                                     0x20000100   Section       96  libspace.o(.bss)
    HEAP                                     0x20000160   Section      512  startup_gd32f10x_md.o(HEAP)
    Heap_Mem                                 0x20000160   Data         512  startup_gd32f10x_md.o(HEAP)
    STACK                                    0x20000360   Section     1024  startup_gd32f10x_md.o(STACK)
    Stack_Mem                                0x20000360   Data        1024  startup_gd32f10x_md.o(STACK)
    __initial_sp                             0x20000760   Data           0  startup_gd32f10x_md.o(STACK)

    Global Symbols

    Symbol Name                              Value     Ov Type        Size  Object(Section)

    BuildAttributes$$THM_ISAv4$P$D$K$B$S$PE$A:L22UL41UL21$X:L11$S22US41US21$IEEE1$IW$USESV6$~STKCKD$USESV7$~SHL$OTIME$ROPI$IEEEJ$EBA8$UX$STANDARDLIB$REQ8$PRES8$EABIv2 0x00000000   Number         0  anon$$obj.o ABSOLUTE
    __ARM_use_no_argv                        0x00000000   Number         0  main.o ABSOLUTE
    _printf_flags                            0x00000000   Number         0  printf_stubs.o ABSOLUTE
    _printf_return_value                     0x00000000   Number         0  printf_stubs.o ABSOLUTE
    _printf_sizespec                         0x00000000   Number         0  printf_stubs.o ABSOLUTE
    _printf_widthprec                        0x00000000   Number         0  printf_stubs.o ABSOLUTE
    __ARM_exceptions_init                     - Undefined Weak Reference
    __alloca_initialize                       - Undefined Weak Reference
    __arm_fini_                               - Undefined Weak Reference
    __arm_preinit_                            - Undefined Weak Reference
    __cpp_initialize__aeabi_                  - Undefined Weak Reference
    __cxa_finalize                            - Undefined Weak Reference
    __sigvec_lookup                           - Undefined Weak Reference
    _atexit_init                              - Undefined Weak Reference
    _call_atexit_fns                          - Undefined Weak Reference
    _clock_init                               - Undefined Weak Reference
    _fp_trap_init                             - Undefined Weak Reference
    _fp_trap_shutdown                         - Undefined Weak Reference
    _get_lc_collate                           - Undefined Weak Reference
    _get_lc_monetary                          - Undefined Weak Reference
    _get_lc_time                              - Undefined Weak Reference
    _getenv_init                              - Undefined Weak Reference
    _handle_redirection                       - Undefined Weak Reference
    _init_alloc                               - Undefined Weak Reference
    _init_user_alloc                          - Undefined Weak Reference
    _initio                                   - Undefined Weak Reference
    _printf_mbtowc                            - Undefined Weak Reference
    _printf_wc                                - Undefined Weak Reference
    _rand_init                                - Undefined Weak Reference
    _signal_finish                            - Undefined Weak Reference
    _signal_init                              - Undefined Weak Reference
    _terminate_alloc                          - Undefined Weak Reference
    _terminate_user_alloc                     - Undefined Weak Reference
    _terminateio                              - Undefined Weak Reference
    __Vectors_Size                           0x00000104   Number         0  startup_gd32f10x_md.o ABSOLUTE
    __Vectors                                0x08000000   Data           4  startup_gd32f10x_md.o(RESET)
    __Vectors_End                            0x08000104   Data           0  startup_gd32f10x_md.o(RESET)
    __main                                   0x08000105   Thumb Code     8  __main.o(!!!main)
    __scatterload                            0x0800010d   Thumb Code     0  __scatter.o(!!!scatter)
    __scatterload_rt2                        0x0800010d   Thumb Code    44  __scatter.o(!!!scatter)
    __scatterload_rt2_thumb_only             0x0800010d   Thumb Code     0  __scatter.o(!!!scatter)
    __scatterload_null                       0x0800011b   Thumb Code     0  __scatter.o(!!!scatter)
    __scatterload_zeroinit                   0x08000141   Thumb Code    28  __scatter_zi.o(!!handler_zi)
    _printf_n                                0x0800015d   Thumb Code     0  _printf_n.o(.ARM.Collect$$_printf_percent$$00000001)
    _printf_percent                          0x0800015d   Thumb Code     0  _printf_percent.o(.ARM.Collect$$_printf_percent$$00000000)
    _printf_p                                0x08000163   Thumb Code     0  _printf_p.o(.ARM.Collect$$_printf_percent$$00000002)
    _printf_f                                0x08000169   Thumb Code     0  _printf_f.o(.ARM.Collect$$_printf_percent$$00000003)
    _printf_e                                0x0800016f   Thumb Code     0  _printf_e.o(.ARM.Collect$$_printf_percent$$00000004)
    _printf_g                                0x08000175   Thumb Code     0  _printf_g.o(.ARM.Collect$$_printf_percent$$00000005)
    _printf_a                                0x0800017b   Thumb Code     0  _printf_a.o(.ARM.Collect$$_printf_percent$$00000006)
    _printf_ll                               0x08000181   Thumb Code     0  _printf_ll.o(.ARM.Collect$$_printf_percent$$00000007)
    _printf_i                                0x0800018b   Thumb Code     0  _printf_i.o(.ARM.Collect$$_printf_percent$$00000008)
    _printf_d                                0x08000191   Thumb Code     0  _printf_d.o(.ARM.Collect$$_printf_percent$$00000009)
    _printf_u                                0x08000197   Thumb Code     0  _printf_u.o(.ARM.Collect$$_printf_percent$$0000000A)
    _printf_o                                0x0800019d   Thumb Code     0  _printf_o.o(.ARM.Collect$$_printf_percent$$0000000B)
    _printf_x                                0x080001a3   Thumb Code     0  _printf_x.o(.ARM.Collect$$_printf_percent$$0000000C)
    _printf_lli                              0x080001a9   Thumb Code     0  _printf_lli.o(.ARM.Collect$$_printf_percent$$0000000D)
    _printf_lld                              0x080001af   Thumb Code     0  _printf_lld.o(.ARM.Collect$$_printf_percent$$0000000E)
    _printf_llu                              0x080001b5   Thumb Code     0  _printf_llu.o(.ARM.Collect$$_printf_percent$$0000000F)
    _printf_llo                              0x080001bb   Thumb Code     0  _printf_llo.o(.ARM.Collect$$_printf_percent$$00000010)
    _printf_llx                              0x080001c1   Thumb Code     0  _printf_llx.o(.ARM.Collect$$_printf_percent$$00000011)
    _printf_l                                0x080001c7   Thumb Code     0  _printf_l.o(.ARM.Collect$$_printf_percent$$00000012)
    _printf_c                                0x080001d1   Thumb Code     0  _printf_c.o(.ARM.Collect$$_printf_percent$$00000013)
    _printf_s                                0x080001d7   Thumb Code     0  _printf_s.o(.ARM.Collect$$_printf_percent$$00000014)
    _printf_lc                               0x080001dd   Thumb Code     0  _printf_lc.o(.ARM.Collect$$_printf_percent$$00000015)
    _printf_ls                               0x080001e3   Thumb Code     0  _printf_ls.o(.ARM.Collect$$_printf_percent$$00000016)
    _printf_percent_end                      0x080001e9   Thumb Code     0  _printf_percent_end.o(.ARM.Collect$$_printf_percent$$00000017)
    __rt_lib_init                            0x080001ed   Thumb Code     0  libinit.o(.ARM.Collect$$libinit$$00000000)
    __rt_lib_init_fp_1                       0x080001ef   Thumb Code     0  libinit2.o(.ARM.Collect$$libinit$$00000002)
    __rt_lib_init_heap_1                     0x080001ef   Thumb Code     0  libinit2.o(.ARM.Collect$$libinit$$0000000A)
    __rt_lib_init_lc_common                  0x080001ef   Thumb Code     0  libinit2.o(.ARM.Collect$$libinit$$0000000F)
    __rt_lib_init_preinit_1                  0x080001ef   Thumb Code     0  libinit2.o(.ARM.Collect$$libinit$$00000004)
    __rt_lib_init_rand_1                     0x080001ef   Thumb Code     0  libinit2.o(.ARM.Collect$$libinit$$0000000E)
    __rt_lib_init_user_alloc_1               0x080001ef   Thumb Code     0  libinit2.o(.ARM.Collect$$libinit$$0000000C)
    __rt_lib_init_lc_collate_1               0x080001f5   Thumb Code     0  libinit2.o(.ARM.Collect$$libinit$$00000011)
    __rt_lib_init_lc_ctype_2                 0x080001f5   Thumb Code     0  libinit2.o(.ARM.Collect$$libinit$$00000012)
    __rt_lib_init_lc_ctype_1                 0x08000201   Thumb Code     0  libinit2.o(.ARM.Collect$$libinit$$00000013)
    __rt_lib_init_lc_monetary_1              0x08000201   Thumb Code     0  libinit2.o(.ARM.Collect$$libinit$$00000015)
    __rt_lib_init_lc_numeric_2               0x08000201   Thumb Code     0  libinit2.o(.ARM.Collect$$libinit$$00000016)
    __rt_lib_init_alloca_1                   0x0800020b   Thumb Code     0  libinit2.o(.ARM.Collect$$libinit$$0000002E)
    __rt_lib_init_argv_1                     0x0800020b   Thumb Code     0  libinit2.o(.ARM.Collect$$libinit$$0000002C)
    __rt_lib_init_atexit_1                   0x0800020b   Thumb Code     0  libinit2.o(.ARM.Collect$$libinit$$0000001B)
    __rt_lib_init_clock_1                    0x0800020b   Thumb Code     0  libinit2.o(.ARM.Collect$$libinit$$00000021)
    __rt_lib_init_cpp_1                      0x0800020b   Thumb Code     0  libinit2.o(.ARM.Collect$$libinit$$00000032)
    __rt_lib_init_exceptions_1               0x0800020b   Thumb Code     0  libinit2.o(.ARM.Collect$$libinit$$00000030)
    __rt_lib_init_fp_trap_1                  0x0800020b   Thumb Code     0  libinit2.o(.ARM.Collect$$libinit$$0000001F)
    __rt_lib_init_getenv_1                   0x0800020b   Thumb Code     0  libinit2.o(.ARM.Collect$$libinit$$00000023)
    __rt_lib_init_lc_numeric_1               0x0800020b   Thumb Code     0  libinit2.o(.ARM.Collect$$libinit$$00000017)
    __rt_lib_init_lc_time_1                  0x0800020b   Thumb Code     0  libinit2.o(.ARM.Collect$$libinit$$00000019)
    __rt_lib_init_return                     0x0800020b   Thumb Code     0  libinit2.o(.ARM.Collect$$libinit$$00000033)
    __rt_lib_init_signal_1                   0x0800020b   Thumb Code     0  libinit2.o(.ARM.Collect$$libinit$$0000001D)
    __rt_lib_init_stdio_1                    0x0800020b   Thumb Code     0  libinit2.o(.ARM.Collect$$libinit$$00000025)
    __rt_lib_shutdown                        0x0800020d   Thumb Code     0  libshutdown.o(.ARM.Collect$$libshutdown$$00000000)
    __rt_lib_shutdown_cpp_1                  0x0800020f   Thumb Code     0  libshutdown2.o(.ARM.Collect$$libshutdown$$00000004)
    __rt_lib_shutdown_fini_1                 0x0800020f   Thumb Code     0  libshutdown2.o(.ARM.Collect$$libshutdown$$00000002)
    __rt_lib_shutdown_fp_trap_1              0x0800020f   Thumb Code     0  libshutdown2.o(.ARM.Collect$$libshutdown$$00000009)
    __rt_lib_shutdown_heap_1                 0x0800020f   Thumb Code     0  libshutdown2.o(.ARM.Collect$$libshutdown$$00000011)
    __rt_lib_shutdown_return                 0x0800020f   Thumb Code     0  libshutdown2.o(.ARM.Collect$$libshutdown$$00000012)
    __rt_lib_shutdown_signal_1               0x0800020f   Thumb Code     0  libshutdown2.o(.ARM.Collect$$libshutdown$$0000000C)
    __rt_lib_shutdown_stdio_1                0x0800020f   Thumb Code     0  libshutdown2.o(.ARM.Collect$$libshutdown$$00000006)
    __rt_lib_shutdown_user_alloc_1           0x0800020f   Thumb Code     0  libshutdown2.o(.ARM.Collect$$libshutdown$$0000000E)
    __rt_entry                               0x08000211   Thumb Code     0  __rtentry.o(.ARM.Collect$$rtentry$$00000000)
    __rt_entry_presh_1                       0x08000211   Thumb Code     0  __rtentry2.o(.ARM.Collect$$rtentry$$00000002)
    __rt_entry_sh                            0x08000211   Thumb Code     0  __rtentry4.o(.ARM.Collect$$rtentry$$00000004)
    __rt_entry_li                            0x08000217   Thumb Code     0  __rtentry2.o(.ARM.Collect$$rtentry$$0000000A)
    __rt_entry_postsh_1                      0x08000217   Thumb Code     0  __rtentry2.o(.ARM.Collect$$rtentry$$00000009)
    __rt_entry_main                          0x0800021b   Thumb Code     0  __rtentry2.o(.ARM.Collect$$rtentry$$0000000D)
    __rt_entry_postli_1                      0x0800021b   Thumb Code     0  __rtentry2.o(.ARM.Collect$$rtentry$$0000000C)
    __rt_exit                                0x08000223   Thumb Code     0  rtexit.o(.ARM.Collect$$rtexit$$00000000)
    __rt_exit_ls                             0x08000225   Thumb Code     0  rtexit2.o(.ARM.Collect$$rtexit$$00000003)
    __rt_exit_prels_1                        0x08000225   Thumb Code     0  rtexit2.o(.ARM.Collect$$rtexit$$00000002)
    __rt_exit_exit                           0x08000229   Thumb Code     0  rtexit2.o(.ARM.Collect$$rtexit$$00000004)
    Reset_Handler                            0x08000231   Thumb Code     8  startup_gd32f10x_md.o(.text)
    ADC0_1_IRQHandler                        0x0800024b   Thumb Code     0  startup_gd32f10x_md.o(.text)
    CAN0_EWMC_IRQHandler                     0x0800024b   Thumb Code     0  startup_gd32f10x_md.o(.text)
    CAN0_RX1_IRQHandler                      0x0800024b   Thumb Code     0  startup_gd32f10x_md.o(.text)
    DMA0_Channel0_IRQHandler                 0x0800024b   Thumb Code     0  startup_gd32f10x_md.o(.text)
    DMA0_Channel1_IRQHandler                 0x0800024b   Thumb Code     0  startup_gd32f10x_md.o(.text)
    DMA0_Channel2_IRQHandler                 0x0800024b   Thumb Code     0  startup_gd32f10x_md.o(.text)
    DMA0_Channel3_IRQHandler                 0x0800024b   Thumb Code     0  startup_gd32f10x_md.o(.text)
    DMA0_Channel4_IRQHandler                 0x0800024b   Thumb Code     0  startup_gd32f10x_md.o(.text)
    DMA0_Channel5_IRQHandler                 0x0800024b   Thumb Code     0  startup_gd32f10x_md.o(.text)
    DMA0_Channel6_IRQHandler                 0x0800024b   Thumb Code     0  startup_gd32f10x_md.o(.text)
    EXMC_IRQHandler                          0x0800024b   Thumb Code     0  startup_gd32f10x_md.o(.text)
    EXTI0_IRQHandler                         0x0800024b   Thumb Code     0  startup_gd32f10x_md.o(.text)
    EXTI10_15_IRQHandler                     0x0800024b   Thumb Code     0  startup_gd32f10x_md.o(.text)
    EXTI1_IRQHandler                         0x0800024b   Thumb Code     0  startup_gd32f10x_md.o(.text)
    EXTI2_IRQHandler                         0x0800024b   Thumb Code     0  startup_gd32f10x_md.o(.text)
    EXTI3_IRQHandler                         0x0800024b   Thumb Code     0  startup_gd32f10x_md.o(.text)
    EXTI4_IRQHandler                         0x0800024b   Thumb Code     0  startup_gd32f10x_md.o(.text)
    EXTI5_9_IRQHandler                       0x0800024b   Thumb Code     0  startup_gd32f10x_md.o(.text)
    FMC_IRQHandler                           0x0800024b   Thumb Code     0  startup_gd32f10x_md.o(.text)
    I2C0_ER_IRQHandler                       0x0800024b   Thumb Code     0  startup_gd32f10x_md.o(.text)
    I2C0_EV_IRQHandler                       0x0800024b   Thumb Code     0  startup_gd32f10x_md.o(.text)
    I2C1_ER_IRQHandler                       0x0800024b   Thumb Code     0  startup_gd32f10x_md.o(.text)
    I2C1_EV_IRQHandler                       0x0800024b   Thumb Code     0  startup_gd32f10x_md.o(.text)
    LVD_IRQHandler                           0x0800024b   Thumb Code     0  startup_gd32f10x_md.o(.text)
    RCU_IRQHandler                           0x0800024b   Thumb Code     0  startup_gd32f10x_md.o(.text)
    RTC_Alarm_IRQHandler                     0x0800024b   Thumb Code     0  startup_gd32f10x_md.o(.text)
    RTC_IRQHandler                           0x0800024b   Thumb Code     0  startup_gd32f10x_md.o(.text)
    SPI0_IRQHandler                          0x0800024b   Thumb Code     0  startup_gd32f10x_md.o(.text)
    SPI1_IRQHandler                          0x0800024b   Thumb Code     0  startup_gd32f10x_md.o(.text)
    TAMPER_IRQHandler                        0x0800024b   Thumb Code     0  startup_gd32f10x_md.o(.text)
    TIMER0_BRK_IRQHandler                    0x0800024b   Thumb Code     0  startup_gd32f10x_md.o(.text)
    TIMER0_Channel_IRQHandler                0x0800024b   Thumb Code     0  startup_gd32f10x_md.o(.text)
    TIMER0_TRG_CMT_IRQHandler                0x0800024b   Thumb Code     0  startup_gd32f10x_md.o(.text)
    TIMER0_UP_IRQHandler                     0x0800024b   Thumb Code     0  startup_gd32f10x_md.o(.text)
    TIMER1_IRQHandler                        0x0800024b   Thumb Code     0  startup_gd32f10x_md.o(.text)
    TIMER2_IRQHandler                        0x0800024b   Thumb Code     0  startup_gd32f10x_md.o(.text)
    TIMER3_IRQHandler                        0x0800024b   Thumb Code     0  startup_gd32f10x_md.o(.text)
    USART0_IRQHandler                        0x0800024b   Thumb Code     0  startup_gd32f10x_md.o(.text)
    USART1_IRQHandler                        0x0800024b   Thumb Code     0  startup_gd32f10x_md.o(.text)
    USART2_IRQHandler                        0x0800024b   Thumb Code     0  startup_gd32f10x_md.o(.text)
    USBD_HP_CAN0_TX_IRQHandler               0x0800024b   Thumb Code     0  startup_gd32f10x_md.o(.text)
    USBD_LP_CAN0_RX0_IRQHandler              0x0800024b   Thumb Code     0  startup_gd32f10x_md.o(.text)
    USBD_WKUP_IRQHandler                     0x0800024b   Thumb Code     0  startup_gd32f10x_md.o(.text)
    WWDGT_IRQHandler                         0x0800024b   Thumb Code     0  startup_gd32f10x_md.o(.text)
    __user_initial_stackheap                 0x0800024d   Thumb Code    10  startup_gd32f10x_md.o(.text)
    vsnprintf                                0x08000271   Thumb Code    48  vsnprintf.o(.text)
    strlen                                   0x080002a5   Thumb Code    62  strlen.o(.text)
    __aeabi_memset                           0x080002e3   Thumb Code    16  aeabi_memset.o(.text)
    __use_two_region_memory                  0x080002f3   Thumb Code     2  heapauxi.o(.text)
    __rt_heap_escrow$2region                 0x080002f5   Thumb Code     2  heapauxi.o(.text)
    __rt_heap_expand$2region                 0x080002f7   Thumb Code     2  heapauxi.o(.text)
    _printf_pre_padding                      0x080002f9   Thumb Code    44  _printf_pad.o(.text)
    _printf_post_padding                     0x08000325   Thumb Code    34  _printf_pad.o(.text)
    _printf_truncate_signed                  0x08000347   Thumb Code    18  _printf_truncate.o(.text)
    _printf_truncate_unsigned                0x08000359   Thumb Code    18  _printf_truncate.o(.text)
    _printf_str                              0x0800036b   Thumb Code    82  _printf_str.o(.text)
    _printf_int_dec                          0x080003bd   Thumb Code   104  _printf_dec.o(.text)
    _printf_charcount                        0x08000435   Thumb Code    40  _printf_charcount.o(.text)
    _printf_char_common                      0x08000467   Thumb Code    32  _printf_char_common.o(.text)
    _sputc                                   0x0800048d   Thumb Code    10  _sputc.o(.text)
    _snputc                                  0x08000497   Thumb Code    16  _snputc.o(.text)
    _printf_wctomb                           0x080004a9   Thumb Code   182  _printf_wctomb.o(.text)
    _printf_longlong_dec                     0x08000565   Thumb Code   108  _printf_longlong_dec.o(.text)
    _printf_longlong_oct                     0x080005e1   Thumb Code    66  _printf_oct_int_ll.o(.text)
    _printf_int_oct                          0x08000623   Thumb Code    24  _printf_oct_int_ll.o(.text)
    _printf_ll_oct                           0x0800063b   Thumb Code    12  _printf_oct_int_ll.o(.text)
    _printf_longlong_hex                     0x08000651   Thumb Code    86  _printf_hex_int_ll_ptr.o(.text)
    _printf_int_hex                          0x080006a7   Thumb Code    28  _printf_hex_int_ll_ptr.o(.text)
    _printf_ll_hex                           0x080006c3   Thumb Code    12  _printf_hex_int_ll_ptr.o(.text)
    _printf_hex_ptr                          0x080006cf   Thumb Code    18  _printf_hex_int_ll_ptr.o(.text)
    __printf                                 0x080006e5   Thumb Code   388  __printf_flags_ss_wp.o(.text)
    __aeabi_memclr                           0x0800086d   Thumb Code     0  rt_memclr.o(.text)
    __rt_memclr                              0x0800086d   Thumb Code    68  rt_memclr.o(.text)
    _memset                                  0x08000871   Thumb Code     0  rt_memclr.o(.text)
    _ll_udiv10                               0x080008b1   Thumb Code   138  lludiv10.o(.text)
    _printf_int_common                       0x0800093b   Thumb Code   178  _printf_intcommon.o(.text)
    __lib_sel_fp_printf                      0x080009ed   Thumb Code     2  _printf_fp_dec.o(.text)
    _printf_fp_dec_real                      0x08000b9f   Thumb Code   620  _printf_fp_dec.o(.text)
    _printf_fp_hex_real                      0x08000e0d   Thumb Code   756  _printf_fp_hex.o(.text)
    _printf_cs_common                        0x08001109   Thumb Code    20  _printf_char.o(.text)
    _printf_char                             0x0800111d   Thumb Code    16  _printf_char.o(.text)
    _printf_string                           0x0800112d   Thumb Code     8  _printf_char.o(.text)
    _printf_lcs_common                       0x08001135   Thumb Code    20  _printf_wchar.o(.text)
    _printf_wchar                            0x08001149   Thumb Code    16  _printf_wchar.o(.text)
    _printf_wstring                          0x08001159   Thumb Code     8  _printf_wchar.o(.text)
    _wcrtomb                                 0x08001161   Thumb Code    64  _wcrtomb.o(.text)
    __aeabi_memclr4                          0x080011a1   Thumb Code     0  rt_memclr_w.o(.text)
    __aeabi_memclr8                          0x080011a1   Thumb Code     0  rt_memclr_w.o(.text)
    __rt_memclr_w                            0x080011a1   Thumb Code    78  rt_memclr_w.o(.text)
    _memset_w                                0x080011a5   Thumb Code     0  rt_memclr_w.o(.text)
    __user_setup_stackheap                   0x080011ef   Thumb Code    74  sys_stackheap_outer.o(.text)
    __rt_ctype_table                         0x08001239   Thumb Code    16  rt_ctype_table.o(.text)
    __rt_locale                              0x08001249   Thumb Code     8  rt_locale_intlibspace.o(.text)
    _printf_fp_infnan                        0x08001251   Thumb Code   112  _printf_fp_infnan.o(.text)
    _btod_etento                             0x080012d1   Thumb Code   224  bigflt0.o(.text)
    exit                                     0x080013b5   Thumb Code    18  exit.o(.text)
    __user_libspace                          0x080013c9   Thumb Code     8  libspace.o(.text)
    __user_perproc_libspace                  0x080013c9   Thumb Code     0  libspace.o(.text)
    __user_perthread_libspace                0x080013c9   Thumb Code     0  libspace.o(.text)
    strcmp                                   0x080013d1   Thumb Code   128  strcmpv7m.o(.text)
    _sys_exit                                0x08001451   Thumb Code     8  sys_exit.o(.text)
    __I$use$semihosting                      0x0800145d   Thumb Code     0  use_no_semi.o(.text)
    __use_no_semihosting_swi                 0x0800145d   Thumb Code     2  use_no_semi.o(.text)
    __semihosting_library_function           0x0800145f   Thumb Code     0  indicate_semi.o(.text)
    _btod_d2e                                0x0800145f   Thumb Code    62  btod.o(CL$$btod_d2e)
    _d2e_denorm_low                          0x0800149d   Thumb Code    70  btod.o(CL$$btod_d2e_denorm_low)
    _d2e_norm_op1                            0x080014e3   Thumb Code    96  btod.o(CL$$btod_d2e_norm_op1)
    __btod_div_common                        0x08001543   Thumb Code   696  btod.o(CL$$btod_div_common)
    _e2e                                     0x0800187b   Thumb Code   220  btod.o(CL$$btod_e2e)
    _btod_ediv                               0x08001957   Thumb Code    42  btod.o(CL$$btod_ediv)
    _btod_emul                               0x08001981   Thumb Code    42  btod.o(CL$$btod_emul)
    __btod_mult_common                       0x080019ab   Thumb Code   580  btod.o(CL$$btod_mult_common)
    BusFault_Handler                         0x08001bef   Thumb Code     4  gd32f10x_it.o(i.BusFault_Handler)
    DebugMon_Handler                         0x08001bf3   Thumb Code     2  gd32f10x_it.o(i.DebugMon_Handler)
    Delay_Init                               0x08001bf5   Thumb Code    10  delay.o(i.Delay_Init)
    Delay_Ms                                 0x08001bff   Thumb Code    26  delay.o(i.Delay_Ms)
    Delay_Us                                 0x08001c19   Thumb Code    58  delay.o(i.Delay_Us)
    GD32_EraseFlash                          0x08001c53   Thumb Code    56  fmc.o(i.GD32_EraseFlash)
    GD32_WriteFlash                          0x08001c8b   Thumb Code    66  fmc.o(i.GD32_WriteFlash)
    HW_CPU_JumpToAddress                     0x08001ccd   Thumb Code    76  hw_cpu.o(i.HW_CPU_JumpToAddress)
    HardFault_Handler                        0x08001d25   Thumb Code     4  gd32f10x_it.o(i.HardFault_Handler)
    IIC_Init                                 0x08001d29   Thumb Code    52  iic.o(i.IIC_Init)
    IIC_Read_Byte                            0x08001d61   Thumb Code   166  iic.o(i.IIC_Read_Byte)
    IIC_Send_Byte                            0x08001e0d   Thumb Code    88  iic.o(i.IIC_Send_Byte)
    IIC_Start                                0x08001e69   Thumb Code    48  iic.o(i.IIC_Start)
    IIC_Stop                                 0x08001e9d   Thumb Code    34  iic.o(i.IIC_Stop)
    IIC_Wait_Ack                             0x08001ec5   Thumb Code    84  iic.o(i.IIC_Wait_Ack)
    M24C02_ReadData                          0x08001f1d   Thumb Code   114  m24c02.o(i.M24C02_ReadData)
    M24C02_WriteByte                         0x08001f8f   Thumb Code    72  m24c02.o(i.M24C02_WriteByte)
    MemManage_Handler                        0x08001fd7   Thumb Code     4  gd32f10x_it.o(i.MemManage_Handler)
    NMI_Handler                              0x08001fdb   Thumb Code     2  gd32f10x_it.o(i.NMI_Handler)
    PendSV_Handler                           0x08001fdd   Thumb Code     2  gd32f10x_it.o(i.PendSV_Handler)
    SPI0_Init                                0x08001fe1   Thumb Code    96  spi.o(i.SPI0_Init)
    SPI0_Read                                0x08002049   Thumb Code    28  spi.o(i.SPI0_Read)
    SPI0_ReadWriteByte                       0x08002065   Thumb Code    50  spi.o(i.SPI0_ReadWriteByte)
    SPI0_Write                               0x0800209d   Thumb Code    26  spi.o(i.SPI0_Write)
    SVC_Handler                              0x080020b7   Thumb Code     2  gd32f10x_it.o(i.SVC_Handler)
    SysTick_Handler                          0x080020b9   Thumb Code     2  gd32f10x_it.o(i.SysTick_Handler)
    SystemInit                               0x080020bd   Thumb Code   196  system_gd32f10x.o(i.SystemInit)
    UsageFault_Handler                       0x08002191   Thumb Code     4  gd32f10x_it.o(i.UsageFault_Handler)
    Usart0_Init                              0x08002195   Thumb Code    88  usart.o(i.Usart0_Init)
    W25Q64_Init                              0x080021f5   Thumb Code    36  w25q64.o(i.W25Q64_Init)
    W25Q64_Read                              0x0800221d   Thumb Code    70  w25q64.o(i.W25Q64_Read)
    W25Q64_WaitBusy                          0x08002269   Thumb Code    44  w25q64.o(i.W25Q64_WaitBusy)
    __ARM_fpclassify                         0x08002299   Thumb Code    40  fpclassify.o(i.__ARM_fpclassify)
    _is_digit                                0x080022c1   Thumb Code    14  __printf_wp.o(i._is_digit)
    fmc_bank0_ready_wait                     0x080022cf   Thumb Code    34  gd32f10x_fmc.o(i.fmc_bank0_ready_wait)
    fmc_bank0_state_get                      0x080022f1   Thumb Code    44  gd32f10x_fmc.o(i.fmc_bank0_state_get)
    fmc_bank1_ready_wait                     0x08002321   Thumb Code    34  gd32f10x_fmc.o(i.fmc_bank1_ready_wait)
    fmc_bank1_state_get                      0x08002345   Thumb Code    44  gd32f10x_fmc.o(i.fmc_bank1_state_get)
    fmc_flag_clear                           0x08002375   Thumb Code    28  gd32f10x_fmc.o(i.fmc_flag_clear)
    fmc_lock                                 0x08002395   Thumb Code    34  gd32f10x_fmc.o(i.fmc_lock)
    fmc_page_erase                           0x080023c1   Thumb Code   222  gd32f10x_fmc.o(i.fmc_page_erase)
    fmc_unlock                               0x080024ad   Thumb Code    52  gd32f10x_fmc.o(i.fmc_unlock)
    fmc_word_program                         0x080024f1   Thumb Code   178  gd32f10x_fmc.o(i.fmc_word_program)
    gpio_bit_reset                           0x080025b1   Thumb Code     4  gd32f10x_gpio.o(i.gpio_bit_reset)
    gpio_bit_set                             0x080025b5   Thumb Code     4  gd32f10x_gpio.o(i.gpio_bit_set)
    gpio_init                                0x080025b9   Thumb Code   172  gd32f10x_gpio.o(i.gpio_init)
    gpio_input_bit_get                       0x08002665   Thumb Code    16  gd32f10x_gpio.o(i.gpio_input_bit_get)
    main                                     0x08002675   Thumb Code   364  main.o(i.main)
    nvic_vector_table_set                    0x08002a5d   Thumb Code    16  gd32f10x_misc.o(i.nvic_vector_table_set)
    rcu_clock_freq_get                       0x08002a75   Thumb Code   264  gd32f10x_rcu.o(i.rcu_clock_freq_get)
    rcu_deinit                               0x08002b99   Thumb Code    74  gd32f10x_rcu.o(i.rcu_deinit)
    rcu_flag_get                             0x08002bf1   Thumb Code    30  gd32f10x_rcu.o(i.rcu_flag_get)
    rcu_osci_stab_wait                       0x08002c15   Thumb Code   218  gd32f10x_rcu.o(i.rcu_osci_stab_wait)
    rcu_periph_clock_enable                  0x08002cf5   Thumb Code    28  gd32f10x_rcu.o(i.rcu_periph_clock_enable)
    rcu_periph_reset_disable                 0x08002d15   Thumb Code    28  gd32f10x_rcu.o(i.rcu_periph_reset_disable)
    rcu_periph_reset_enable                  0x08002d35   Thumb Code    28  gd32f10x_rcu.o(i.rcu_periph_reset_enable)
    spi_enable                               0x08002d55   Thumb Code    10  gd32f10x_spi.o(i.spi_enable)
    spi_i2s_data_receive                     0x08002d5f   Thumb Code     8  gd32f10x_spi.o(i.spi_i2s_data_receive)
    spi_i2s_data_transmit                    0x08002d67   Thumb Code     4  gd32f10x_spi.o(i.spi_i2s_data_transmit)
    spi_i2s_deinit                           0x08002d6d   Thumb Code    82  gd32f10x_spi.o(i.spi_i2s_deinit)
    spi_i2s_flag_get                         0x08002dc5   Thumb Code    16  gd32f10x_spi.o(i.spi_i2s_flag_get)
    spi_init                                 0x08002dd5   Thumb Code    50  gd32f10x_spi.o(i.spi_init)
    systick_clksource_set                    0x08002ed5   Thumb Code    40  gd32f10x_misc.o(i.systick_clksource_set)
    u0_printf                                0x08002efd   Thumb Code    88  usart.o(i.u0_printf)
    usart_baudrate_set                       0x08002f5d   Thumb Code   136  gd32f10x_usart.o(i.usart_baudrate_set)
    usart_data_transmit                      0x08002fed   Thumb Code     8  gd32f10x_usart.o(i.usart_data_transmit)
    usart_deinit                             0x08002ff5   Thumb Code   136  gd32f10x_usart.o(i.usart_deinit)
    usart_enable                             0x08003085   Thumb Code    10  gd32f10x_usart.o(i.usart_enable)
    usart_flag_get                           0x0800308f   Thumb Code    30  gd32f10x_usart.o(i.usart_flag_get)
    usart_parity_config                      0x080030ad   Thumb Code    16  gd32f10x_usart.o(i.usart_parity_config)
    usart_stop_bit_set                       0x080030bd   Thumb Code    16  gd32f10x_usart.o(i.usart_stop_bit_set)
    usart_transmit_config                    0x080030cd   Thumb Code    16  gd32f10x_usart.o(i.usart_transmit_config)
    usart_word_length_set                    0x080030dd   Thumb Code    16  gd32f10x_usart.o(i.usart_word_length_set)
    _get_lc_numeric                          0x080030ed   Thumb Code    44  lc_numeric_c.o(locale$$code)
    _get_lc_ctype                            0x08003119   Thumb Code    44  lc_ctype_c.o(locale$$code)
    _printf_fp_dec                           0x08003145   Thumb Code     4  printf1.o(x$fpl$printf1)
    _printf_fp_hex                           0x08003149   Thumb Code     4  printf2.o(x$fpl$printf2)
    __I$use$fp                               0x0800314c   Number         0  usenofp.o(x$fpl$usenofp)
    Region$$Table$$Base                      0x08003248   Number         0  anon$$obj.o(Region$$Table)
    Region$$Table$$Limit                     0x08003258   Number         0  anon$$obj.o(Region$$Table)
    __ctype                                  0x08003281   Data           0  lc_ctype_c.o(locale$$data)
    U0_TxBuff                                0x20000000   Data         256  usart.o(.bss)
    __libspace_start                         0x20000100   Data          96  libspace.o(.bss)
    __temporary_stack_top$libspace           0x20000160   Data           0  libspace.o(.bss)



==============================================================================

Memory Map of the image

  Image Entry point : 0x08000105

  Load Region LR_IROM1 (Base: 0x08000000, Size: 0x00003384, Max: 0x00004000, ABSOLUTE)

    Execution Region ER_IROM1 (Exec base: 0x08000000, Load base: 0x08000000, Size: 0x00003384, Max: 0x00004000, ABSOLUTE)

    Exec Addr    Load Addr    Size         Type   Attr      Idx    E Section Name        Object

    0x08000000   0x08000000   0x00000104   Data   RO          140    RESET               startup_gd32f10x_md.o
    0x08000104   0x08000104   0x00000008   Code   RO         1764  * !!!main             c_w.l(__main.o)
    0x0800010c   0x0800010c   0x00000034   Code   RO         2093    !!!scatter          c_w.l(__scatter.o)
    0x08000140   0x08000140   0x0000001c   Code   RO         2095    !!handler_zi        c_w.l(__scatter_zi.o)
    0x0800015c   0x0800015c   0x00000000   Code   RO         1850    .ARM.Collect$$_printf_percent$$00000000  c_w.l(_printf_percent.o)
    0x0800015c   0x0800015c   0x00000006   Code   RO         1839    .ARM.Collect$$_printf_percent$$00000001  c_w.l(_printf_n.o)
    0x08000162   0x08000162   0x00000006   Code   RO         1841    .ARM.Collect$$_printf_percent$$00000002  c_w.l(_printf_p.o)
    0x08000168   0x08000168   0x00000006   Code   RO         1846    .ARM.Collect$$_printf_percent$$00000003  c_w.l(_printf_f.o)
    0x0800016e   0x0800016e   0x00000006   Code   RO         1847    .ARM.Collect$$_printf_percent$$00000004  c_w.l(_printf_e.o)
    0x08000174   0x08000174   0x00000006   Code   RO         1848    .ARM.Collect$$_printf_percent$$00000005  c_w.l(_printf_g.o)
    0x0800017a   0x0800017a   0x00000006   Code   RO         1849    .ARM.Collect$$_printf_percent$$00000006  c_w.l(_printf_a.o)
    0x08000180   0x08000180   0x0000000a   Code   RO         1854    .ARM.Collect$$_printf_percent$$00000007  c_w.l(_printf_ll.o)
    0x0800018a   0x0800018a   0x00000006   Code   RO         1843    .ARM.Collect$$_printf_percent$$00000008  c_w.l(_printf_i.o)
    0x08000190   0x08000190   0x00000006   Code   RO         1844    .ARM.Collect$$_printf_percent$$00000009  c_w.l(_printf_d.o)
    0x08000196   0x08000196   0x00000006   Code   RO         1845    .ARM.Collect$$_printf_percent$$0000000A  c_w.l(_printf_u.o)
    0x0800019c   0x0800019c   0x00000006   Code   RO         1842    .ARM.Collect$$_printf_percent$$0000000B  c_w.l(_printf_o.o)
    0x080001a2   0x080001a2   0x00000006   Code   RO         1840    .ARM.Collect$$_printf_percent$$0000000C  c_w.l(_printf_x.o)
    0x080001a8   0x080001a8   0x00000006   Code   RO         1851    .ARM.Collect$$_printf_percent$$0000000D  c_w.l(_printf_lli.o)
    0x080001ae   0x080001ae   0x00000006   Code   RO         1852    .ARM.Collect$$_printf_percent$$0000000E  c_w.l(_printf_lld.o)
    0x080001b4   0x080001b4   0x00000006   Code   RO         1853    .ARM.Collect$$_printf_percent$$0000000F  c_w.l(_printf_llu.o)
    0x080001ba   0x080001ba   0x00000006   Code   RO         1858    .ARM.Collect$$_printf_percent$$00000010  c_w.l(_printf_llo.o)
    0x080001c0   0x080001c0   0x00000006   Code   RO         1859    .ARM.Collect$$_printf_percent$$00000011  c_w.l(_printf_llx.o)
    0x080001c6   0x080001c6   0x0000000a   Code   RO         1855    .ARM.Collect$$_printf_percent$$00000012  c_w.l(_printf_l.o)
    0x080001d0   0x080001d0   0x00000006   Code   RO         1837    .ARM.Collect$$_printf_percent$$00000013  c_w.l(_printf_c.o)
    0x080001d6   0x080001d6   0x00000006   Code   RO         1838    .ARM.Collect$$_printf_percent$$00000014  c_w.l(_printf_s.o)
    0x080001dc   0x080001dc   0x00000006   Code   RO         1856    .ARM.Collect$$_printf_percent$$00000015  c_w.l(_printf_lc.o)
    0x080001e2   0x080001e2   0x00000006   Code   RO         1857    .ARM.Collect$$_printf_percent$$00000016  c_w.l(_printf_ls.o)
    0x080001e8   0x080001e8   0x00000004   Code   RO         1900    .ARM.Collect$$_printf_percent$$00000017  c_w.l(_printf_percent_end.o)
    0x080001ec   0x080001ec   0x00000002   Code   RO         1951    .ARM.Collect$$libinit$$00000000  c_w.l(libinit.o)
    0x080001ee   0x080001ee   0x00000000   Code   RO         1968    .ARM.Collect$$libinit$$00000002  c_w.l(libinit2.o)
    0x080001ee   0x080001ee   0x00000000   Code   RO         1970    .ARM.Collect$$libinit$$00000004  c_w.l(libinit2.o)
    0x080001ee   0x080001ee   0x00000000   Code   RO         1973    .ARM.Collect$$libinit$$0000000A  c_w.l(libinit2.o)
    0x080001ee   0x080001ee   0x00000000   Code   RO         1975    .ARM.Collect$$libinit$$0000000C  c_w.l(libinit2.o)
    0x080001ee   0x080001ee   0x00000000   Code   RO         1977    .ARM.Collect$$libinit$$0000000E  c_w.l(libinit2.o)
    0x080001ee   0x080001ee   0x00000006   Code   RO         1978    .ARM.Collect$$libinit$$0000000F  c_w.l(libinit2.o)
    0x080001f4   0x080001f4   0x00000000   Code   RO         1980    .ARM.Collect$$libinit$$00000011  c_w.l(libinit2.o)
    0x080001f4   0x080001f4   0x0000000c   Code   RO         1981    .ARM.Collect$$libinit$$00000012  c_w.l(libinit2.o)
    0x08000200   0x08000200   0x00000000   Code   RO         1982    .ARM.Collect$$libinit$$00000013  c_w.l(libinit2.o)
    0x08000200   0x08000200   0x00000000   Code   RO         1984    .ARM.Collect$$libinit$$00000015  c_w.l(libinit2.o)
    0x08000200   0x08000200   0x0000000a   Code   RO         1985    .ARM.Collect$$libinit$$00000016  c_w.l(libinit2.o)
    0x0800020a   0x0800020a   0x00000000   Code   RO         1986    .ARM.Collect$$libinit$$00000017  c_w.l(libinit2.o)
    0x0800020a   0x0800020a   0x00000000   Code   RO         1988    .ARM.Collect$$libinit$$00000019  c_w.l(libinit2.o)
    0x0800020a   0x0800020a   0x00000000   Code   RO         1990    .ARM.Collect$$libinit$$0000001B  c_w.l(libinit2.o)
    0x0800020a   0x0800020a   0x00000000   Code   RO         1992    .ARM.Collect$$libinit$$0000001D  c_w.l(libinit2.o)
    0x0800020a   0x0800020a   0x00000000   Code   RO         1994    .ARM.Collect$$libinit$$0000001F  c_w.l(libinit2.o)
    0x0800020a   0x0800020a   0x00000000   Code   RO         1996    .ARM.Collect$$libinit$$00000021  c_w.l(libinit2.o)
    0x0800020a   0x0800020a   0x00000000   Code   RO         1998    .ARM.Collect$$libinit$$00000023  c_w.l(libinit2.o)
    0x0800020a   0x0800020a   0x00000000   Code   RO         2000    .ARM.Collect$$libinit$$00000025  c_w.l(libinit2.o)
    0x0800020a   0x0800020a   0x00000000   Code   RO         2004    .ARM.Collect$$libinit$$0000002C  c_w.l(libinit2.o)
    0x0800020a   0x0800020a   0x00000000   Code   RO         2006    .ARM.Collect$$libinit$$0000002E  c_w.l(libinit2.o)
    0x0800020a   0x0800020a   0x00000000   Code   RO         2008    .ARM.Collect$$libinit$$00000030  c_w.l(libinit2.o)
    0x0800020a   0x0800020a   0x00000000   Code   RO         2010    .ARM.Collect$$libinit$$00000032  c_w.l(libinit2.o)
    0x0800020a   0x0800020a   0x00000002   Code   RO         2011    .ARM.Collect$$libinit$$00000033  c_w.l(libinit2.o)
    0x0800020c   0x0800020c   0x00000002   Code   RO         2031    .ARM.Collect$$libshutdown$$00000000  c_w.l(libshutdown.o)
    0x0800020e   0x0800020e   0x00000000   Code   RO         2044    .ARM.Collect$$libshutdown$$00000002  c_w.l(libshutdown2.o)
    0x0800020e   0x0800020e   0x00000000   Code   RO         2046    .ARM.Collect$$libshutdown$$00000004  c_w.l(libshutdown2.o)
    0x0800020e   0x0800020e   0x00000000   Code   RO         2048    .ARM.Collect$$libshutdown$$00000006  c_w.l(libshutdown2.o)
    0x0800020e   0x0800020e   0x00000000   Code   RO         2051    .ARM.Collect$$libshutdown$$00000009  c_w.l(libshutdown2.o)
    0x0800020e   0x0800020e   0x00000000   Code   RO         2054    .ARM.Collect$$libshutdown$$0000000C  c_w.l(libshutdown2.o)
    0x0800020e   0x0800020e   0x00000000   Code   RO         2056    .ARM.Collect$$libshutdown$$0000000E  c_w.l(libshutdown2.o)
    0x0800020e   0x0800020e   0x00000000   Code   RO         2059    .ARM.Collect$$libshutdown$$00000011  c_w.l(libshutdown2.o)
    0x0800020e   0x0800020e   0x00000002   Code   RO         2060    .ARM.Collect$$libshutdown$$00000012  c_w.l(libshutdown2.o)
    0x08000210   0x08000210   0x00000000   Code   RO         1766    .ARM.Collect$$rtentry$$00000000  c_w.l(__rtentry.o)
    0x08000210   0x08000210   0x00000000   Code   RO         1871    .ARM.Collect$$rtentry$$00000002  c_w.l(__rtentry2.o)
    0x08000210   0x08000210   0x00000006   Code   RO         1883    .ARM.Collect$$rtentry$$00000004  c_w.l(__rtentry4.o)
    0x08000216   0x08000216   0x00000000   Code   RO         1873    .ARM.Collect$$rtentry$$00000009  c_w.l(__rtentry2.o)
    0x08000216   0x08000216   0x00000004   Code   RO         1874    .ARM.Collect$$rtentry$$0000000A  c_w.l(__rtentry2.o)
    0x0800021a   0x0800021a   0x00000000   Code   RO         1876    .ARM.Collect$$rtentry$$0000000C  c_w.l(__rtentry2.o)
    0x0800021a   0x0800021a   0x00000008   Code   RO         1877    .ARM.Collect$$rtentry$$0000000D  c_w.l(__rtentry2.o)
    0x08000222   0x08000222   0x00000002   Code   RO         1960    .ARM.Collect$$rtexit$$00000000  c_w.l(rtexit.o)
    0x08000224   0x08000224   0x00000000   Code   RO         2013    .ARM.Collect$$rtexit$$00000002  c_w.l(rtexit2.o)
    0x08000224   0x08000224   0x00000004   Code   RO         2014    .ARM.Collect$$rtexit$$00000003  c_w.l(rtexit2.o)
    0x08000228   0x08000228   0x00000006   Code   RO         2015    .ARM.Collect$$rtexit$$00000004  c_w.l(rtexit2.o)
    0x0800022e   0x0800022e   0x00000002   PAD
    0x08000230   0x08000230   0x00000040   Code   RO          141    .text               startup_gd32f10x_md.o
    0x08000270   0x08000270   0x00000034   Code   RO         1756    .text               c_w.l(vsnprintf.o)
    0x080002a4   0x080002a4   0x0000003e   Code   RO         1758    .text               c_w.l(strlen.o)
    0x080002e2   0x080002e2   0x00000010   Code   RO         1760    .text               c_w.l(aeabi_memset.o)
    0x080002f2   0x080002f2   0x00000006   Code   RO         1762    .text               c_w.l(heapauxi.o)
    0x080002f8   0x080002f8   0x0000004e   Code   RO         1769    .text               c_w.l(_printf_pad.o)
    0x08000346   0x08000346   0x00000024   Code   RO         1771    .text               c_w.l(_printf_truncate.o)
    0x0800036a   0x0800036a   0x00000052   Code   RO         1773    .text               c_w.l(_printf_str.o)
    0x080003bc   0x080003bc   0x00000078   Code   RO         1775    .text               c_w.l(_printf_dec.o)
    0x08000434   0x08000434   0x00000028   Code   RO         1777    .text               c_w.l(_printf_charcount.o)
    0x0800045c   0x0800045c   0x00000030   Code   RO         1779    .text               c_w.l(_printf_char_common.o)
    0x0800048c   0x0800048c   0x0000000a   Code   RO         1781    .text               c_w.l(_sputc.o)
    0x08000496   0x08000496   0x00000010   Code   RO         1783    .text               c_w.l(_snputc.o)
    0x080004a6   0x080004a6   0x00000002   PAD
    0x080004a8   0x080004a8   0x000000bc   Code   RO         1785    .text               c_w.l(_printf_wctomb.o)
    0x08000564   0x08000564   0x0000007c   Code   RO         1788    .text               c_w.l(_printf_longlong_dec.o)
    0x080005e0   0x080005e0   0x00000070   Code   RO         1794    .text               c_w.l(_printf_oct_int_ll.o)
    0x08000650   0x08000650   0x00000094   Code   RO         1814    .text               c_w.l(_printf_hex_int_ll_ptr.o)
    0x080006e4   0x080006e4   0x00000188   Code   RO         1834    .text               c_w.l(__printf_flags_ss_wp.o)
    0x0800086c   0x0800086c   0x00000044   Code   RO         1860    .text               c_w.l(rt_memclr.o)
    0x080008b0   0x080008b0   0x0000008a   Code   RO         1885    .text               c_w.l(lludiv10.o)
    0x0800093a   0x0800093a   0x000000b2   Code   RO         1887    .text               c_w.l(_printf_intcommon.o)
    0x080009ec   0x080009ec   0x0000041e   Code   RO         1889    .text               c_w.l(_printf_fp_dec.o)
    0x08000e0a   0x08000e0a   0x00000002   PAD
    0x08000e0c   0x08000e0c   0x000002fc   Code   RO         1891    .text               c_w.l(_printf_fp_hex.o)
    0x08001108   0x08001108   0x0000002c   Code   RO         1896    .text               c_w.l(_printf_char.o)
    0x08001134   0x08001134   0x0000002c   Code   RO         1898    .text               c_w.l(_printf_wchar.o)
    0x08001160   0x08001160   0x00000040   Code   RO         1901    .text               c_w.l(_wcrtomb.o)
    0x080011a0   0x080011a0   0x0000004e   Code   RO         1903    .text               c_w.l(rt_memclr_w.o)
    0x080011ee   0x080011ee   0x0000004a   Code   RO         1905    .text               c_w.l(sys_stackheap_outer.o)
    0x08001238   0x08001238   0x00000010   Code   RO         1907    .text               c_w.l(rt_ctype_table.o)
    0x08001248   0x08001248   0x00000008   Code   RO         1912    .text               c_w.l(rt_locale_intlibspace.o)
    0x08001250   0x08001250   0x00000080   Code   RO         1914    .text               c_w.l(_printf_fp_infnan.o)
    0x080012d0   0x080012d0   0x000000e4   Code   RO         1916    .text               c_w.l(bigflt0.o)
    0x080013b4   0x080013b4   0x00000012   Code   RO         1944    .text               c_w.l(exit.o)
    0x080013c6   0x080013c6   0x00000002   PAD
    0x080013c8   0x080013c8   0x00000008   Code   RO         1957    .text               c_w.l(libspace.o)
    0x080013d0   0x080013d0   0x00000080   Code   RO         1965    .text               c_w.l(strcmpv7m.o)
    0x08001450   0x08001450   0x0000000c   Code   RO         2023    .text               c_w.l(sys_exit.o)
    0x0800145c   0x0800145c   0x00000002   Code   RO         2034    .text               c_w.l(use_no_semi.o)
    0x0800145e   0x0800145e   0x00000000   Code   RO         2036    .text               c_w.l(indicate_semi.o)
    0x0800145e   0x0800145e   0x0000003e   Code   RO         1919    CL$$btod_d2e        c_w.l(btod.o)
    0x0800149c   0x0800149c   0x00000046   Code   RO         1921    CL$$btod_d2e_denorm_low  c_w.l(btod.o)
    0x080014e2   0x080014e2   0x00000060   Code   RO         1920    CL$$btod_d2e_norm_op1  c_w.l(btod.o)
    0x08001542   0x08001542   0x00000338   Code   RO         1929    CL$$btod_div_common  c_w.l(btod.o)
    0x0800187a   0x0800187a   0x000000dc   Code   RO         1926    CL$$btod_e2e        c_w.l(btod.o)
    0x08001956   0x08001956   0x0000002a   Code   RO         1923    CL$$btod_ediv       c_w.l(btod.o)
    0x08001980   0x08001980   0x0000002a   Code   RO         1922    CL$$btod_emul       c_w.l(btod.o)
    0x080019aa   0x080019aa   0x00000244   Code   RO         1928    CL$$btod_mult_common  c_w.l(btod.o)
    0x08001bee   0x08001bee   0x00000004   Code   RO          145    i.BusFault_Handler  gd32f10x_it.o
    0x08001bf2   0x08001bf2   0x00000002   Code   RO          146    i.DebugMon_Handler  gd32f10x_it.o
    0x08001bf4   0x08001bf4   0x0000000a   Code   RO          235    i.Delay_Init        delay.o
    0x08001bfe   0x08001bfe   0x0000001a   Code   RO          236    i.Delay_Ms          delay.o
    0x08001c18   0x08001c18   0x0000003a   Code   RO          237    i.Delay_Us          delay.o
    0x08001c52   0x08001c52   0x00000038   Code   RO          440    i.GD32_EraseFlash   fmc.o
    0x08001c8a   0x08001c8a   0x00000042   Code   RO          441    i.GD32_WriteFlash   fmc.o
    0x08001ccc   0x08001ccc   0x00000058   Code   RO          466    i.HW_CPU_JumpToAddress  hw_cpu.o
    0x08001d24   0x08001d24   0x00000004   Code   RO          147    i.HardFault_Handler  gd32f10x_it.o
    0x08001d28   0x08001d28   0x00000038   Code   RO          267    i.IIC_Init          iic.o
    0x08001d60   0x08001d60   0x000000ac   Code   RO          268    i.IIC_Read_Byte     iic.o
    0x08001e0c   0x08001e0c   0x0000005c   Code   RO          269    i.IIC_Send_Byte     iic.o
    0x08001e68   0x08001e68   0x00000034   Code   RO          270    i.IIC_Start         iic.o
    0x08001e9c   0x08001e9c   0x00000028   Code   RO          271    i.IIC_Stop          iic.o
    0x08001ec4   0x08001ec4   0x00000058   Code   RO          272    i.IIC_Wait_Ack      iic.o
    0x08001f1c   0x08001f1c   0x00000072   Code   RO          317    i.M24C02_ReadData   m24c02.o
    0x08001f8e   0x08001f8e   0x00000048   Code   RO          318    i.M24C02_WriteByte  m24c02.o
    0x08001fd6   0x08001fd6   0x00000004   Code   RO          148    i.MemManage_Handler  gd32f10x_it.o
    0x08001fda   0x08001fda   0x00000002   Code   RO          149    i.NMI_Handler       gd32f10x_it.o
    0x08001fdc   0x08001fdc   0x00000002   Code   RO          150    i.PendSV_Handler    gd32f10x_it.o
    0x08001fde   0x08001fde   0x00000002   PAD
    0x08001fe0   0x08001fe0   0x00000068   Code   RO          349    i.SPI0_Init         spi.o
    0x08002048   0x08002048   0x0000001c   Code   RO          350    i.SPI0_Read         spi.o
    0x08002064   0x08002064   0x00000038   Code   RO          351    i.SPI0_ReadWriteByte  spi.o
    0x0800209c   0x0800209c   0x0000001a   Code   RO          352    i.SPI0_Write        spi.o
    0x080020b6   0x080020b6   0x00000002   Code   RO          151    i.SVC_Handler       gd32f10x_it.o
    0x080020b8   0x080020b8   0x00000002   Code   RO          152    i.SysTick_Handler   gd32f10x_it.o
    0x080020ba   0x080020ba   0x00000002   PAD
    0x080020bc   0x080020bc   0x000000d4   Code   RO          104    i.SystemInit        system_gd32f10x.o
    0x08002190   0x08002190   0x00000004   Code   RO          153    i.UsageFault_Handler  gd32f10x_it.o
    0x08002194   0x08002194   0x00000060   Code   RO          206    i.Usart0_Init       usart.o
    0x080021f4   0x080021f4   0x00000028   Code   RO          392    i.W25Q64_Init       w25q64.o
    0x0800221c   0x0800221c   0x0000004c   Code   RO          394    i.W25Q64_Read       w25q64.o
    0x08002268   0x08002268   0x00000030   Code   RO          395    i.W25Q64_WaitBusy   w25q64.o
    0x08002298   0x08002298   0x00000028   Code   RO         1955    i.__ARM_fpclassify  m_ws.l(fpclassify.o)
    0x080022c0   0x080022c0   0x0000000e   Code   RO         1827    i._is_digit         c_w.l(__printf_wp.o)
    0x080022ce   0x080022ce   0x00000022   Code   RO         1540    i.fmc_bank0_ready_wait  gd32f10x_fmc.o
    0x080022f0   0x080022f0   0x00000030   Code   RO         1541    i.fmc_bank0_state_get  gd32f10x_fmc.o
    0x08002320   0x08002320   0x00000022   Code   RO         1545    i.fmc_bank1_ready_wait  gd32f10x_fmc.o
    0x08002342   0x08002342   0x00000002   PAD
    0x08002344   0x08002344   0x00000030   Code   RO         1546    i.fmc_bank1_state_get  gd32f10x_fmc.o
    0x08002374   0x08002374   0x00000020   Code   RO         1548    i.fmc_flag_clear    gd32f10x_fmc.o
    0x08002394   0x08002394   0x0000002c   Code   RO         1555    i.fmc_lock          gd32f10x_fmc.o
    0x080023c0   0x080023c0   0x000000ec   Code   RO         1557    i.fmc_page_erase    gd32f10x_fmc.o
    0x080024ac   0x080024ac   0x00000044   Code   RO         1558    i.fmc_unlock        gd32f10x_fmc.o
    0x080024f0   0x080024f0   0x000000c0   Code   RO         1559    i.fmc_word_program  gd32f10x_fmc.o
    0x080025b0   0x080025b0   0x00000004   Code   RO          776    i.gpio_bit_reset    gd32f10x_gpio.o
    0x080025b4   0x080025b4   0x00000004   Code   RO          777    i.gpio_bit_set      gd32f10x_gpio.o
    0x080025b8   0x080025b8   0x000000ac   Code   RO          784    i.gpio_init         gd32f10x_gpio.o
    0x08002664   0x08002664   0x00000010   Code   RO          785    i.gpio_input_bit_get  gd32f10x_gpio.o
    0x08002674   0x08002674   0x000003e8   Code   RO            3    i.main              main.o
    0x08002a5c   0x08002a5c   0x00000018   Code   RO          492    i.nvic_vector_table_set  gd32f10x_misc.o
    0x08002a74   0x08002a74   0x00000124   Code   RO          553    i.rcu_clock_freq_get  gd32f10x_rcu.o
    0x08002b98   0x08002b98   0x00000058   Code   RO          555    i.rcu_deinit        gd32f10x_rcu.o
    0x08002bf0   0x08002bf0   0x00000024   Code   RO          556    i.rcu_flag_get      gd32f10x_rcu.o
    0x08002c14   0x08002c14   0x000000e0   Code   RO          568    i.rcu_osci_stab_wait  gd32f10x_rcu.o
    0x08002cf4   0x08002cf4   0x00000020   Code   RO          570    i.rcu_periph_clock_enable  gd32f10x_rcu.o
    0x08002d14   0x08002d14   0x00000020   Code   RO          573    i.rcu_periph_reset_disable  gd32f10x_rcu.o
    0x08002d34   0x08002d34   0x00000020   Code   RO          574    i.rcu_periph_reset_enable  gd32f10x_rcu.o
    0x08002d54   0x08002d54   0x0000000a   Code   RO         1359    i.spi_enable        gd32f10x_spi.o
    0x08002d5e   0x08002d5e   0x00000008   Code   RO         1361    i.spi_i2s_data_receive  gd32f10x_spi.o
    0x08002d66   0x08002d66   0x00000004   Code   RO         1362    i.spi_i2s_data_transmit  gd32f10x_spi.o
    0x08002d6a   0x08002d6a   0x00000002   PAD
    0x08002d6c   0x08002d6c   0x00000058   Code   RO         1363    i.spi_i2s_deinit    gd32f10x_spi.o
    0x08002dc4   0x08002dc4   0x00000010   Code   RO         1364    i.spi_i2s_flag_get  gd32f10x_spi.o
    0x08002dd4   0x08002dd4   0x00000032   Code   RO         1368    i.spi_init          gd32f10x_spi.o
    0x08002e06   0x08002e06   0x00000002   PAD
    0x08002e08   0x08002e08   0x000000c4   Code   RO          105    i.system_clock_108m_hxtal  system_gd32f10x.o
    0x08002ecc   0x08002ecc   0x00000008   Code   RO          106    i.system_clock_config  system_gd32f10x.o
    0x08002ed4   0x08002ed4   0x00000028   Code   RO          495    i.systick_clksource_set  gd32f10x_misc.o
    0x08002efc   0x08002efc   0x00000060   Code   RO          207    i.u0_printf         usart.o
    0x08002f5c   0x08002f5c   0x00000090   Code   RO          892    i.usart_baudrate_set  gd32f10x_usart.o
    0x08002fec   0x08002fec   0x00000008   Code   RO          894    i.usart_data_transmit  gd32f10x_usart.o
    0x08002ff4   0x08002ff4   0x00000090   Code   RO          895    i.usart_deinit      gd32f10x_usart.o
    0x08003084   0x08003084   0x0000000a   Code   RO          899    i.usart_enable      gd32f10x_usart.o
    0x0800308e   0x0800308e   0x0000001e   Code   RO          901    i.usart_flag_get    gd32f10x_usart.o
    0x080030ac   0x080030ac   0x00000010   Code   RO          920    i.usart_parity_config  gd32f10x_usart.o
    0x080030bc   0x080030bc   0x00000010   Code   RO          928    i.usart_stop_bit_set  gd32f10x_usart.o
    0x080030cc   0x080030cc   0x00000010   Code   RO          932    i.usart_transmit_config  gd32f10x_usart.o
    0x080030dc   0x080030dc   0x00000010   Code   RO          933    i.usart_word_length_set  gd32f10x_usart.o
    0x080030ec   0x080030ec   0x0000002c   Code   RO         1942    locale$$code        c_w.l(lc_numeric_c.o)
    0x08003118   0x08003118   0x0000002c   Code   RO         1963    locale$$code        c_w.l(lc_ctype_c.o)
    0x08003144   0x08003144   0x00000004   Code   RO         1862    x$fpl$printf1       fz_ws.l(printf1.o)
    0x08003148   0x08003148   0x00000004   Code   RO         1864    x$fpl$printf2       fz_ws.l(printf2.o)
    0x0800314c   0x0800314c   0x00000000   Code   RO         1954    x$fpl$usenofp       fz_ws.l(usenofp.o)
    0x0800314c   0x0800314c   0x00000008   Data   RO         1786    .constdata          c_w.l(_printf_wctomb.o)
    0x08003154   0x08003154   0x00000028   Data   RO         1815    .constdata          c_w.l(_printf_hex_int_ll_ptr.o)
    0x0800317c   0x0800317c   0x00000011   Data   RO         1835    .constdata          c_w.l(__printf_flags_ss_wp.o)
    0x0800318d   0x0800318d   0x00000026   Data   RO         1892    .constdata          c_w.l(_printf_fp_hex.o)
    0x080031b3   0x080031b3   0x00000001   PAD
    0x080031b4   0x080031b4   0x00000094   Data   RO         1917    .constdata          c_w.l(bigflt0.o)
    0x08003248   0x08003248   0x00000010   Data   RO         2091    Region$$Table       anon$$obj.o
    0x08003258   0x08003258   0x0000001c   Data   RO         1941    locale$$data        c_w.l(lc_numeric_c.o)
    0x08003274   0x08003274   0x00000110   Data   RO         1962    locale$$data        c_w.l(lc_ctype_c.o)


    Execution Region RW_IRAM1 (Exec base: 0x20000000, Load base: 0x08003384, Size: 0x00000760, Max: 0x00005000, ABSOLUTE)

    Exec Addr    Load Addr    Size         Type   Attr      Idx    E Section Name        Object

    0x20000000        -       0x00000100   Zero   RW          208    .bss                usart.o
    0x20000100        -       0x00000060   Zero   RW         1958    .bss                c_w.l(libspace.o)
    0x20000160        -       0x00000200   Zero   RW          139    HEAP                startup_gd32f10x_md.o
    0x20000360        -       0x00000400   Zero   RW          138    STACK               startup_gd32f10x_md.o


==============================================================================

Image component sizes


      Code (inc. data)   RO Data    RW Data    ZI Data      Debug   Object Name

        94          0          0          0          0       1415   delay.o
       122          0          0          0          0       1756   fmc.o
       736         66          0          0          0       5119   gd32f10x_fmc.o
       196          0          0          0          0       2457   gd32f10x_gpio.o
        26          0          0          0          0       3974   gd32f10x_it.o
        64          8          0          0          0       1072   gd32f10x_misc.o
       736         66          0          0          0       4497   gd32f10x_rcu.o
       176          6          0          0          0       4087   gd32f10x_spi.o
       400         16          0          0          0       5165   gd32f10x_usart.o
        88         12          0          0          0       2119   hw_cpu.o
       500         28          0          0          0       3201   iic.o
       186          0          0          0          0       1893   m24c02.o
      1000        636          0          0          0      40331   main.o
       214         14          0          0          0       2682   spi.o
        64         26        260          0       1536        864   startup_gd32f10x_md.o
       416         30          0          0          0       2449   system_gd32f10x.o
       192         16          0          0        256       1866   usart.o
       164         14          0          0          0       2070   w25q64.o

    ----------------------------------------------------------------------
      5384        938        276          0       1792      87017   Object Totals
         0          0         16          0          0          0   (incl. Generated)
        10          0          0          0          0          0   (incl. Padding)

    ----------------------------------------------------------------------

      Code (inc. data)   RO Data    RW Data    ZI Data      Debug   Library Member Name

         8          0          0          0          0         68   __main.o
       392          4         17          0          0         92   __printf_flags_ss_wp.o
        14          0          0          0          0         68   __printf_wp.o
         0          0          0          0          0          0   __rtentry.o
        12          0          0          0          0          0   __rtentry2.o
         6          0          0          0          0          0   __rtentry4.o
        52          8          0          0          0          0   __scatter.o
        28          0          0          0          0          0   __scatter_zi.o
         6          0          0          0          0          0   _printf_a.o
         6          0          0          0          0          0   _printf_c.o
        44          0          0          0          0        108   _printf_char.o
        48          6          0          0          0         96   _printf_char_common.o
        40          0          0          0          0         68   _printf_charcount.o
         6          0          0          0          0          0   _printf_d.o
       120         16          0          0          0         92   _printf_dec.o
         6          0          0          0          0          0   _printf_e.o
         6          0          0          0          0          0   _printf_f.o
      1054          0          0          0          0        216   _printf_fp_dec.o
       764          8         38          0          0        100   _printf_fp_hex.o
       128         16          0          0          0         84   _printf_fp_infnan.o
         6          0          0          0          0          0   _printf_g.o
       148          4         40          0          0        160   _printf_hex_int_ll_ptr.o
         6          0          0          0          0          0   _printf_i.o
       178          0          0          0          0         88   _printf_intcommon.o
        10          0          0          0          0          0   _printf_l.o
         6          0          0          0          0          0   _printf_lc.o
        10          0          0          0          0          0   _printf_ll.o
         6          0          0          0          0          0   _printf_lld.o
         6          0          0          0          0          0   _printf_lli.o
         6          0          0          0          0          0   _printf_llo.o
         6          0          0          0          0          0   _printf_llu.o
         6          0          0          0          0          0   _printf_llx.o
       124         16          0          0          0         92   _printf_longlong_dec.o
         6          0          0          0          0          0   _printf_ls.o
         6          0          0          0          0          0   _printf_n.o
         6          0          0          0          0          0   _printf_o.o
       112         10          0          0          0        124   _printf_oct_int_ll.o
         6          0          0          0          0          0   _printf_p.o
        78          0          0          0          0        108   _printf_pad.o
         0          0          0          0          0          0   _printf_percent.o
         4          0          0          0          0          0   _printf_percent_end.o
         6          0          0          0          0          0   _printf_s.o
        82          0          0          0          0         80   _printf_str.o
        36          0          0          0          0         84   _printf_truncate.o
         6          0          0          0          0          0   _printf_u.o
        44          0          0          0          0        108   _printf_wchar.o
       188          6          8          0          0         92   _printf_wctomb.o
         6          0          0          0          0          0   _printf_x.o
        16          0          0          0          0         68   _snputc.o
        10          0          0          0          0         68   _sputc.o
        64          0          0          0          0         92   _wcrtomb.o
        16          0          0          0          0         68   aeabi_memset.o
       228          4        148          0          0         96   bigflt0.o
      1936        128          0          0          0        672   btod.o
        18          0          0          0          0         80   exit.o
         6          0          0          0          0        152   heapauxi.o
         0          0          0          0          0          0   indicate_semi.o
        44         10        272          0          0         76   lc_ctype_c.o
        44         10         28          0          0         76   lc_numeric_c.o
         2          0          0          0          0          0   libinit.o
        30          0          0          0          0          0   libinit2.o
         2          0          0          0          0          0   libshutdown.o
         2          0          0          0          0          0   libshutdown2.o
         8          4          0          0         96         68   libspace.o
       138          0          0          0          0         80   lludiv10.o
        16          4          0          0          0         76   rt_ctype_table.o
         8          4          0          0          0         68   rt_locale_intlibspace.o
        68          0          0          0          0         68   rt_memclr.o
        78          0          0          0          0         80   rt_memclr_w.o
         2          0          0          0          0          0   rtexit.o
        10          0          0          0          0          0   rtexit2.o
       128          0          0          0          0         68   strcmpv7m.o
        62          0          0          0          0         76   strlen.o
        12          4          0          0          0         68   sys_exit.o
        74          0          0          0          0         80   sys_stackheap_outer.o
         2          0          0          0          0         68   use_no_semi.o
        52          4          0          0          0         80   vsnprintf.o
         4          0          0          0          0         68   printf1.o
         4          0          0          0          0         68   printf2.o
         0          0          0          0          0          0   usenofp.o
        40          0          0          0          0         68   fpclassify.o

    ----------------------------------------------------------------------
      6976        266        552          0         96       4460   Library Totals
         8          0          1          0          0          0   (incl. Padding)

    ----------------------------------------------------------------------

      Code (inc. data)   RO Data    RW Data    ZI Data      Debug   Library Name

      6920        266        551          0         96       4256   c_w.l
         8          0          0          0          0        136   fz_ws.l
        40          0          0          0          0         68   m_ws.l

    ----------------------------------------------------------------------
      6976        266        552          0         96       4460   Library Totals

    ----------------------------------------------------------------------

==============================================================================


      Code (inc. data)   RO Data    RW Data    ZI Data      Debug   

     12360       1204        828          0       1888      85321   Grand Totals
     12360       1204        828          0       1888      85321   ELF Image Totals
     12360       1204        828          0          0          0   ROM Totals

==============================================================================

    Total RO  Size (Code + RO Data)                13188 (  12.88kB)
    Total RW  Size (RW Data + ZI Data)              1888 (   1.84kB)
    Total ROM Size (Code + RO Data + RW Data)      13188 (  12.88kB)

==============================================================================

